SLURM_JOBID:            58284270
SLURM_ARRAY_TASK_ID:    32
SLURM_ARRAY_JOB_ID:     58284250
SLURM_CPUS_PER_TASK:    8
Gurobi shell based on Python 3.12.3 can be launched with command `gurobi.sh`
Gurobi Python Interface can be loaded in Python 3.12.3 with 'import gurobipy'
Dominick's CG run — group 32
Found CSV: group032_FrozenEntrees_store050.csv  (category=FrozenEntrees, store=50)
Outputs:
  /vast/palmer/home.grace/hc654/Random-Utility-Models/Dominicks/scripts/results_runs/run_summary_g032.csv
  /vast/palmer/home.grace/hc654/Random-Utility-Models/Dominicks/scripts/results_runs/run_log_g032.txt
  /vast/palmer/home.grace/hc654/Random-Utility-Models/Dominicks/scripts/results_runs/run_details_g032.mat
  /vast/palmer/home.grace/hc654/Random-Utility-Models/Dominicks/scripts/results_runs/run_iptimes_g032.csv

Host: r919u01n02.grace.ycrc.yale.edu
CPU:  Intel(R) Xeon(R) Platinum 8268 CPU @ 2.90GHz
OS:   GLNXA64 | logical cores: 8 | MATLAB: 23.2.0.2428915 (R2023b) Update 4

n = 548 alternatives | 40046 observations | 207 unique menus | menu sizes 107..217

========================================================
  -- CG_IP --  (budget left: 86400.0 s)
========================================================
Starting column generation with 1 initial columns...
Pricing mode: IP
Generating choice sets only (rankings built on-demand)...
Using 40046 provided choice sets
✓ 40046 choice sets generated (no ranking enumeration needed)

B_IP_pricing_build: 15.71s (nvars=340350, ncons=62469007)
/var/spool/slurmd/job58284270/slurm_script: line 27: 3934653 Killed                  matlab -batch "addpath('/home/hc654/Random-Utility-Models/feasibility_analysis_binary_menus'); addpath(pwd); A_run_one_group($SLURM_ARRAY_TASK_ID)"
slurmstepd: error: Detected 1 oom_kill event in StepId=58284270.batch. Some of the step tasks have been OOM Killed.
