SLURM_JOBID:            58284265
SLURM_ARRAY_TASK_ID:    27
SLURM_ARRAY_JOB_ID:     58284250
SLURM_CPUS_PER_TASK:    8
Gurobi shell based on Python 3.12.3 can be launched with command `gurobi.sh`
Gurobi Python Interface can be loaded in Python 3.12.3 with 'import gurobipy'
Dominick's CG run — group 27
Found CSV: group027_Toothpastes_store050.csv  (category=Toothpastes, store=50)
Outputs:
  /vast/palmer/home.grace/hc654/Random-Utility-Models/Dominicks/scripts/results_runs/run_summary_g027.csv
  /vast/palmer/home.grace/hc654/Random-Utility-Models/Dominicks/scripts/results_runs/run_log_g027.txt
  /vast/palmer/home.grace/hc654/Random-Utility-Models/Dominicks/scripts/results_runs/run_details_g027.mat
  /vast/palmer/home.grace/hc654/Random-Utility-Models/Dominicks/scripts/results_runs/run_iptimes_g027.csv

Host: r918u09n03.grace.ycrc.yale.edu
CPU:  Intel(R) Xeon(R) Platinum 8268 CPU @ 2.90GHz
OS:   GLNXA64 | logical cores: 8 | MATLAB: 23.2.0.2428915 (R2023b) Update 4

n = 240 alternatives | 14155 observations | 209 unique menus | menu sizes 2..84

========================================================
  -- CG_IP --  (budget left: 86400.0 s)
========================================================
Starting column generation with 1 initial columns...
Pricing mode: IP
Generating choice sets only (rankings built on-demand)...
Using 14155 provided choice sets
✓ 14155 choice sets generated (no ranking enumeration needed)

B_IP_pricing_build: 0.97s (nvars=71753, ncons=5539440)
