SLURM_JOBID:            58284256
SLURM_ARRAY_TASK_ID:    18
SLURM_ARRAY_JOB_ID:     58284250
SLURM_CPUS_PER_TASK:    8
Gurobi shell based on Python 3.12.3 can be launched with command `gurobi.sh`
Gurobi Python Interface can be loaded in Python 3.12.3 with 'import gurobipy'
Dominick's CG run — group 18
Found CSV: group018_Cigarettes_store135.csv  (category=Cigarettes, store=135)
Outputs:
  /vast/palmer/home.grace/hc654/Random-Utility-Models/Dominicks/scripts/results_runs/run_summary_g018.csv
  /vast/palmer/home.grace/hc654/Random-Utility-Models/Dominicks/scripts/results_runs/run_log_g018.txt
  /vast/palmer/home.grace/hc654/Random-Utility-Models/Dominicks/scripts/results_runs/run_details_g018.mat
  /vast/palmer/home.grace/hc654/Random-Utility-Models/Dominicks/scripts/results_runs/run_iptimes_g018.csv

Host: r909u07n04.grace.ycrc.yale.edu
CPU:  Intel(R) Xeon(R) Platinum 8268 CPU @ 2.90GHz
OS:   GLNXA64 | logical cores: 8 | MATLAB: 23.2.0.2428915 (R2023b) Update 4

n = 350 alternatives | 4153 observations | 47 unique menus | menu sizes 38..169

========================================================
  -- CG_IP --  (budget left: 86400.0 s)
========================================================
Starting column generation with 1 initial columns...
Pricing mode: IP
Generating choice sets only (rankings built on-demand)...
Using 4153 provided choice sets
✓ 4153 choice sets generated (no ranking enumeration needed)

B_IP_pricing_build: 2.57s (nvars=126653, ncons=14665452)
/var/spool/slurmd/job58284256/slurm_script: line 27: 1408391 Killed                  matlab -batch "addpath('/home/hc654/Random-Utility-Models/feasibility_analysis_binary_menus'); addpath(pwd); A_run_one_group($SLURM_ARRAY_TASK_ID)"
slurmstepd: error: Detected 1 oom_kill event in StepId=58284256.batch. Some of the step tasks have been OOM Killed.
