SLURM_JOBID:            58284253
SLURM_ARRAY_TASK_ID:    15
SLURM_ARRAY_JOB_ID:     58284250
SLURM_CPUS_PER_TASK:    8
Gurobi shell based on Python 3.12.3 can be launched with command `gurobi.sh`
Gurobi Python Interface can be loaded in Python 3.12.3 with 'import gurobipy'
Dominick's CG run — group 15
Found CSV: group015_Juice_store143.csv  (category=Juice, store=143)
Outputs:
  /vast/palmer/home.grace/hc654/Random-Utility-Models/Dominicks/scripts/results_runs/run_summary_g015.csv
  /vast/palmer/home.grace/hc654/Random-Utility-Models/Dominicks/scripts/results_runs/run_log_g015.txt
  /vast/palmer/home.grace/hc654/Random-Utility-Models/Dominicks/scripts/results_runs/run_details_g015.mat
  /vast/palmer/home.grace/hc654/Random-Utility-Models/Dominicks/scripts/results_runs/run_iptimes_g015.csv

Host: r914u05n04.grace.ycrc.yale.edu
CPU:  Intel(R) Xeon(R) Platinum 8268 CPU @ 2.90GHz
OS:   GLNXA64 | logical cores: 8 | MATLAB: 23.2.0.2428915 (R2023b) Update 4

n = 213 alternatives | 6847 observations | 44 unique menus | menu sizes 129..178

========================================================
  -- CG_IP --  (budget left: 86400.0 s)
========================================================
Starting column generation with 1 initial columns...
Pricing mode: IP
Generating choice sets only (rankings built on-demand)...
Using 6847 provided choice sets
✓ 6847 choice sets generated (no ranking enumeration needed)

B_IP_pricing_build: 0.75s (nvars=52216, ncons=4266612)
  IP pricing time: 1568.0482 s (solve 1567.3395 s, gurobi.runtime 1565.3442 s)
Iter 1 | error = 45.143175 | best_score = 4.6859e+01 | FW gap = Inf | min = 4.6859e+01 |
  IP pricing time: 228.8815 s (solve 228.1786 s, gurobi.runtime 226.2496 s)
Iter 2 | error = 20.191804 | best_score = 2.3315e+01 | FW gap = Inf | min = 2.3315e+01 |
slurmstepd: error: *** JOB 58284253 ON r914u05n04 CANCELLED AT 2026-05-21T14:05:01 DUE TO TIME LIMIT ***
