SLURM_JOBID:            58284250
SLURM_ARRAY_TASK_ID:    33
SLURM_ARRAY_JOB_ID:     58284250
SLURM_CPUS_PER_TASK:    8
Gurobi shell based on Python 3.12.3 can be launched with command `gurobi.sh`
Gurobi Python Interface can be loaded in Python 3.12.3 with 'import gurobipy'
Dominick's CG run — group 33
Found CSV: group033_Shampoos_store091.csv  (category=Shampoos, store=91)
Outputs:
  /vast/palmer/home.grace/hc654/Random-Utility-Models/Dominicks/scripts/results_runs/run_summary_g033.csv
  /vast/palmer/home.grace/hc654/Random-Utility-Models/Dominicks/scripts/results_runs/run_log_g033.txt
  /vast/palmer/home.grace/hc654/Random-Utility-Models/Dominicks/scripts/results_runs/run_details_g033.mat
  /vast/palmer/home.grace/hc654/Random-Utility-Models/Dominicks/scripts/results_runs/run_iptimes_g033.csv

Host: r919u05n01.grace.ycrc.yale.edu
CPU:  Intel(R) Xeon(R) Platinum 8268 CPU @ 2.90GHz
OS:   GLNXA64 | logical cores: 8 | MATLAB: 23.2.0.2428915 (R2023b) Update 4

n = 1254 alternatives | 38221 observations | 210 unique menus | menu sizes 79..256

========================================================
  -- CG_IP --  (budget left: 86400.0 s)
========================================================
Starting column generation with 1 initial columns...
Pricing mode: IP
Generating choice sets only (rankings built on-demand)...
Using 38221 provided choice sets
✓ 38221 choice sets generated (no ranking enumeration needed)

/var/spool/slurmd/job58284250/slurm_script: line 27: 1979750 Killed                  matlab -batch "addpath('/home/hc654/Random-Utility-Models/feasibility_analysis_binary_menus'); addpath(pwd); A_run_one_group($SLURM_ARRAY_TASK_ID)"
slurmstepd: error: Detected 1 oom_kill event in StepId=58284250.batch. Some of the step tasks have been OOM Killed.
