SLURM_JOBID:            58284251
SLURM_ARRAY_TASK_ID:    13
SLURM_ARRAY_JOB_ID:     58284250
SLURM_CPUS_PER_TASK:    8
Gurobi shell based on Python 3.12.3 can be launched with command `gurobi.sh`
Gurobi Python Interface can be loaded in Python 3.12.3 with 'import gurobipy'
Dominick's CG run — group 13
Found CSV: group013_PaperTowels_store142.csv  (category=PaperTowels, store=142)
Outputs:
  /vast/palmer/home.grace/hc654/Random-Utility-Models/Dominicks/scripts/results_runs/run_summary_g013.csv
  /vast/palmer/home.grace/hc654/Random-Utility-Models/Dominicks/scripts/results_runs/run_log_g013.txt
  /vast/palmer/home.grace/hc654/Random-Utility-Models/Dominicks/scripts/results_runs/run_details_g013.mat
  /vast/palmer/home.grace/hc654/Random-Utility-Models/Dominicks/scripts/results_runs/run_iptimes_g013.csv

Host: r914u05n02.grace.ycrc.yale.edu
CPU:  Intel(R) Xeon(R) Platinum 8268 CPU @ 2.90GHz
OS:   GLNXA64 | logical cores: 8 | MATLAB: 23.2.0.2428915 (R2023b) Update 4

n = 35 alternatives | 271 observations | 9 unique menus | menu sizes 28..32

========================================================
  -- CG_IP --  (budget left: 86400.0 s)
========================================================
Starting column generation with 1 initial columns...
Pricing mode: IP
Generating choice sets only (rankings built on-demand)...
Using 271 provided choice sets
✓ 271 choice sets generated (no ranking enumeration needed)

B_IP_pricing_build: 0.04s (nvars=1496, ncons=21600)
  IP pricing time: 0.6789 s (solve 0.6644 s, gurobi.runtime 0.6347 s)
Iter 1 | error = 9.120147 | best_score = 9.4730e+00 | FW gap = Inf | min = 9.4730e+00 |
  IP pricing time: 0.6032 s (solve 0.5965 s, gurobi.runtime 0.5834 s)
Iter 2 | error = 4.134744 | best_score = 4.6551e+00 | FW gap = Inf | min = 4.6551e+00 |
  IP pricing time: 0.6218 s (solve 0.6166 s, gurobi.runtime 0.5953 s)
Iter 3 | error = 2.529542 | best_score = 3.1003e+00 | FW gap = Inf | min = 3.1003e+00 |
  IP pricing time: 0.6061 s (solve 0.5991 s, gurobi.runtime 0.5731 s)
Iter 4 | error = 1.728543 | best_score = 2.3180e+00 | FW gap = Inf | min = 2.3180e+00 |
  IP pricing time: 0.5071 s (solve 0.4963 s, gurobi.runtime 0.4804 s)
Iter 5 | error = 1.250916 | best_score = 1.8397e+00 | FW gap = Inf | min = 1.8397e+00 |
  IP pricing time: 0.5608 s (solve 0.5563 s, gurobi.runtime 0.5411 s)
Iter 6 | error = 0.937540 | best_score = 1.4969e+00 | FW gap = Inf | min = 1.4969e+00 |
  IP pricing time: 0.5605 s (solve 0.5561 s, gurobi.runtime 0.5348 s)
Iter 7 | error = 0.724145 | best_score = 1.1920e+00 | FW gap = Inf | min = 1.1920e+00 |
  IP pricing time: 0.6430 s (solve 0.6387 s, gurobi.runtime 0.6059 s)
Iter 8 | error = 0.586008 | best_score = 1.0421e+00 | FW gap = Inf | min = 1.0421e+00 |
  IP pricing time: 0.6308 s (solve 0.6265 s, gurobi.runtime 0.6111 s)
Iter 9 | error = 0.478749 | best_score = 7.8801e-01 | FW gap = Inf | min = 7.8801e-01 |
  IP pricing time: 0.6109 s (solve 0.6066 s, gurobi.runtime 0.5881 s)
Iter 10 | error = 0.416653 | best_score = 7.0115e-01 | FW gap = Inf | min = 7.0115e-01 |
  IP pricing time: 0.6014 s (solve 0.5971 s, gurobi.runtime 0.5818 s)
Iter 11 | error = 0.365444 | best_score = 5.4629e-01 | FW gap = Inf | min = 5.4629e-01 |
  IP pricing time: 0.5940 s (solve 0.5897 s, gurobi.runtime 0.5546 s)
Iter 12 | error = 0.335095 | best_score = 4.6907e-01 | FW gap = Inf | min = 4.6907e-01 |
  IP pricing time: 0.5615 s (solve 0.5572 s, gurobi.runtime 0.5321 s)
Iter 13 | error = 0.312557 | best_score = 4.2491e-01 | FW gap = Inf | min = 4.2491e-01 |
  IP pricing time: 1.1950 s (solve 1.1905 s, gurobi.runtime 1.1690 s)
Iter 14 | error = 0.293950 | best_score = 3.7463e-01 | FW gap = Inf | min = 3.7463e-01 |
  IP pricing time: 0.8461 s (solve 0.8417 s, gurobi.runtime 0.8107 s)
Iter 15 | error = 0.279026 | best_score = 3.4654e-01 | FW gap = Inf | min = 3.4654e-01 |
  IP pricing time: 0.6663 s (solve 0.6619 s, gurobi.runtime 0.6373 s)
Iter 16 | error = 0.266538 | best_score = 3.2125e-01 | FW gap = Inf | min = 3.2125e-01 |
  IP pricing time: 0.9979 s (solve 0.9936 s, gurobi.runtime 0.9749 s)
Iter 17 | error = 0.255762 | best_score = 2.9524e-01 | FW gap = Inf | min = 2.9524e-01 |
  IP pricing time: 1.0325 s (solve 1.0281 s, gurobi.runtime 1.0002 s)
Iter 18 | error = 0.246628 | best_score = 2.6218e-01 | FW gap = Inf | min = 2.6218e-01 |
  IP pricing time: 1.3938 s (solve 1.3894 s, gurobi.runtime 1.3573 s)
Iter 19 | error = 0.239400 | best_score = 2.4678e-01 | FW gap = Inf | min = 2.4678e-01 |
  IP pricing time: 1.0108 s (solve 1.0064 s, gurobi.runtime 0.9822 s)
Iter 20 | error = 0.232979 | best_score = 2.2076e-01 | FW gap = Inf | min = 2.2076e-01 |
  IP pricing time: 0.9338 s (solve 0.9295 s, gurobi.runtime 0.9079 s)
Iter 21 | error = 0.227827 | best_score = 1.9607e-01 | FW gap = Inf | min = 1.9607e-01 |
  IP pricing time: 1.0635 s (solve 1.0591 s, gurobi.runtime 1.0444 s)
Iter 22 | error = 0.223753 | best_score = 1.6037e-01 | FW gap = Inf | min = 1.6037e-01 |
  IP pricing time: 0.7095 s (solve 0.7051 s, gurobi.runtime 0.6725 s)
Iter 23 | error = 0.221022 | best_score = 1.4991e-01 | FW gap = Inf | min = 1.4991e-01 |
  IP pricing time: 0.8500 s (solve 0.8457 s, gurobi.runtime 0.8132 s)
Iter 24 | error = 0.218630 | best_score = 1.3789e-01 | FW gap = Inf | min = 1.3789e-01 |
  IP pricing time: 1.1226 s (solve 1.1183 s, gurobi.runtime 1.0961 s)
Iter 25 | error = 0.216604 | best_score = 1.2970e-01 | FW gap = Inf | min = 1.2970e-01 |
  IP pricing time: 0.8041 s (solve 0.7998 s, gurobi.runtime 0.7743 s)
Iter 26 | error = 0.214441 | best_score = 1.1107e-01 | FW gap = Inf | min = 1.1107e-01 |
  IP pricing time: 1.1488 s (solve 1.1444 s, gurobi.runtime 1.1273 s)
Iter 27 | error = 0.212162 | best_score = 1.0151e-01 | FW gap = 3.8190e+00 | min = 1.0151e-01 |
  IP pricing time: 1.2845 s (solve 1.2803 s, gurobi.runtime 1.2504 s)
Iter 28 | error = 0.211062 | best_score = 8.8753e-02 | FW gap = 1.5079e+00 | min = 8.8753e-02 |
  IP pricing time: 1.1111 s (solve 1.1067 s, gurobi.runtime 1.0722 s)
Iter 29 | error = 0.210163 | best_score = 8.5846e-02 | FW gap = 1.3373e+00 | min = 8.5846e-02 |
  IP pricing time: 1.1161 s (solve 1.1113 s, gurobi.runtime 1.0825 s)
Iter 30 | error = 0.208980 | best_score = 8.3708e-02 | FW gap = 1.2423e+00 | min = 8.3708e-02 |
  IP pricing time: 1.2075 s (solve 1.2030 s, gurobi.runtime 1.1695 s)
Iter 31 | error = 0.207131 | best_score = 7.8573e-02 | FW gap = 1.0357e+00 | min = 7.8573e-02 |
  IP pricing time: 1.2475 s (solve 1.2432 s, gurobi.runtime 1.2090 s)
Iter 32 | error = 0.206469 | best_score = 7.6728e-02 | FW gap = 9.7349e-01 | min = 7.6728e-02 |
  IP pricing time: 1.3528 s (solve 1.3484 s, gurobi.runtime 1.3143 s)
Iter 33 | error = 0.205219 | best_score = 5.8079e-02 | FW gap = 5.1797e-01 | min = 5.8079e-02 |
  IP pricing time: 1.0566 s (solve 1.0523 s, gurobi.runtime 1.0264 s)
Iter 34 | error = 0.204231 | best_score = 4.8386e-02 | FW gap = 3.7860e-01 | min = 4.8386e-02 |
  IP pricing time: 1.2319 s (solve 1.2276 s, gurobi.runtime 1.1963 s)
Iter 35 | error = 0.203979 | best_score = 3.8894e-02 | FW gap = 2.7139e-01 | min = 3.8894e-02 |
  IP pricing time: 1.0615 s (solve 1.0572 s, gurobi.runtime 1.0270 s)
Iter 36 | error = 0.203254 | best_score = 3.4339e-02 | FW gap = 2.2895e-01 | min = 3.4339e-02 |
  IP pricing time: 1.6668 s (solve 1.6625 s, gurobi.runtime 1.6360 s)
Iter 37 | error = 0.202538 | best_score = 2.5117e-02 | FW gap = 1.5318e-01 | min = 2.5117e-02 |
  IP pricing time: 1.5559 s (solve 1.5515 s, gurobi.runtime 1.5248 s)
Iter 38 | error = 0.202318 | best_score = 1.7772e-02 | FW gap = 1.0142e-01 | min = 1.7772e-02 |
  IP pricing time: 1.5195 s (solve 1.5149 s, gurobi.runtime 1.4798 s)
Iter 39 | error = 0.202098 | best_score = 1.9036e-02 | FW gap = 1.1000e-01 | min = 1.9036e-02 |
  IP pricing time: 1.3971 s (solve 1.3925 s, gurobi.runtime 1.3634 s)
Iter 40 | error = 0.201885 | best_score = 1.6650e-02 | FW gap = 9.4315e-02 | min = 1.6650e-02 |
  IP pricing time: 1.6096 s (solve 1.6052 s, gurobi.runtime 1.5784 s)
Iter 41 | error = 0.201724 | best_score = 1.5592e-02 | FW gap = 8.7590e-02 | min = 1.5592e-02 |
  IP pricing time: 1.4735 s (solve 1.4691 s, gurobi.runtime 1.4400 s)
Iter 42 | error = 0.201638 | best_score = 1.4059e-02 | FW gap = 7.7979e-02 | min = 1.4059e-02 |
  IP pricing time: 1.5435 s (solve 1.5392 s, gurobi.runtime 1.5097 s)
Iter 43 | error = 0.201435 | best_score = 1.1667e-02 | FW gap = 6.3490e-02 | min = 1.1667e-02 |
  IP pricing time: 1.5424 s (solve 1.5381 s, gurobi.runtime 1.5120 s)
Iter 44 | error = 0.201331 | best_score = 8.0546e-03 | FW gap = 4.2580e-02 | min = 8.0546e-03 |
Convergence Criterion Achieved (min(best_score, FW gap) = 8.0546e-03 < tol 1.0000e-02)
  CG_IP  status=ok  error=2.013307e-01  total=46.02s  iters=44  IP_calls=44  solve_tot=44.32s  gur_tot=43.18s

========================================================
  -- CG_heurIP --  (budget left: 86353.7 s)
========================================================
Starting column generation with 1 initial columns...
Pricing mode: bestinsertion_rand
Generating choice sets only (rankings built on-demand)...
Using 271 provided choice sets
✓ 271 choice sets generated (no ranking enumeration needed)

B_IP_pricing_build: 0.01s (nvars=1496, ncons=21600)
  CG_heurIP failed: Undefined function 'B_CG_heuristic_best_rand_cmex' for input arguments of type 'cell'.

========================================================
Done. group 13 (PaperTowels, store 142).
Summary: /vast/palmer/home.grace/hc654/Random-Utility-Models/Dominicks/scripts/results_runs/run_summary_g013.csv
Details: /vast/palmer/home.grace/hc654/Random-Utility-Models/Dominicks/scripts/results_runs/run_details_g013.mat
========================================================
