SLURM_JOBID:            58284268
SLURM_ARRAY_TASK_ID:    30
SLURM_ARRAY_JOB_ID:     58284250
SLURM_CPUS_PER_TASK:    8
Gurobi shell based on Python 3.12.3 can be launched with command `gurobi.sh`
Gurobi Python Interface can be loaded in Python 3.12.3 with 'import gurobipy'
Dominick's CG run — group 30
Found CSV: group030_Cheese_store097.csv  (category=Cheese, store=97)
Outputs:
  /vast/palmer/home.grace/hc654/Random-Utility-Models/Dominicks/scripts/results_runs/run_summary_g030.csv
  /vast/palmer/home.grace/hc654/Random-Utility-Models/Dominicks/scripts/results_runs/run_log_g030.txt
  /vast/palmer/home.grace/hc654/Random-Utility-Models/Dominicks/scripts/results_runs/run_details_g030.mat
  /vast/palmer/home.grace/hc654/Random-Utility-Models/Dominicks/scripts/results_runs/run_iptimes_g030.csv

Host: r918u36n04.grace.ycrc.yale.edu
CPU:  Intel(R) Xeon(R) Platinum 8268 CPU @ 2.90GHz
OS:   GLNXA64 | logical cores: 8 | MATLAB: 23.2.0.2428915 (R2023b) Update 4

n = 403 alternatives | 43319 observations | 223 unique menus | menu sizes 81..223

========================================================
  -- CG_IP --  (budget left: 86400.0 s)
========================================================
Starting column generation with 1 initial columns...
Pricing mode: IP
Generating choice sets only (rankings built on-demand)...
Using 43319 provided choice sets
✓ 43319 choice sets generated (no ranking enumeration needed)

B_IP_pricing_build: 7.34s (nvars=205728, ncons=30148450)
/var/spool/slurmd/job58284268/slurm_script: line 27: 2473719 Killed                  matlab -batch "addpath('/home/hc654/Random-Utility-Models/feasibility_analysis_binary_menus'); addpath(pwd); A_run_one_group($SLURM_ARRAY_TASK_ID)"
slurmstepd: error: Detected 1 oom_kill event in StepId=58284268.batch. Some of the step tasks have been OOM Killed.
