SLURM_JOBID:  58254192
SLURM_ARRAY_TASK_ID:  18
SLURM_ARRAY_JOB_ID:  58254188
Gurobi shell based on Python 3.12.3 can be launched with command `gurobi.sh`
Gurobi Python Interface can be loaded in Python 3.12.3 with 'import gurobipy'
RUM estimation on all-binary-menu synthetic data (n = 18)
Running 5 seeds. Outputs:
  /vast/palmer/home.grace/hc654/Random-Utility-Models/feasibility_analysis_binary_menus/results_runs/run_summary_n018.csv
  /vast/palmer/home.grace/hc654/Random-Utility-Models/feasibility_analysis_binary_menus/results_runs/run_log_n018.txt
  /vast/palmer/home.grace/hc654/Random-Utility-Models/feasibility_analysis_binary_menus/results_runs/run_details_n018.mat
  /vast/palmer/home.grace/hc654/Random-Utility-Models/feasibility_analysis_binary_menus/results_runs/run_iptimes_n018.csv

Host: r816u35n05.grace.ycrc.yale.edu
CPU:  Intel(R) Xeon(R) Gold 6342 CPU @ 2.80GHz
OS:   GLNXA64 | logical cores: 4 | MATLAB: 23.2.0.2428915 (R2023b) Update 4


========================================================
[1/5] n = 18, seed = 1  (all binary menus)
========================================================
[fractions mode] counts(s) = round(frac(s) * C(n,s))  (total 153 menus).
Generating fake data for n=18 alternatives, 153 menus (Dirichlet probs)...
Generated 306 rows from 153 menus (153 unique).
Menu size distribution actually drawn:
  size 2: 153 menus (100.0%)

n = 18 | 306 observations | 153 unique menus | menu sizes 2..2

  -- CG_IP --  (budget: 604800.0 s)
Starting column generation with 1 initial columns...
Pricing mode: IP
Generating choice sets only (rankings built on-demand)...
Using 306 provided choice sets
✓ 306 choice sets generated (no ranking enumeration needed)

B_IP_pricing_build: 0.03s (nvars=324, ncons=1785)
  IP pricing time: 0.1049 s (solve 0.0742 s, gurobi.runtime 0.0093 s)
Iter 1 | error = 108.552156 | best_score = 158.1186 |
   IP pricing time: 0.0344 s (solve 0.0311 s, gurobi.runtime 0.0149 s)
Iter 2 | error = 26.847910 | best_score = 21.2526 |
   IP pricing time: 0.0184 s (solve 0.0166 s, gurobi.runtime 0.0115 s)
Iter 3 | error = 20.931283 | best_score = 17.5725 |
   IP pricing time: 0.0503 s (solve 0.0472 s, gurobi.runtime 0.0320 s)
Iter 4 | error = 16.894397 | best_score = 15.7861 |
   IP pricing time: 0.0392 s (solve 0.0324 s, gurobi.runtime 0.0114 s)
Iter 5 | error = 12.105068 | best_score = 12.7197 |
   IP pricing time: 0.0177 s (solve 0.0166 s, gurobi.runtime 0.0119 s)
Iter 6 | error = 10.303675 | best_score = 7.9670 |
   IP pricing time: 0.0369 s (solve 0.0359 s, gurobi.runtime 0.0146 s)
Iter 7 | error = 9.485293 | best_score = 6.0014 |
   IP pricing time: 0.0260 s (solve 0.0251 s, gurobi.runtime 0.0118 s)
Iter 8 | error = 9.027470 | best_score = 5.5092 |
   IP pricing time: 0.0250 s (solve 0.0240 s, gurobi.runtime 0.0136 s)
Iter 9 | error = 8.637442 | best_score = 4.5313 |
   IP pricing time: 0.0650 s (solve 0.0641 s, gurobi.runtime 0.0559 s)
Iter 10 | error = 8.249423 | best_score = 3.3385 |
   IP pricing time: 0.0573 s (solve 0.0564 s, gurobi.runtime 0.0513 s)
Iter 11 | error = 8.051573 | best_score = 3.0886 |
   IP pricing time: 0.1028 s (solve 0.1020 s, gurobi.runtime 0.0971 s)
Iter 12 | error = 7.896172 | best_score = 2.5251 |
   IP pricing time: 0.0615 s (solve 0.0606 s, gurobi.runtime 0.0568 s)
Iter 13 | error = 7.791349 | best_score = 2.4190 |
   IP pricing time: 0.0706 s (solve 0.0697 s, gurobi.runtime 0.0419 s)
Iter 14 | error = 7.668531 | best_score = 2.1737 |
   IP pricing time: 0.0817 s (solve 0.0808 s, gurobi.runtime 0.0764 s)
Iter 15 | error = 7.586966 | best_score = 1.7694 |
   IP pricing time: 0.0186 s (solve 0.0177 s, gurobi.runtime 0.0134 s)
Iter 16 | error = 7.521181 | best_score = 2.1348 |
   IP pricing time: 0.1864 s (solve 0.1855 s, gurobi.runtime 0.1788 s)
Iter 17 | error = 7.429813 | best_score = 1.6808 |
   IP pricing time: 0.0560 s (solve 0.0551 s, gurobi.runtime 0.0498 s)
Iter 18 | error = 7.364005 | best_score = 1.5954 |
   IP pricing time: 0.0451 s (solve 0.0443 s, gurobi.runtime 0.0141 s)
Iter 19 | error = 7.302200 | best_score = 1.8341 |
   IP pricing time: 0.0845 s (solve 0.0836 s, gurobi.runtime 0.0794 s)
Iter 20 | error = 7.246061 | best_score = 1.2598 |
   IP pricing time: 0.1773 s (solve 0.1764 s, gurobi.runtime 0.1684 s)
Iter 21 | error = 7.183738 | best_score = 1.1318 |
   IP pricing time: 0.0837 s (solve 0.0828 s, gurobi.runtime 0.0786 s)
Iter 22 | error = 7.144371 | best_score = 1.2483 |
   IP pricing time: 0.2188 s (solve 0.2180 s, gurobi.runtime 0.2039 s)
Iter 23 | error = 7.109268 | best_score = 1.0086 |
   IP pricing time: 0.0991 s (solve 0.0982 s, gurobi.runtime 0.0935 s)
Iter 24 | error = 7.076345 | best_score = 1.1440 |
   IP pricing time: 0.1141 s (solve 0.1132 s, gurobi.runtime 0.1085 s)
Iter 25 | error = 7.036448 | best_score = 1.1242 |
   IP pricing time: 0.1789 s (solve 0.1779 s, gurobi.runtime 0.1705 s)
Iter 26 | error = 7.009507 | best_score = 0.8680 |
   IP pricing time: 0.1547 s (solve 0.1537 s, gurobi.runtime 0.1415 s)
Iter 27 | error = 6.979672 | best_score = 0.8716 |
   IP pricing time: 0.2330 s (solve 0.2321 s, gurobi.runtime 0.2192 s)
Iter 28 | error = 6.951951 | best_score = 0.7081 |
   IP pricing time: 0.2258 s (solve 0.2249 s, gurobi.runtime 0.2166 s)
Iter 29 | error = 6.927620 | best_score = 0.8073 |
   IP pricing time: 0.2276 s (solve 0.2267 s, gurobi.runtime 0.2208 s)
Iter 30 | error = 6.911487 | best_score = 0.7807 |
   IP pricing time: 0.3418 s (solve 0.3409 s, gurobi.runtime 0.3317 s)
Iter 31 | error = 6.886003 | best_score = 0.6416 |
   IP pricing time: 0.3329 s (solve 0.3319 s, gurobi.runtime 0.3075 s)
Iter 32 | error = 6.873206 | best_score = 0.5163 |
   IP pricing time: 0.1956 s (solve 0.1947 s, gurobi.runtime 0.1906 s)
Iter 33 | error = 6.861975 | best_score = 0.6023 |
   IP pricing time: 0.2185 s (solve 0.2176 s, gurobi.runtime 0.2002 s)
Iter 34 | error = 6.848167 | best_score = 0.7107 |
   IP pricing time: 0.2333 s (solve 0.2324 s, gurobi.runtime 0.2203 s)
Iter 35 | error = 6.829022 | best_score = 0.5528 |
   IP pricing time: 0.3314 s (solve 0.3305 s, gurobi.runtime 0.3168 s)
Iter 36 | error = 6.817920 | best_score = 0.4846 |
   IP pricing time: 0.2321 s (solve 0.2312 s, gurobi.runtime 0.2174 s)
Iter 37 | error = 6.804000 | best_score = 0.5529 |
   IP pricing time: 0.1153 s (solve 0.1143 s, gurobi.runtime 0.1022 s)
Iter 38 | error = 6.791046 | best_score = 0.6419 |
   IP pricing time: 0.3512 s (solve 0.3503 s, gurobi.runtime 0.3424 s)
Iter 39 | error = 6.774453 | best_score = 0.4581 |
   IP pricing time: 0.3555 s (solve 0.3546 s, gurobi.runtime 0.3434 s)
Iter 40 | error = 6.766926 | best_score = 0.4455 |
   IP pricing time: 0.3399 s (solve 0.3390 s, gurobi.runtime 0.3253 s)
Iter 41 | error = 6.756157 | best_score = 0.4301 |
   IP pricing time: 0.3599 s (solve 0.3587 s, gurobi.runtime 0.3516 s)
Iter 42 | error = 6.749495 | best_score = 0.4167 |
   IP pricing time: 0.3760 s (solve 0.3750 s, gurobi.runtime 0.3644 s)
Iter 43 | error = 6.741940 | best_score = 0.3833 |
   IP pricing time: 0.3633 s (solve 0.3624 s, gurobi.runtime 0.3507 s)
Iter 44 | error = 6.731316 | best_score = 0.4223 |
   IP pricing time: 0.3269 s (solve 0.3260 s, gurobi.runtime 0.3163 s)
Iter 45 | error = 6.725233 | best_score = 0.4191 |
   IP pricing time: 0.3621 s (solve 0.3612 s, gurobi.runtime 0.3098 s)
Iter 46 | error = 6.718594 | best_score = 0.4163 |
   IP pricing time: 0.3345 s (solve 0.3336 s, gurobi.runtime 0.3258 s)
Iter 47 | error = 6.711815 | best_score = 0.4278 |
   IP pricing time: 0.3231 s (solve 0.3222 s, gurobi.runtime 0.3110 s)
Iter 48 | error = 6.702447 | best_score = 0.3729 |
   IP pricing time: 0.3235 s (solve 0.3226 s, gurobi.runtime 0.3120 s)
Iter 49 | error = 6.693539 | best_score = 0.3615 |
   IP pricing time: 0.3835 s (solve 0.3826 s, gurobi.runtime 0.3264 s)
Iter 50 | error = 6.688733 | best_score = 0.2932 |
   IP pricing time: 0.3674 s (solve 0.3664 s, gurobi.runtime 0.3596 s)
Iter 51 | error = 6.684073 | best_score = 0.3140 |
   IP pricing time: 0.3346 s (solve 0.3337 s, gurobi.runtime 0.3214 s)
Iter 52 | error = 6.677932 | best_score = 0.3042 |
   IP pricing time: 0.3105 s (solve 0.3095 s, gurobi.runtime 0.2924 s)
Iter 53 | error = 6.671799 | best_score = 0.2984 |
   IP pricing time: 0.3412 s (solve 0.3403 s, gurobi.runtime 0.3304 s)
Iter 54 | error = 6.665319 | best_score = 0.2881 |
   IP pricing time: 0.3952 s (solve 0.3943 s, gurobi.runtime 0.3696 s)
Iter 55 | error = 6.659256 | best_score = 0.2266 |
   IP pricing time: 0.4886 s (solve 0.4877 s, gurobi.runtime 0.4719 s)
Iter 56 | error = 6.657111 | best_score = 0.2075 |
   IP pricing time: 0.3895 s (solve 0.3886 s, gurobi.runtime 0.3790 s)
Iter 57 | error = 6.653989 | best_score = 0.2060 |
   IP pricing time: 0.4164 s (solve 0.4155 s, gurobi.runtime 0.4039 s)
Iter 58 | error = 6.650919 | best_score = 0.2151 |
   IP pricing time: 0.4283 s (solve 0.4273 s, gurobi.runtime 0.4096 s)
Iter 59 | error = 6.648331 | best_score = 0.1722 |
   IP pricing time: 0.4575 s (solve 0.4565 s, gurobi.runtime 0.4483 s)
Iter 60 | error = 6.645787 | best_score = 0.1889 |
   IP pricing time: 0.5419 s (solve 0.5410 s, gurobi.runtime 0.5283 s)
Iter 61 | error = 6.643786 | best_score = 0.1387 |
   IP pricing time: 0.5422 s (solve 0.5414 s, gurobi.runtime 0.5242 s)
Iter 62 | error = 6.642090 | best_score = 0.1401 |
   IP pricing time: 0.5552 s (solve 0.5542 s, gurobi.runtime 0.5482 s)
Iter 63 | error = 6.639683 | best_score = 0.1278 |
   IP pricing time: 0.5448 s (solve 0.5438 s, gurobi.runtime 0.5278 s)
Iter 64 | error = 6.638295 | best_score = 0.1096 |
   IP pricing time: 0.5872 s (solve 0.5863 s, gurobi.runtime 0.5727 s)
Iter 65 | error = 6.637078 | best_score = 0.1123 |
   IP pricing time: 0.5607 s (solve 0.5598 s, gurobi.runtime 0.5484 s)
Iter 66 | error = 6.636068 | best_score = 0.1045 |
   IP pricing time: 0.5629 s (solve 0.5620 s, gurobi.runtime 0.5439 s)
Iter 67 | error = 6.634278 | best_score = 0.1055 |
   IP pricing time: 0.6480 s (solve 0.6472 s, gurobi.runtime 0.6363 s)
Iter 68 | error = 6.633132 | best_score = 0.0976 |
   IP pricing time: 0.6200 s (solve 0.6191 s, gurobi.runtime 0.6064 s)
Iter 69 | error = 6.632122 | best_score = 0.0825 |
   IP pricing time: 0.5484 s (solve 0.5472 s, gurobi.runtime 0.5357 s)
Iter 70 | error = 6.631454 | best_score = 0.0862 |
   IP pricing time: 0.5798 s (solve 0.5788 s, gurobi.runtime 0.5653 s)
Iter 71 | error = 6.630790 | best_score = 0.0902 |
   IP pricing time: 0.6442 s (solve 0.6433 s, gurobi.runtime 0.6267 s)
Iter 72 | error = 6.630273 | best_score = 0.0766 |
   IP pricing time: 0.6840 s (solve 0.6830 s, gurobi.runtime 0.6731 s)
Iter 73 | error = 6.629735 | best_score = 0.0802 |
   IP pricing time: 0.6517 s (solve 0.6507 s, gurobi.runtime 0.6039 s)
Iter 74 | error = 6.629163 | best_score = 0.0736 |
   IP pricing time: 0.7488 s (solve 0.7479 s, gurobi.runtime 0.7404 s)
Iter 75 | error = 6.628689 | best_score = 0.0707 |
   IP pricing time: 0.6649 s (solve 0.6640 s, gurobi.runtime 0.6520 s)
Iter 76 | error = 6.627773 | best_score = 0.0727 |
   IP pricing time: 0.6840 s (solve 0.6830 s, gurobi.runtime 0.6680 s)
Iter 77 | error = 6.627323 | best_score = 0.0889 |
   IP pricing time: 0.7528 s (solve 0.7519 s, gurobi.runtime 0.7273 s)
Iter 78 | error = 6.626355 | best_score = 0.0847 |
   IP pricing time: 0.6611 s (solve 0.6602 s, gurobi.runtime 0.6442 s)
Iter 79 | error = 6.625585 | best_score = 0.0629 |
   IP pricing time: 0.6898 s (solve 0.6888 s, gurobi.runtime 0.6803 s)
Iter 80 | error = 6.625052 | best_score = 0.0543 |
   IP pricing time: 0.7399 s (solve 0.7390 s, gurobi.runtime 0.7296 s)
Iter 81 | error = 6.624759 | best_score = 0.0518 |
   IP pricing time: 0.8798 s (solve 0.8788 s, gurobi.runtime 0.8667 s)
Iter 82 | error = 6.624393 | best_score = 0.0452 |
   IP pricing time: 0.5807 s (solve 0.5798 s, gurobi.runtime 0.5708 s)
Iter 83 | error = 6.624101 | best_score = 0.0580 |
   IP pricing time: 0.7014 s (solve 0.7005 s, gurobi.runtime 0.6854 s)
Iter 84 | error = 6.623742 | best_score = 0.0469 |
   IP pricing time: 0.6600 s (solve 0.6590 s, gurobi.runtime 0.6457 s)
Iter 85 | error = 6.623262 | best_score = 0.0426 |
   IP pricing time: 0.7307 s (solve 0.7297 s, gurobi.runtime 0.7067 s)
Iter 86 | error = 6.622885 | best_score = 0.0435 |
   IP pricing time: 0.7863 s (solve 0.7850 s, gurobi.runtime 0.7719 s)
Iter 87 | error = 6.622679 | best_score = 0.0367 |
   IP pricing time: 0.7756 s (solve 0.7746 s, gurobi.runtime 0.7582 s)
Iter 88 | error = 6.622466 | best_score = 0.0419 |
   IP pricing time: 0.7611 s (solve 0.7602 s, gurobi.runtime 0.7545 s)
Iter 89 | error = 6.622091 | best_score = 0.0391 |
   IP pricing time: 0.8586 s (solve 0.8577 s, gurobi.runtime 0.8465 s)
Iter 90 | error = 6.621835 | best_score = 0.0363 |
   IP pricing time: 0.7384 s (solve 0.7375 s, gurobi.runtime 0.7279 s)
Iter 91 | error = 6.621594 | best_score = 0.0396 |
   IP pricing time: 0.7818 s (solve 0.7809 s, gurobi.runtime 0.7641 s)
Iter 92 | error = 6.621339 | best_score = 0.0329 |
   IP pricing time: 0.8946 s (solve 0.8937 s, gurobi.runtime 0.8807 s)
Iter 93 | error = 6.621060 | best_score = 0.0324 |
   IP pricing time: 0.7777 s (solve 0.7767 s, gurobi.runtime 0.7683 s)
Iter 94 | error = 6.620683 | best_score = 0.0389 |
   IP pricing time: 0.6921 s (solve 0.6912 s, gurobi.runtime 0.6690 s)
Iter 95 | error = 6.619810 | best_score = 0.0616 |
   IP pricing time: 0.7749 s (solve 0.7740 s, gurobi.runtime 0.7645 s)
Iter 96 | error = 6.619210 | best_score = 0.0295 |
   IP pricing time: 0.7252 s (solve 0.7243 s, gurobi.runtime 0.7158 s)
Iter 97 | error = 6.618873 | best_score = 0.0340 |
   IP pricing time: 1.0912 s (solve 1.0902 s, gurobi.runtime 1.0742 s)
Iter 98 | error = 6.618092 | best_score = 0.0340 |
   IP pricing time: 0.7914 s (solve 0.7905 s, gurobi.runtime 0.7700 s)
Iter 99 | error = 6.617754 | best_score = 0.0321 |
   IP pricing time: 0.9924 s (solve 0.9914 s, gurobi.runtime 0.9733 s)
Iter 100 | error = 6.617466 | best_score = 0.0275 |
   IP pricing time: 0.6649 s (solve 0.6640 s, gurobi.runtime 0.6587 s)
Iter 101 | error = 6.617024 | best_score = 0.0280 |
   IP pricing time: 0.8003 s (solve 0.7994 s, gurobi.runtime 0.7817 s)
Iter 102 | error = 6.616839 | best_score = 0.0228 |
   IP pricing time: 0.7476 s (solve 0.7467 s, gurobi.runtime 0.7415 s)
Iter 103 | error = 6.616679 | best_score = 0.0205 |
   IP pricing time: 0.7591 s (solve 0.7582 s, gurobi.runtime 0.7489 s)
Iter 104 | error = 6.616598 | best_score = 0.0224 |
   IP pricing time: 0.8001 s (solve 0.7991 s, gurobi.runtime 0.7820 s)
Iter 105 | error = 6.616320 | best_score = 0.0185 |
   IP pricing time: 0.8446 s (solve 0.8434 s, gurobi.runtime 0.8157 s)
Iter 106 | error = 6.616231 | best_score = 0.0207 |
   IP pricing time: 0.7860 s (solve 0.7848 s, gurobi.runtime 0.7758 s)
Iter 107 | error = 6.616031 | best_score = 0.0171 |
   IP pricing time: 0.8227 s (solve 0.8218 s, gurobi.runtime 0.8081 s)
Iter 108 | error = 6.615874 | best_score = 0.0223 |
   IP pricing time: 0.9795 s (solve 0.9785 s, gurobi.runtime 0.9691 s)
Iter 109 | error = 6.615752 | best_score = 0.0195 |
   IP pricing time: 0.8731 s (solve 0.8722 s, gurobi.runtime 0.8567 s)
Iter 110 | error = 6.615557 | best_score = 0.0171 |
   IP pricing time: 0.8159 s (solve 0.8150 s, gurobi.runtime 0.8053 s)
Iter 111 | error = 6.615371 | best_score = 0.0129 |
   IP pricing time: 0.7836 s (solve 0.7826 s, gurobi.runtime 0.7684 s)
Iter 112 | error = 6.615228 | best_score = 0.0113 |
   IP pricing time: 1.0807 s (solve 1.0797 s, gurobi.runtime 1.0657 s)
Iter 113 | error = 6.615164 | best_score = 0.0136 |
   IP pricing time: 0.8297 s (solve 0.8287 s, gurobi.runtime 0.8111 s)
Iter 114 | error = 6.615131 | best_score = 0.0108 |
   IP pricing time: 0.8796 s (solve 0.8787 s, gurobi.runtime 0.8683 s)
Iter 115 | error = 6.615100 | best_score = 0.0097 |
   IP pricing time: 0.7508 s (solve 0.7498 s, gurobi.runtime 0.7412 s)
Iter 116 | error = 6.615062 | best_score = 0.0092 |
   IP pricing time: 1.0847 s (solve 1.0837 s, gurobi.runtime 1.0750 s)
Iter 117 | error = 6.614990 | best_score = 0.0114 |
   IP pricing time: 0.8750 s (solve 0.8741 s, gurobi.runtime 0.8503 s)
Iter 118 | error = 6.614936 | best_score = 0.0062 |
   IP pricing time: 0.8577 s (solve 0.8567 s, gurobi.runtime 0.8428 s)
Iter 119 | error = 6.614917 | best_score = 0.0052 |
   IP pricing time: 0.8096 s (solve 0.8087 s, gurobi.runtime 0.8030 s)
Iter 120 | error = 6.614900 | best_score = 0.0062 |
   IP pricing time: 0.9186 s (solve 0.9177 s, gurobi.runtime 0.9036 s)
Iter 121 | error = 6.614878 | best_score = 0.0044 |
   IP pricing time: 1.3158 s (solve 1.3149 s, gurobi.runtime 1.2999 s)
Iter 122 | error = 6.614865 | best_score = 0.0032 |
   IP pricing time: 0.9665 s (solve 0.9655 s, gurobi.runtime 0.9450 s)
Iter 123 | error = 6.614859 | best_score = 0.0037 |
   IP pricing time: 0.8522 s (solve 0.8512 s, gurobi.runtime 0.8390 s)
Iter 124 | error = 6.614839 | best_score = 0.0028 |
   IP pricing time: 0.9274 s (solve 0.9265 s, gurobi.runtime 0.9206 s)
Iter 125 | error = 6.614833 | best_score = 0.0015 |
   IP pricing time: 0.8457 s (solve 0.8447 s, gurobi.runtime 0.8090 s)
Iter 126 | error = 6.614831 | best_score = 0.0007 |
   IP pricing time: 0.8501 s (solve 0.8492 s, gurobi.runtime 0.8349 s)
Iter 127 | error = 6.614831 | best_score = 0.0006 |
   IP pricing time: 0.7733 s (solve 0.7723 s, gurobi.runtime 0.7669 s)
Iter 128 | error = 6.614830 | best_score = 0.0003 |
   IP pricing time: 0.8978 s (solve 0.8965 s, gurobi.runtime 0.8832 s)
Iter 129 | error = 6.614830 | best_score = 0.0000 |
 Convergence Criterion Achieved (reduced_cost 3.3236e-05 < tol)
  CG_IP  status=ok  error=6.614830e+00  total=69.95s  iters=129  IP_calls=129  build=0.03s  solve_tot=66.26s  gur_tot=64.49s

========================================================
[2/5] n = 18, seed = 2  (all binary menus)
========================================================
[fractions mode] counts(s) = round(frac(s) * C(n,s))  (total 153 menus).
Generating fake data for n=18 alternatives, 153 menus (Dirichlet probs)...
Generated 306 rows from 153 menus (153 unique).
Menu size distribution actually drawn:
  size 2: 153 menus (100.0%)

n = 18 | 306 observations | 153 unique menus | menu sizes 2..2

  -- CG_IP --  (budget: 604800.0 s)
Starting column generation with 1 initial columns...
Pricing mode: IP
Generating choice sets only (rankings built on-demand)...
Using 306 provided choice sets
✓ 306 choice sets generated (no ranking enumeration needed)

B_IP_pricing_build: 0.01s (nvars=324, ncons=1785)
  IP pricing time: 0.0293 s (solve 0.0246 s, gurobi.runtime 0.0082 s)
Iter 1 | error = 107.647014 | best_score = 156.7960 |
   IP pricing time: 0.0286 s (solve 0.0267 s, gurobi.runtime 0.0105 s)
Iter 2 | error = 27.303934 | best_score = 23.3774 |
   IP pricing time: 0.0308 s (solve 0.0298 s, gurobi.runtime 0.0142 s)
Iter 3 | error = 19.964109 | best_score = 18.1716 |
   IP pricing time: 0.0205 s (solve 0.0195 s, gurobi.runtime 0.0119 s)
Iter 4 | error = 15.324303 | best_score = 16.9975 |
   IP pricing time: 0.0676 s (solve 0.0666 s, gurobi.runtime 0.0508 s)
Iter 5 | error = 11.324228 | best_score = 11.4040 |
   IP pricing time: 0.0200 s (solve 0.0191 s, gurobi.runtime 0.0110 s)
Iter 6 | error = 9.766477 | best_score = 8.0177 |
   IP pricing time: 0.0319 s (solve 0.0310 s, gurobi.runtime 0.0265 s)
Iter 7 | error = 8.934601 | best_score = 6.7792 |
   IP pricing time: 0.0183 s (solve 0.0173 s, gurobi.runtime 0.0133 s)
Iter 8 | error = 8.306959 | best_score = 4.2782 |
   IP pricing time: 0.0177 s (solve 0.0167 s, gurobi.runtime 0.0122 s)
Iter 9 | error = 8.027026 | best_score = 4.0477 |
   IP pricing time: 0.0166 s (solve 0.0157 s, gurobi.runtime 0.0117 s)
Iter 10 | error = 7.750395 | best_score = 3.8322 |
   IP pricing time: 0.0163 s (solve 0.0154 s, gurobi.runtime 0.0114 s)
Iter 11 | error = 7.488212 | best_score = 2.8383 |
   IP pricing time: 0.1149 s (solve 0.1140 s, gurobi.runtime 0.1037 s)
Iter 12 | error = 7.326919 | best_score = 2.4355 |
   IP pricing time: 0.0202 s (solve 0.0193 s, gurobi.runtime 0.0151 s)
Iter 13 | error = 7.202026 | best_score = 2.2972 |
   IP pricing time: 0.0671 s (solve 0.0661 s, gurobi.runtime 0.0612 s)
Iter 14 | error = 7.083976 | best_score = 2.0580 |
   IP pricing time: 0.0693 s (solve 0.0684 s, gurobi.runtime 0.0640 s)
Iter 15 | error = 6.993767 | best_score = 2.0719 |
   IP pricing time: 0.0336 s (solve 0.0326 s, gurobi.runtime 0.0278 s)
Iter 16 | error = 6.892292 | best_score = 2.1563 |
   IP pricing time: 0.0182 s (solve 0.0173 s, gurobi.runtime 0.0130 s)
Iter 17 | error = 6.790182 | best_score = 1.8810 |
   IP pricing time: 0.0475 s (solve 0.0466 s, gurobi.runtime 0.0424 s)
Iter 18 | error = 6.726228 | best_score = 1.4870 |
   IP pricing time: 0.0181 s (solve 0.0172 s, gurobi.runtime 0.0131 s)
Iter 19 | error = 6.685423 | best_score = 1.6535 |
   IP pricing time: 0.0717 s (solve 0.0708 s, gurobi.runtime 0.0667 s)
Iter 20 | error = 6.609606 | best_score = 1.3553 |
   IP pricing time: 0.0514 s (solve 0.0505 s, gurobi.runtime 0.0460 s)
Iter 21 | error = 6.566865 | best_score = 1.3612 |
   IP pricing time: 0.0544 s (solve 0.0535 s, gurobi.runtime 0.0494 s)
Iter 22 | error = 6.520721 | best_score = 1.1307 |
   IP pricing time: 0.1349 s (solve 0.1340 s, gurobi.runtime 0.1295 s)
Iter 23 | error = 6.484306 | best_score = 0.8578 |
   IP pricing time: 0.0503 s (solve 0.0494 s, gurobi.runtime 0.0449 s)
Iter 24 | error = 6.459095 | best_score = 0.9972 |
   IP pricing time: 0.0820 s (solve 0.0811 s, gurobi.runtime 0.0763 s)
Iter 25 | error = 6.433536 | best_score = 0.7988 |
   IP pricing time: 0.1242 s (solve 0.1232 s, gurobi.runtime 0.1095 s)
Iter 26 | error = 6.419876 | best_score = 0.7198 |
   IP pricing time: 0.0590 s (solve 0.0581 s, gurobi.runtime 0.0531 s)
Iter 27 | error = 6.404864 | best_score = 0.8373 |
   IP pricing time: 0.0822 s (solve 0.0812 s, gurobi.runtime 0.0767 s)
Iter 28 | error = 6.380877 | best_score = 0.8357 |
   IP pricing time: 0.0528 s (solve 0.0519 s, gurobi.runtime 0.0469 s)
Iter 29 | error = 6.358737 | best_score = 0.8708 |
   IP pricing time: 0.0454 s (solve 0.0445 s, gurobi.runtime 0.0395 s)
Iter 30 | error = 6.322055 | best_score = 0.8604 |
   IP pricing time: 0.1214 s (solve 0.1205 s, gurobi.runtime 0.1156 s)
Iter 31 | error = 6.286256 | best_score = 0.7287 |
   IP pricing time: 0.1943 s (solve 0.1934 s, gurobi.runtime 0.1886 s)
Iter 32 | error = 6.269292 | best_score = 0.6043 |
   IP pricing time: 0.2241 s (solve 0.2232 s, gurobi.runtime 0.2138 s)
Iter 33 | error = 6.250297 | best_score = 0.6056 |
   IP pricing time: 0.1900 s (solve 0.1891 s, gurobi.runtime 0.1762 s)
Iter 34 | error = 6.227274 | best_score = 0.6341 |
   IP pricing time: 0.2037 s (solve 0.2028 s, gurobi.runtime 0.1886 s)
Iter 35 | error = 6.216596 | best_score = 0.5642 |
   IP pricing time: 0.2281 s (solve 0.2271 s, gurobi.runtime 0.2167 s)
Iter 36 | error = 6.204603 | best_score = 0.4657 |
   IP pricing time: 0.2051 s (solve 0.2042 s, gurobi.runtime 0.1986 s)
Iter 37 | error = 6.192779 | best_score = 0.4673 |
   IP pricing time: 0.3016 s (solve 0.3006 s, gurobi.runtime 0.2881 s)
Iter 38 | error = 6.181591 | best_score = 0.4334 |
   IP pricing time: 0.0898 s (solve 0.0889 s, gurobi.runtime 0.0832 s)
Iter 39 | error = 6.172690 | best_score = 0.5145 |
   IP pricing time: 0.1844 s (solve 0.1834 s, gurobi.runtime 0.1710 s)
Iter 40 | error = 6.159047 | best_score = 0.4670 |
   IP pricing time: 0.2118 s (solve 0.2109 s, gurobi.runtime 0.1972 s)
Iter 41 | error = 6.149305 | best_score = 0.4399 |
   IP pricing time: 0.3741 s (solve 0.3732 s, gurobi.runtime 0.3663 s)
Iter 42 | error = 6.141170 | best_score = 0.3220 |
   IP pricing time: 0.3115 s (solve 0.3106 s, gurobi.runtime 0.2990 s)
Iter 43 | error = 6.133590 | best_score = 0.3381 |
   IP pricing time: 0.2915 s (solve 0.2906 s, gurobi.runtime 0.2787 s)
Iter 44 | error = 6.126486 | best_score = 0.3230 |
   IP pricing time: 0.3453 s (solve 0.3444 s, gurobi.runtime 0.3351 s)
Iter 45 | error = 6.120139 | best_score = 0.2836 |
   IP pricing time: 0.3546 s (solve 0.3537 s, gurobi.runtime 0.3373 s)
Iter 46 | error = 6.113252 | best_score = 0.2992 |
   IP pricing time: 0.2697 s (solve 0.2688 s, gurobi.runtime 0.2576 s)
Iter 47 | error = 6.109663 | best_score = 0.3521 |
   IP pricing time: 0.3551 s (solve 0.3542 s, gurobi.runtime 0.3436 s)
Iter 48 | error = 6.103059 | best_score = 0.2447 |
   IP pricing time: 0.3849 s (solve 0.3840 s, gurobi.runtime 0.3678 s)
Iter 49 | error = 6.099246 | best_score = 0.2430 |
   IP pricing time: 0.4205 s (solve 0.4196 s, gurobi.runtime 0.4030 s)
Iter 50 | error = 6.096827 | best_score = 0.2103 |
   IP pricing time: 0.2724 s (solve 0.2715 s, gurobi.runtime 0.2651 s)
Iter 51 | error = 6.090141 | best_score = 0.3159 |
   IP pricing time: 0.3784 s (solve 0.3775 s, gurobi.runtime 0.3609 s)
Iter 52 | error = 6.086042 | best_score = 0.2249 |
   IP pricing time: 0.4405 s (solve 0.4395 s, gurobi.runtime 0.4268 s)
Iter 53 | error = 6.081140 | best_score = 0.1985 |
   IP pricing time: 0.3854 s (solve 0.3844 s, gurobi.runtime 0.3703 s)
Iter 54 | error = 6.077174 | best_score = 0.2505 |
   IP pricing time: 0.4504 s (solve 0.4495 s, gurobi.runtime 0.4391 s)
Iter 55 | error = 6.073214 | best_score = 0.1644 |
   IP pricing time: 0.3565 s (solve 0.3556 s, gurobi.runtime 0.3393 s)
Iter 56 | error = 6.070458 | best_score = 0.1980 |
   IP pricing time: 0.4505 s (solve 0.4495 s, gurobi.runtime 0.4378 s)
Iter 57 | error = 6.068700 | best_score = 0.2003 |
   IP pricing time: 0.4720 s (solve 0.4711 s, gurobi.runtime 0.4535 s)
Iter 58 | error = 6.064709 | best_score = 0.1947 |
   IP pricing time: 0.5049 s (solve 0.5040 s, gurobi.runtime 0.4947 s)
Iter 59 | error = 6.062769 | best_score = 0.1854 |
   IP pricing time: 0.4536 s (solve 0.4527 s, gurobi.runtime 0.4414 s)
Iter 60 | error = 6.060256 | best_score = 0.1852 |
   IP pricing time: 0.5380 s (solve 0.5371 s, gurobi.runtime 0.5209 s)
Iter 61 | error = 6.055771 | best_score = 0.1523 |
   IP pricing time: 0.5190 s (solve 0.5181 s, gurobi.runtime 0.5086 s)
Iter 62 | error = 6.052702 | best_score = 0.1483 |
   IP pricing time: 0.4989 s (solve 0.4980 s, gurobi.runtime 0.4879 s)
Iter 63 | error = 6.049851 | best_score = 0.1455 |
   IP pricing time: 0.4610 s (solve 0.4601 s, gurobi.runtime 0.4492 s)
Iter 64 | error = 6.046571 | best_score = 0.1619 |
   IP pricing time: 0.5150 s (solve 0.5141 s, gurobi.runtime 0.4965 s)
Iter 65 | error = 6.044174 | best_score = 0.1561 |
   IP pricing time: 0.4889 s (solve 0.4880 s, gurobi.runtime 0.4837 s)
Iter 66 | error = 6.041198 | best_score = 0.1519 |
   IP pricing time: 0.4382 s (solve 0.4373 s, gurobi.runtime 0.4266 s)
Iter 67 | error = 6.040175 | best_score = 0.1152 |
   IP pricing time: 0.4999 s (solve 0.4989 s, gurobi.runtime 0.4824 s)
Iter 68 | error = 6.038186 | best_score = 0.1265 |
   IP pricing time: 0.4959 s (solve 0.4949 s, gurobi.runtime 0.4824 s)
Iter 69 | error = 6.036751 | best_score = 0.1111 |
   IP pricing time: 0.4950 s (solve 0.4940 s, gurobi.runtime 0.4788 s)
Iter 70 | error = 6.035398 | best_score = 0.1464 |
   IP pricing time: 0.5119 s (solve 0.5110 s, gurobi.runtime 0.5015 s)
Iter 71 | error = 6.034249 | best_score = 0.1264 |
   IP pricing time: 0.5482 s (solve 0.5472 s, gurobi.runtime 0.5373 s)
Iter 72 | error = 6.032625 | best_score = 0.1136 |
   IP pricing time: 0.5056 s (solve 0.5046 s, gurobi.runtime 0.4926 s)
Iter 73 | error = 6.031592 | best_score = 0.1486 |
   IP pricing time: 0.5178 s (solve 0.5169 s, gurobi.runtime 0.5074 s)
Iter 74 | error = 6.030003 | best_score = 0.1030 |
   IP pricing time: 0.5881 s (solve 0.5871 s, gurobi.runtime 0.5735 s)
Iter 75 | error = 6.029135 | best_score = 0.0824 |
   IP pricing time: 0.6068 s (solve 0.6059 s, gurobi.runtime 0.5963 s)
Iter 76 | error = 6.027929 | best_score = 0.0919 |
   IP pricing time: 0.6119 s (solve 0.6110 s, gurobi.runtime 0.5966 s)
Iter 77 | error = 6.027075 | best_score = 0.0887 |
   IP pricing time: 0.5326 s (solve 0.5317 s, gurobi.runtime 0.5191 s)
Iter 78 | error = 6.025146 | best_score = 0.0650 |
   IP pricing time: 0.6596 s (solve 0.6587 s, gurobi.runtime 0.6443 s)
Iter 79 | error = 6.024241 | best_score = 0.0643 |
   IP pricing time: 0.5416 s (solve 0.5407 s, gurobi.runtime 0.5306 s)
Iter 80 | error = 6.023813 | best_score = 0.0677 |
   IP pricing time: 0.7297 s (solve 0.7288 s, gurobi.runtime 0.7125 s)
Iter 81 | error = 6.023115 | best_score = 0.0544 |
   IP pricing time: 0.6913 s (solve 0.6903 s, gurobi.runtime 0.6738 s)
Iter 82 | error = 6.022580 | best_score = 0.0545 |
   IP pricing time: 0.8286 s (solve 0.8276 s, gurobi.runtime 0.8221 s)
Iter 83 | error = 6.022249 | best_score = 0.0740 |
   IP pricing time: 0.8433 s (solve 0.8423 s, gurobi.runtime 0.8344 s)
Iter 84 | error = 6.021714 | best_score = 0.0470 |
   IP pricing time: 0.6315 s (solve 0.6305 s, gurobi.runtime 0.6218 s)
Iter 85 | error = 6.020870 | best_score = 0.0595 |
   IP pricing time: 0.7825 s (solve 0.7816 s, gurobi.runtime 0.7720 s)
Iter 86 | error = 6.019541 | best_score = 0.0519 |
   IP pricing time: 0.7124 s (solve 0.7115 s, gurobi.runtime 0.6948 s)
Iter 87 | error = 6.019295 | best_score = 0.0395 |
   IP pricing time: 0.6534 s (solve 0.6525 s, gurobi.runtime 0.6473 s)
Iter 88 | error = 6.019095 | best_score = 0.0394 |
   IP pricing time: 0.8226 s (solve 0.8217 s, gurobi.runtime 0.8069 s)
Iter 89 | error = 6.018774 | best_score = 0.0273 |
   IP pricing time: 0.9186 s (solve 0.9177 s, gurobi.runtime 0.9060 s)
Iter 90 | error = 6.018423 | best_score = 0.0308 |
   IP pricing time: 0.9453 s (solve 0.9444 s, gurobi.runtime 0.8975 s)
Iter 91 | error = 6.018233 | best_score = 0.0371 |
   IP pricing time: 1.0590 s (solve 1.0580 s, gurobi.runtime 1.0407 s)
Iter 92 | error = 6.018029 | best_score = 0.0303 |
   IP pricing time: 0.9579 s (solve 0.9570 s, gurobi.runtime 0.9373 s)
Iter 93 | error = 6.017908 | best_score = 0.0253 |
   IP pricing time: 0.7189 s (solve 0.7180 s, gurobi.runtime 0.7081 s)
Iter 94 | error = 6.017553 | best_score = 0.0346 |
   IP pricing time: 0.7993 s (solve 0.7984 s, gurobi.runtime 0.7876 s)
Iter 95 | error = 6.016985 | best_score = 0.0281 |
   IP pricing time: 0.7072 s (solve 0.7063 s, gurobi.runtime 0.6898 s)
Iter 96 | error = 6.016809 | best_score = 0.0238 |
   IP pricing time: 0.9756 s (solve 0.9747 s, gurobi.runtime 0.9568 s)
Iter 97 | error = 6.016664 | best_score = 0.0270 |
   IP pricing time: 1.2165 s (solve 1.2153 s, gurobi.runtime 1.2071 s)
Iter 98 | error = 6.016470 | best_score = 0.0205 |
   IP pricing time: 1.0546 s (solve 1.0536 s, gurobi.runtime 1.0327 s)
Iter 99 | error = 6.016351 | best_score = 0.0195 |
   IP pricing time: 1.1692 s (solve 1.1683 s, gurobi.runtime 1.1497 s)
Iter 100 | error = 6.016247 | best_score = 0.0204 |
   IP pricing time: 0.8885 s (solve 0.8876 s, gurobi.runtime 0.8652 s)
Iter 101 | error = 6.015927 | best_score = 0.0183 |
   IP pricing time: 0.7782 s (solve 0.7773 s, gurobi.runtime 0.7632 s)
Iter 102 | error = 6.015854 | best_score = 0.0157 |
   IP pricing time: 1.2343 s (solve 1.2334 s, gurobi.runtime 1.2192 s)
Iter 103 | error = 6.015770 | best_score = 0.0135 |
   IP pricing time: 1.2330 s (solve 1.2321 s, gurobi.runtime 1.2116 s)
Iter 104 | error = 6.015691 | best_score = 0.0148 |
   IP pricing time: 0.8610 s (solve 0.8600 s, gurobi.runtime 0.8386 s)
Iter 105 | error = 6.015560 | best_score = 0.0113 |
   IP pricing time: 0.8110 s (solve 0.8100 s, gurobi.runtime 0.8004 s)
Iter 106 | error = 6.015495 | best_score = 0.0098 |
   IP pricing time: 1.1881 s (solve 1.1870 s, gurobi.runtime 1.1784 s)
Iter 107 | error = 6.015419 | best_score = 0.0080 |
   IP pricing time: 1.2326 s (solve 1.2316 s, gurobi.runtime 1.2240 s)
Iter 108 | error = 6.015312 | best_score = 0.0157 |
   IP pricing time: 0.9735 s (solve 0.9725 s, gurobi.runtime 0.9522 s)
Iter 109 | error = 6.015246 | best_score = 0.0111 |
   IP pricing time: 1.0828 s (solve 1.0818 s, gurobi.runtime 1.0655 s)
Iter 110 | error = 6.015177 | best_score = 0.0093 |
   IP pricing time: 0.9728 s (solve 0.9717 s, gurobi.runtime 0.9504 s)
Iter 111 | error = 6.015153 | best_score = 0.0079 |
   IP pricing time: 1.1412 s (solve 1.1402 s, gurobi.runtime 1.1142 s)
Iter 112 | error = 6.015103 | best_score = 0.0097 |
   IP pricing time: 1.0496 s (solve 1.0487 s, gurobi.runtime 1.0318 s)
Iter 113 | error = 6.015060 | best_score = 0.0098 |
   IP pricing time: 1.1330 s (solve 1.1320 s, gurobi.runtime 1.1105 s)
Iter 114 | error = 6.015018 | best_score = 0.0060 |
   IP pricing time: 0.8847 s (solve 0.8838 s, gurobi.runtime 0.8656 s)
Iter 115 | error = 6.014993 | best_score = 0.0059 |
   IP pricing time: 0.8334 s (solve 0.8325 s, gurobi.runtime 0.8169 s)
Iter 116 | error = 6.014967 | best_score = 0.0070 |
   IP pricing time: 1.0745 s (solve 1.0735 s, gurobi.runtime 1.0516 s)
Iter 117 | error = 6.014931 | best_score = 0.0050 |
   IP pricing time: 1.2817 s (solve 1.2805 s, gurobi.runtime 1.2480 s)
Iter 118 | error = 6.014918 | best_score = 0.0048 |
   IP pricing time: 1.0663 s (solve 1.0653 s, gurobi.runtime 1.0316 s)
Iter 119 | error = 6.014887 | best_score = 0.0047 |
   IP pricing time: 1.1484 s (solve 1.1474 s, gurobi.runtime 1.1227 s)
Iter 120 | error = 6.014865 | best_score = 0.0036 |
   IP pricing time: 1.1204 s (solve 1.1194 s, gurobi.runtime 1.0942 s)
Iter 121 | error = 6.014856 | best_score = 0.0025 |
   IP pricing time: 1.3085 s (solve 1.3076 s, gurobi.runtime 1.2753 s)
Iter 122 | error = 6.014847 | best_score = 0.0019 |
   IP pricing time: 1.1565 s (solve 1.1554 s, gurobi.runtime 1.1342 s)
Iter 123 | error = 6.014844 | best_score = 0.0020 |
   IP pricing time: 1.2169 s (solve 1.2159 s, gurobi.runtime 1.1948 s)
Iter 124 | error = 6.014841 | best_score = 0.0013 |
   IP pricing time: 1.0530 s (solve 1.0521 s, gurobi.runtime 1.0326 s)
Iter 125 | error = 6.014837 | best_score = 0.0010 |
   IP pricing time: 1.1047 s (solve 1.1035 s, gurobi.runtime 1.0827 s)
Iter 126 | error = 6.014835 | best_score = 0.0006 |
   IP pricing time: 1.0548 s (solve 1.0538 s, gurobi.runtime 1.0357 s)
Iter 127 | error = 6.014835 | best_score = 0.0006 |
   IP pricing time: 0.9067 s (solve 0.9058 s, gurobi.runtime 0.8721 s)
Iter 128 | error = 6.014834 | best_score = 0.0006 |
   IP pricing time: 0.9671 s (solve 0.9662 s, gurobi.runtime 0.9538 s)
Iter 129 | error = 6.014832 | best_score = 0.0004 |
   IP pricing time: 1.1745 s (solve 1.1736 s, gurobi.runtime 1.1613 s)
Iter 130 | error = 6.014831 | best_score = 0.0000 |
 Convergence Criterion Achieved (reduced_cost 4.3861e-06 < tol)
  CG_IP  status=ok  error=6.014831e+00  total=71.73s  iters=130  IP_calls=130  build=0.01s  solve_tot=70.52s  gur_tot=68.83s

========================================================
[3/5] n = 18, seed = 3  (all binary menus)
========================================================
[fractions mode] counts(s) = round(frac(s) * C(n,s))  (total 153 menus).
Generating fake data for n=18 alternatives, 153 menus (Dirichlet probs)...
Generated 306 rows from 153 menus (153 unique).
Menu size distribution actually drawn:
  size 2: 153 menus (100.0%)

n = 18 | 306 observations | 153 unique menus | menu sizes 2..2

  -- CG_IP --  (budget: 604800.0 s)
Starting column generation with 1 initial columns...
Pricing mode: IP
Generating choice sets only (rankings built on-demand)...
Using 306 provided choice sets
✓ 306 choice sets generated (no ranking enumeration needed)

B_IP_pricing_build: 0.00s (nvars=324, ncons=1785)
  IP pricing time: 0.0377 s (solve 0.0368 s, gurobi.runtime 0.0077 s)
Iter 1 | error = 114.850714 | best_score = 165.9497 |
   IP pricing time: 0.0321 s (solve 0.0311 s, gurobi.runtime 0.0135 s)
Iter 2 | error = 24.853018 | best_score = 19.4711 |
   IP pricing time: 0.0182 s (solve 0.0172 s, gurobi.runtime 0.0121 s)
Iter 3 | error = 19.895267 | best_score = 18.2371 |
   IP pricing time: 0.0176 s (solve 0.0167 s, gurobi.runtime 0.0118 s)
Iter 4 | error = 15.189071 | best_score = 16.8538 |
   IP pricing time: 0.0485 s (solve 0.0476 s, gurobi.runtime 0.0304 s)
Iter 5 | error = 10.828079 | best_score = 10.3679 |
   IP pricing time: 0.0163 s (solve 0.0153 s, gurobi.runtime 0.0109 s)
Iter 6 | error = 9.508344 | best_score = 7.9070 |
   IP pricing time: 0.0723 s (solve 0.0713 s, gurobi.runtime 0.0667 s)
Iter 7 | error = 8.727423 | best_score = 5.2195 |
   IP pricing time: 0.0393 s (solve 0.0383 s, gurobi.runtime 0.0332 s)
Iter 8 | error = 8.317741 | best_score = 5.0462 |
   IP pricing time: 0.0384 s (solve 0.0375 s, gurobi.runtime 0.0328 s)
Iter 9 | error = 7.943631 | best_score = 3.8639 |
   IP pricing time: 0.0523 s (solve 0.0514 s, gurobi.runtime 0.0466 s)
Iter 10 | error = 7.729814 | best_score = 3.4375 |
   IP pricing time: 0.1036 s (solve 0.1026 s, gurobi.runtime 0.0984 s)
Iter 11 | error = 7.515442 | best_score = 2.8159 |
   IP pricing time: 0.0200 s (solve 0.0191 s, gurobi.runtime 0.0141 s)
Iter 12 | error = 7.373989 | best_score = 2.9017 |
   IP pricing time: 0.0829 s (solve 0.0820 s, gurobi.runtime 0.0770 s)
Iter 13 | error = 7.192197 | best_score = 2.5193 |
   IP pricing time: 0.0294 s (solve 0.0285 s, gurobi.runtime 0.0236 s)
Iter 14 | error = 7.077909 | best_score = 2.5599 |
   IP pricing time: 0.0534 s (solve 0.0525 s, gurobi.runtime 0.0483 s)
Iter 15 | error = 6.936848 | best_score = 1.9543 |
   IP pricing time: 0.0632 s (solve 0.0622 s, gurobi.runtime 0.0573 s)
Iter 16 | error = 6.868299 | best_score = 1.9151 |
   IP pricing time: 0.1003 s (solve 0.0994 s, gurobi.runtime 0.0939 s)
Iter 17 | error = 6.784829 | best_score = 1.5811 |
   IP pricing time: 0.0598 s (solve 0.0589 s, gurobi.runtime 0.0543 s)
Iter 18 | error = 6.729093 | best_score = 1.5641 |
   IP pricing time: 0.0759 s (solve 0.0750 s, gurobi.runtime 0.0702 s)
Iter 19 | error = 6.668506 | best_score = 1.5030 |
   IP pricing time: 0.1142 s (solve 0.1133 s, gurobi.runtime 0.1071 s)
Iter 20 | error = 6.607996 | best_score = 1.2878 |
   IP pricing time: 0.1152 s (solve 0.1143 s, gurobi.runtime 0.1007 s)
Iter 21 | error = 6.564835 | best_score = 1.2623 |
   IP pricing time: 0.3209 s (solve 0.3200 s, gurobi.runtime 0.3091 s)
Iter 22 | error = 6.529580 | best_score = 0.8859 |
   IP pricing time: 0.3497 s (solve 0.3488 s, gurobi.runtime 0.3358 s)
Iter 23 | error = 6.511297 | best_score = 0.7984 |
   IP pricing time: 0.1778 s (solve 0.1768 s, gurobi.runtime 0.1698 s)
Iter 24 | error = 6.498645 | best_score = 0.9687 |
   IP pricing time: 0.3332 s (solve 0.3323 s, gurobi.runtime 0.3193 s)
Iter 25 | error = 6.474910 | best_score = 0.8038 |
   IP pricing time: 0.2200 s (solve 0.2191 s, gurobi.runtime 0.2090 s)
Iter 26 | error = 6.456227 | best_score = 0.8377 |
   IP pricing time: 0.1957 s (solve 0.1947 s, gurobi.runtime 0.1827 s)
Iter 27 | error = 6.423747 | best_score = 0.8180 |
   IP pricing time: 0.1898 s (solve 0.1888 s, gurobi.runtime 0.1819 s)
Iter 28 | error = 6.402002 | best_score = 0.8198 |
   IP pricing time: 0.1997 s (solve 0.1988 s, gurobi.runtime 0.1719 s)
Iter 29 | error = 6.373728 | best_score = 0.7648 |
   IP pricing time: 0.3256 s (solve 0.3247 s, gurobi.runtime 0.3169 s)
Iter 30 | error = 6.357385 | best_score = 0.6036 |
   IP pricing time: 0.1987 s (solve 0.1977 s, gurobi.runtime 0.1836 s)
Iter 31 | error = 6.347167 | best_score = 0.7467 |
   IP pricing time: 0.3525 s (solve 0.3515 s, gurobi.runtime 0.3442 s)
Iter 32 | error = 6.326208 | best_score = 0.5496 |
   IP pricing time: 0.2993 s (solve 0.2983 s, gurobi.runtime 0.2828 s)
Iter 33 | error = 6.313040 | best_score = 0.5798 |
   IP pricing time: 0.2199 s (solve 0.2189 s, gurobi.runtime 0.2011 s)
Iter 34 | error = 6.300381 | best_score = 0.6056 |
   IP pricing time: 0.3713 s (solve 0.3703 s, gurobi.runtime 0.3602 s)
Iter 35 | error = 6.287104 | best_score = 0.4991 |
   IP pricing time: 0.4024 s (solve 0.4015 s, gurobi.runtime 0.3920 s)
Iter 36 | error = 6.270614 | best_score = 0.4519 |
   IP pricing time: 0.3946 s (solve 0.3936 s, gurobi.runtime 0.3792 s)
Iter 37 | error = 6.261098 | best_score = 0.4277 |
   IP pricing time: 0.4375 s (solve 0.4366 s, gurobi.runtime 0.4159 s)
Iter 38 | error = 6.252943 | best_score = 0.4998 |
   IP pricing time: 0.3605 s (solve 0.3596 s, gurobi.runtime 0.3366 s)
Iter 39 | error = 6.243925 | best_score = 0.5380 |
   IP pricing time: 0.2425 s (solve 0.2416 s, gurobi.runtime 0.2231 s)
Iter 40 | error = 6.231341 | best_score = 0.4765 |
   IP pricing time: 0.3209 s (solve 0.3200 s, gurobi.runtime 0.3094 s)
Iter 41 | error = 6.218966 | best_score = 0.4529 |
   IP pricing time: 0.3805 s (solve 0.3796 s, gurobi.runtime 0.3688 s)
Iter 42 | error = 6.210598 | best_score = 0.3676 |
   IP pricing time: 0.3635 s (solve 0.3626 s, gurobi.runtime 0.3488 s)
Iter 43 | error = 6.202933 | best_score = 0.3601 |
   IP pricing time: 0.4303 s (solve 0.4293 s, gurobi.runtime 0.4041 s)
Iter 44 | error = 6.197789 | best_score = 0.3626 |
   IP pricing time: 0.4312 s (solve 0.4303 s, gurobi.runtime 0.4051 s)
Iter 45 | error = 6.185074 | best_score = 0.3168 |
   IP pricing time: 0.3789 s (solve 0.3779 s, gurobi.runtime 0.3631 s)
Iter 46 | error = 6.179598 | best_score = 0.3866 |
   IP pricing time: 0.2560 s (solve 0.2551 s, gurobi.runtime 0.2311 s)
Iter 47 | error = 6.168197 | best_score = 0.4765 |
   IP pricing time: 0.2911 s (solve 0.2902 s, gurobi.runtime 0.2647 s)
Iter 48 | error = 6.159327 | best_score = 0.4246 |
   IP pricing time: 0.3592 s (solve 0.3582 s, gurobi.runtime 0.3471 s)
Iter 49 | error = 6.152528 | best_score = 0.3298 |
   IP pricing time: 0.3844 s (solve 0.3835 s, gurobi.runtime 0.3670 s)
Iter 50 | error = 6.145595 | best_score = 0.2354 |
   IP pricing time: 0.5002 s (solve 0.4993 s, gurobi.runtime 0.4847 s)
Iter 51 | error = 6.141109 | best_score = 0.2030 |
   IP pricing time: 0.4402 s (solve 0.4393 s, gurobi.runtime 0.4169 s)
Iter 52 | error = 6.138351 | best_score = 0.2369 |
   IP pricing time: 0.3395 s (solve 0.3385 s, gurobi.runtime 0.3227 s)
Iter 53 | error = 6.134509 | best_score = 0.3119 |
   IP pricing time: 0.4061 s (solve 0.4051 s, gurobi.runtime 0.3946 s)
Iter 54 | error = 6.129173 | best_score = 0.2477 |
   IP pricing time: 0.3857 s (solve 0.3847 s, gurobi.runtime 0.3758 s)
Iter 55 | error = 6.126154 | best_score = 0.2220 |
   IP pricing time: 0.4537 s (solve 0.4527 s, gurobi.runtime 0.4372 s)
Iter 56 | error = 6.123637 | best_score = 0.1661 |
   IP pricing time: 0.4659 s (solve 0.4650 s, gurobi.runtime 0.4488 s)
Iter 57 | error = 6.121760 | best_score = 0.1713 |
   IP pricing time: 0.5002 s (solve 0.4993 s, gurobi.runtime 0.4919 s)
Iter 58 | error = 6.119263 | best_score = 0.1453 |
   IP pricing time: 0.4984 s (solve 0.4974 s, gurobi.runtime 0.4809 s)
Iter 59 | error = 6.117611 | best_score = 0.1763 |
   IP pricing time: 0.4989 s (solve 0.4980 s, gurobi.runtime 0.4894 s)
Iter 60 | error = 6.114972 | best_score = 0.1603 |
   IP pricing time: 0.5215 s (solve 0.5205 s, gurobi.runtime 0.5071 s)
Iter 61 | error = 6.111027 | best_score = 0.1447 |
   IP pricing time: 0.6355 s (solve 0.6346 s, gurobi.runtime 0.6144 s)
Iter 62 | error = 6.109172 | best_score = 0.1182 |
   IP pricing time: 0.6031 s (solve 0.6021 s, gurobi.runtime 0.5924 s)
Iter 63 | error = 6.108018 | best_score = 0.1211 |
   IP pricing time: 0.4797 s (solve 0.4787 s, gurobi.runtime 0.4733 s)
Iter 64 | error = 6.107101 | best_score = 0.1302 |
   IP pricing time: 0.6100 s (solve 0.6091 s, gurobi.runtime 0.5954 s)
Iter 65 | error = 6.104161 | best_score = 0.1260 |
   IP pricing time: 0.5389 s (solve 0.5379 s, gurobi.runtime 0.5187 s)
Iter 66 | error = 6.102431 | best_score = 0.1306 |
   IP pricing time: 0.5637 s (solve 0.5628 s, gurobi.runtime 0.5470 s)
Iter 67 | error = 6.100198 | best_score = 0.1444 |
   IP pricing time: 0.6210 s (solve 0.6201 s, gurobi.runtime 0.5976 s)
Iter 68 | error = 6.098854 | best_score = 0.1048 |
   IP pricing time: 0.6639 s (solve 0.6630 s, gurobi.runtime 0.6581 s)
Iter 69 | error = 6.097554 | best_score = 0.1027 |
   IP pricing time: 0.6159 s (solve 0.6150 s, gurobi.runtime 0.6009 s)
Iter 70 | error = 6.096236 | best_score = 0.0999 |
   IP pricing time: 0.6288 s (solve 0.6278 s, gurobi.runtime 0.6173 s)
Iter 71 | error = 6.095158 | best_score = 0.0944 |
   IP pricing time: 0.6524 s (solve 0.6514 s, gurobi.runtime 0.6257 s)
Iter 72 | error = 6.094023 | best_score = 0.0934 |
   IP pricing time: 0.6287 s (solve 0.6277 s, gurobi.runtime 0.6091 s)
Iter 73 | error = 6.093034 | best_score = 0.1020 |
   IP pricing time: 0.6466 s (solve 0.6456 s, gurobi.runtime 0.6328 s)
Iter 74 | error = 6.091613 | best_score = 0.0962 |
   IP pricing time: 0.7306 s (solve 0.7296 s, gurobi.runtime 0.7151 s)
Iter 75 | error = 6.090623 | best_score = 0.0578 |
   IP pricing time: 0.7898 s (solve 0.7888 s, gurobi.runtime 0.7710 s)
Iter 76 | error = 6.090418 | best_score = 0.0628 |
   IP pricing time: 0.7627 s (solve 0.7617 s, gurobi.runtime 0.7482 s)
Iter 77 | error = 6.089931 | best_score = 0.0560 |
   IP pricing time: 0.8507 s (solve 0.8498 s, gurobi.runtime 0.8242 s)
Iter 78 | error = 6.089305 | best_score = 0.0524 |
   IP pricing time: 0.7375 s (solve 0.7366 s, gurobi.runtime 0.7306 s)
Iter 79 | error = 6.088606 | best_score = 0.0595 |
   IP pricing time: 0.7307 s (solve 0.7297 s, gurobi.runtime 0.7125 s)
Iter 80 | error = 6.088017 | best_score = 0.0543 |
   IP pricing time: 0.7252 s (solve 0.7243 s, gurobi.runtime 0.7117 s)
Iter 81 | error = 6.087644 | best_score = 0.0561 |
   IP pricing time: 0.6202 s (solve 0.6192 s, gurobi.runtime 0.5958 s)
Iter 82 | error = 6.087064 | best_score = 0.0572 |
   IP pricing time: 0.8985 s (solve 0.8975 s, gurobi.runtime 0.8715 s)
Iter 83 | error = 6.086564 | best_score = 0.0492 |
   IP pricing time: 0.7645 s (solve 0.7636 s, gurobi.runtime 0.7569 s)
Iter 84 | error = 6.086306 | best_score = 0.0494 |
   IP pricing time: 0.8766 s (solve 0.8755 s, gurobi.runtime 0.8528 s)
Iter 85 | error = 6.085628 | best_score = 0.0438 |
   IP pricing time: 0.6732 s (solve 0.6722 s, gurobi.runtime 0.6586 s)
Iter 86 | error = 6.085106 | best_score = 0.0505 |
   IP pricing time: 0.7876 s (solve 0.7867 s, gurobi.runtime 0.7752 s)
Iter 87 | error = 6.084542 | best_score = 0.0628 |
   IP pricing time: 0.8267 s (solve 0.8257 s, gurobi.runtime 0.8043 s)
Iter 88 | error = 6.083804 | best_score = 0.0421 |
   IP pricing time: 0.8216 s (solve 0.8206 s, gurobi.runtime 0.8096 s)
Iter 89 | error = 6.083328 | best_score = 0.0434 |
   IP pricing time: 0.7736 s (solve 0.7727 s, gurobi.runtime 0.7565 s)
Iter 90 | error = 6.083128 | best_score = 0.0368 |
   IP pricing time: 0.7985 s (solve 0.7976 s, gurobi.runtime 0.7856 s)
Iter 91 | error = 6.082802 | best_score = 0.0377 |
   IP pricing time: 0.7877 s (solve 0.7867 s, gurobi.runtime 0.7785 s)
Iter 92 | error = 6.082534 | best_score = 0.0395 |
   IP pricing time: 0.8374 s (solve 0.8364 s, gurobi.runtime 0.8112 s)
Iter 93 | error = 6.082012 | best_score = 0.0356 |
   IP pricing time: 0.7794 s (solve 0.7785 s, gurobi.runtime 0.7654 s)
Iter 94 | error = 6.081498 | best_score = 0.0356 |
   IP pricing time: 0.8129 s (solve 0.8120 s, gurobi.runtime 0.7915 s)
Iter 95 | error = 6.080899 | best_score = 0.0366 |
   IP pricing time: 0.7516 s (solve 0.7505 s, gurobi.runtime 0.7402 s)
Iter 96 | error = 6.080777 | best_score = 0.0250 |
   IP pricing time: 0.8490 s (solve 0.8480 s, gurobi.runtime 0.8424 s)
Iter 97 | error = 6.080584 | best_score = 0.0281 |
   IP pricing time: 1.0523 s (solve 1.0513 s, gurobi.runtime 1.0464 s)
Iter 98 | error = 6.080460 | best_score = 0.0238 |
   IP pricing time: 0.8575 s (solve 0.8565 s, gurobi.runtime 0.8321 s)
Iter 99 | error = 6.080296 | best_score = 0.0215 |
   IP pricing time: 0.8172 s (solve 0.8162 s, gurobi.runtime 0.8062 s)
Iter 100 | error = 6.080106 | best_score = 0.0202 |
   IP pricing time: 0.7989 s (solve 0.7980 s, gurobi.runtime 0.7870 s)
Iter 101 | error = 6.079931 | best_score = 0.0242 |
   IP pricing time: 0.8762 s (solve 0.8752 s, gurobi.runtime 0.8535 s)
Iter 102 | error = 6.079748 | best_score = 0.0191 |
   IP pricing time: 0.9180 s (solve 0.9171 s, gurobi.runtime 0.8904 s)
Iter 103 | error = 6.079701 | best_score = 0.0177 |
   IP pricing time: 0.9251 s (solve 0.9242 s, gurobi.runtime 0.9005 s)
Iter 104 | error = 6.079533 | best_score = 0.0171 |
   IP pricing time: 0.8458 s (solve 0.8448 s, gurobi.runtime 0.8223 s)
Iter 105 | error = 6.079416 | best_score = 0.0181 |
   IP pricing time: 0.8748 s (solve 0.8739 s, gurobi.runtime 0.8628 s)
Iter 106 | error = 6.079301 | best_score = 0.0096 |
   IP pricing time: 0.9654 s (solve 0.9643 s, gurobi.runtime 0.9563 s)
Iter 107 | error = 6.079260 | best_score = 0.0099 |
   IP pricing time: 0.9078 s (solve 0.9068 s, gurobi.runtime 0.8825 s)
Iter 108 | error = 6.079230 | best_score = 0.0092 |
   IP pricing time: 0.9137 s (solve 0.9128 s, gurobi.runtime 0.8900 s)
Iter 109 | error = 6.079182 | best_score = 0.0056 |
   IP pricing time: 0.9776 s (solve 0.9766 s, gurobi.runtime 0.9645 s)
Iter 110 | error = 6.079158 | best_score = 0.0063 |
   IP pricing time: 0.8866 s (solve 0.8856 s, gurobi.runtime 0.8779 s)
Iter 111 | error = 6.079149 | best_score = 0.0035 |
   IP pricing time: 0.8665 s (solve 0.8655 s, gurobi.runtime 0.8383 s)
Iter 112 | error = 6.079135 | best_score = 0.0039 |
   IP pricing time: 0.9897 s (solve 0.9887 s, gurobi.runtime 0.9689 s)
Iter 113 | error = 6.079124 | best_score = 0.0033 |
   IP pricing time: 0.8826 s (solve 0.8816 s, gurobi.runtime 0.8713 s)
Iter 114 | error = 6.079119 | best_score = 0.0025 |
   IP pricing time: 0.9004 s (solve 0.8994 s, gurobi.runtime 0.8870 s)
Iter 115 | error = 6.079110 | best_score = 0.0016 |
   IP pricing time: 1.0698 s (solve 1.0686 s, gurobi.runtime 1.0474 s)
Iter 116 | error = 6.079108 | best_score = 0.0015 |
   IP pricing time: 0.9895 s (solve 0.9884 s, gurobi.runtime 0.9628 s)
Iter 117 | error = 6.079107 | best_score = 0.0014 |
   IP pricing time: 1.0744 s (solve 1.0734 s, gurobi.runtime 1.0576 s)
Iter 118 | error = 6.079104 | best_score = 0.0010 |
   IP pricing time: 0.9148 s (solve 0.9138 s, gurobi.runtime 0.8908 s)
Iter 119 | error = 6.079103 | best_score = 0.0005 |
   IP pricing time: 1.0213 s (solve 1.0202 s, gurobi.runtime 1.0029 s)
Iter 120 | error = 6.079103 | best_score = 0.0001 |
 Convergence Criterion Achieved (reduced_cost 7.4473e-05 < tol)
  CG_IP  status=ok  error=6.079103e+00  total=63.45s  iters=120  IP_calls=120  build=0.00s  solve_tot=62.47s  gur_tot=60.78s

========================================================
[4/5] n = 18, seed = 4  (all binary menus)
========================================================
[fractions mode] counts(s) = round(frac(s) * C(n,s))  (total 153 menus).
Generating fake data for n=18 alternatives, 153 menus (Dirichlet probs)...
Generated 306 rows from 153 menus (153 unique).
Menu size distribution actually drawn:
  size 2: 153 menus (100.0%)

n = 18 | 306 observations | 153 unique menus | menu sizes 2..2

  -- CG_IP --  (budget: 604800.0 s)
Starting column generation with 1 initial columns...
Pricing mode: IP
Generating choice sets only (rankings built on-demand)...
Using 306 provided choice sets
✓ 306 choice sets generated (no ranking enumeration needed)

B_IP_pricing_build: 0.00s (nvars=324, ncons=1785)
  IP pricing time: 0.0844 s (solve 0.0835 s, gurobi.runtime 0.0078 s)
Iter 1 | error = 104.747895 | best_score = 152.9403 |
   IP pricing time: 0.0318 s (solve 0.0307 s, gurobi.runtime 0.0139 s)
Iter 2 | error = 28.307631 | best_score = 23.1721 |
   IP pricing time: 0.1154 s (solve 0.1145 s, gurobi.runtime 0.1051 s)
Iter 3 | error = 21.288414 | best_score = 15.8333 |
   IP pricing time: 0.0175 s (solve 0.0165 s, gurobi.runtime 0.0117 s)
Iter 4 | error = 17.832554 | best_score = 16.6325 |
   IP pricing time: 0.0381 s (solve 0.0371 s, gurobi.runtime 0.0323 s)
Iter 5 | error = 13.145701 | best_score = 13.2771 |
   IP pricing time: 0.0169 s (solve 0.0159 s, gurobi.runtime 0.0113 s)
Iter 6 | error = 11.340346 | best_score = 9.3087 |
   IP pricing time: 0.0199 s (solve 0.0189 s, gurobi.runtime 0.0141 s)
Iter 7 | error = 10.267797 | best_score = 7.0255 |
   IP pricing time: 0.0580 s (solve 0.0571 s, gurobi.runtime 0.0526 s)
Iter 8 | error = 9.583668 | best_score = 5.8446 |
   IP pricing time: 0.0223 s (solve 0.0213 s, gurobi.runtime 0.0161 s)
Iter 9 | error = 9.076269 | best_score = 4.2984 |
   IP pricing time: 0.0201 s (solve 0.0190 s, gurobi.runtime 0.0147 s)
Iter 10 | error = 8.803421 | best_score = 3.7838 |
   IP pricing time: 0.0698 s (solve 0.0688 s, gurobi.runtime 0.0639 s)
Iter 11 | error = 8.557293 | best_score = 3.0589 |
   IP pricing time: 0.0231 s (solve 0.0221 s, gurobi.runtime 0.0163 s)
Iter 12 | error = 8.354056 | best_score = 3.1988 |
   IP pricing time: 0.0571 s (solve 0.0561 s, gurobi.runtime 0.0512 s)
Iter 13 | error = 8.199467 | best_score = 2.9968 |
   IP pricing time: 0.0414 s (solve 0.0404 s, gurobi.runtime 0.0358 s)
Iter 14 | error = 7.977648 | best_score = 2.5477 |
   IP pricing time: 0.0885 s (solve 0.0875 s, gurobi.runtime 0.0823 s)
Iter 15 | error = 7.848503 | best_score = 2.1999 |
   IP pricing time: 0.0907 s (solve 0.0897 s, gurobi.runtime 0.0850 s)
Iter 16 | error = 7.743255 | best_score = 2.0680 |
   IP pricing time: 0.1846 s (solve 0.1836 s, gurobi.runtime 0.1698 s)
Iter 17 | error = 7.652502 | best_score = 1.5555 |
   IP pricing time: 0.1249 s (solve 0.1238 s, gurobi.runtime 0.1175 s)
Iter 18 | error = 7.616907 | best_score = 1.5894 |
   IP pricing time: 0.2137 s (solve 0.2128 s, gurobi.runtime 0.2009 s)
Iter 19 | error = 7.548880 | best_score = 1.1857 |
   IP pricing time: 0.2602 s (solve 0.2592 s, gurobi.runtime 0.2408 s)
Iter 20 | error = 7.507811 | best_score = 1.0526 |
   IP pricing time: 0.3757 s (solve 0.3746 s, gurobi.runtime 0.3611 s)
Iter 21 | error = 7.482421 | best_score = 1.0003 |
   IP pricing time: 0.3554 s (solve 0.3543 s, gurobi.runtime 0.3480 s)
Iter 22 | error = 7.452341 | best_score = 0.9329 |
   IP pricing time: 0.1494 s (solve 0.1484 s, gurobi.runtime 0.1299 s)
Iter 23 | error = 7.422628 | best_score = 1.0812 |
   IP pricing time: 0.2405 s (solve 0.2396 s, gurobi.runtime 0.2273 s)
Iter 24 | error = 7.394073 | best_score = 0.9783 |
   IP pricing time: 0.2247 s (solve 0.2237 s, gurobi.runtime 0.2103 s)
Iter 25 | error = 7.363319 | best_score = 1.0173 |
   IP pricing time: 0.2152 s (solve 0.2142 s, gurobi.runtime 0.2022 s)
Iter 26 | error = 7.336629 | best_score = 0.9628 |
   IP pricing time: 0.1548 s (solve 0.1538 s, gurobi.runtime 0.1431 s)
Iter 27 | error = 7.291448 | best_score = 1.0325 |
   IP pricing time: 0.2088 s (solve 0.2078 s, gurobi.runtime 0.2008 s)
Iter 28 | error = 7.253604 | best_score = 0.8941 |
   IP pricing time: 0.2914 s (solve 0.2904 s, gurobi.runtime 0.2799 s)
Iter 29 | error = 7.228435 | best_score = 0.8952 |
   IP pricing time: 0.2427 s (solve 0.2417 s, gurobi.runtime 0.2233 s)
Iter 30 | error = 7.210721 | best_score = 0.8228 |
   IP pricing time: 0.2370 s (solve 0.2361 s, gurobi.runtime 0.2247 s)
Iter 31 | error = 7.189843 | best_score = 0.7694 |
   IP pricing time: 0.3276 s (solve 0.3267 s, gurobi.runtime 0.3187 s)
Iter 32 | error = 7.159162 | best_score = 0.7172 |
   IP pricing time: 0.3914 s (solve 0.3905 s, gurobi.runtime 0.3753 s)
Iter 33 | error = 7.145770 | best_score = 0.5716 |
   IP pricing time: 0.3894 s (solve 0.3885 s, gurobi.runtime 0.3787 s)
Iter 34 | error = 7.132588 | best_score = 0.7147 |
   IP pricing time: 0.4133 s (solve 0.4124 s, gurobi.runtime 0.4033 s)
Iter 35 | error = 7.111592 | best_score = 0.5604 |
   IP pricing time: 0.4297 s (solve 0.4288 s, gurobi.runtime 0.4101 s)
Iter 36 | error = 7.098805 | best_score = 0.4737 |
   IP pricing time: 0.3728 s (solve 0.3718 s, gurobi.runtime 0.3596 s)
Iter 37 | error = 7.089139 | best_score = 0.5423 |
   IP pricing time: 0.4295 s (solve 0.4286 s, gurobi.runtime 0.4153 s)
Iter 38 | error = 7.077375 | best_score = 0.4458 |
   IP pricing time: 0.5027 s (solve 0.5016 s, gurobi.runtime 0.4846 s)
Iter 39 | error = 7.070230 | best_score = 0.4810 |
   IP pricing time: 0.4659 s (solve 0.4650 s, gurobi.runtime 0.4388 s)
Iter 40 | error = 7.059990 | best_score = 0.4376 |
   IP pricing time: 0.5594 s (solve 0.5584 s, gurobi.runtime 0.5359 s)
Iter 41 | error = 7.047729 | best_score = 0.4177 |
   IP pricing time: 0.3573 s (solve 0.3563 s, gurobi.runtime 0.3507 s)
Iter 42 | error = 7.041215 | best_score = 0.4708 |
   IP pricing time: 0.5064 s (solve 0.5054 s, gurobi.runtime 0.4906 s)
Iter 43 | error = 7.032806 | best_score = 0.3929 |
   IP pricing time: 0.4473 s (solve 0.4463 s, gurobi.runtime 0.4395 s)
Iter 44 | error = 7.026727 | best_score = 0.3265 |
   IP pricing time: 0.5573 s (solve 0.5564 s, gurobi.runtime 0.5489 s)
Iter 45 | error = 7.021336 | best_score = 0.3052 |
   IP pricing time: 0.5134 s (solve 0.5124 s, gurobi.runtime 0.4912 s)
Iter 46 | error = 7.014319 | best_score = 0.2991 |
   IP pricing time: 0.5275 s (solve 0.5265 s, gurobi.runtime 0.5165 s)
Iter 47 | error = 7.009170 | best_score = 0.2824 |
   IP pricing time: 0.7004 s (solve 0.6995 s, gurobi.runtime 0.6781 s)
Iter 48 | error = 7.005544 | best_score = 0.2552 |
   IP pricing time: 0.4622 s (solve 0.4612 s, gurobi.runtime 0.4539 s)
Iter 49 | error = 6.999194 | best_score = 0.3733 |
   IP pricing time: 0.6263 s (solve 0.6253 s, gurobi.runtime 0.6187 s)
Iter 50 | error = 6.994282 | best_score = 0.2660 |
   IP pricing time: 0.5351 s (solve 0.5341 s, gurobi.runtime 0.5075 s)
Iter 51 | error = 6.988594 | best_score = 0.2658 |
   IP pricing time: 0.5309 s (solve 0.5299 s, gurobi.runtime 0.5095 s)
Iter 52 | error = 6.984454 | best_score = 0.2648 |
   IP pricing time: 0.7220 s (solve 0.7210 s, gurobi.runtime 0.5402 s)
Iter 53 | error = 6.980118 | best_score = 0.2298 |
   IP pricing time: 0.6845 s (solve 0.6836 s, gurobi.runtime 0.6597 s)
Iter 54 | error = 6.974821 | best_score = 0.2247 |
   IP pricing time: 0.5907 s (solve 0.5897 s, gurobi.runtime 0.5739 s)
Iter 55 | error = 6.969955 | best_score = 0.2245 |
   IP pricing time: 0.7328 s (solve 0.7319 s, gurobi.runtime 0.7192 s)
Iter 56 | error = 6.967108 | best_score = 0.1976 |
   IP pricing time: 0.7828 s (solve 0.7818 s, gurobi.runtime 0.7627 s)
Iter 57 | error = 6.964424 | best_score = 0.1652 |
   IP pricing time: 0.6687 s (solve 0.6678 s, gurobi.runtime 0.6570 s)
Iter 58 | error = 6.958923 | best_score = 0.2438 |
   IP pricing time: 0.6579 s (solve 0.6570 s, gurobi.runtime 0.6329 s)
Iter 59 | error = 6.955212 | best_score = 0.1657 |
   IP pricing time: 0.7081 s (solve 0.7071 s, gurobi.runtime 0.6952 s)
Iter 60 | error = 6.951462 | best_score = 0.1806 |
   IP pricing time: 0.6297 s (solve 0.6288 s, gurobi.runtime 0.6043 s)
Iter 61 | error = 6.949148 | best_score = 0.1801 |
   IP pricing time: 0.6909 s (solve 0.6899 s, gurobi.runtime 0.6765 s)
Iter 62 | error = 6.947169 | best_score = 0.1566 |
   IP pricing time: 0.6900 s (solve 0.6890 s, gurobi.runtime 0.6746 s)
Iter 63 | error = 6.944724 | best_score = 0.1409 |
   IP pricing time: 0.5917 s (solve 0.5908 s, gurobi.runtime 0.5789 s)
Iter 64 | error = 6.942154 | best_score = 0.1838 |
   IP pricing time: 0.7418 s (solve 0.7408 s, gurobi.runtime 0.7281 s)
Iter 65 | error = 6.940028 | best_score = 0.1252 |
   IP pricing time: 0.6756 s (solve 0.6747 s, gurobi.runtime 0.6573 s)
Iter 66 | error = 6.937486 | best_score = 0.1551 |
   IP pricing time: 0.9658 s (solve 0.9648 s, gurobi.runtime 0.9536 s)
Iter 67 | error = 6.935150 | best_score = 0.1071 |
   IP pricing time: 0.9098 s (solve 0.9088 s, gurobi.runtime 0.8934 s)
Iter 68 | error = 6.933831 | best_score = 0.0948 |
   IP pricing time: 0.8945 s (solve 0.8936 s, gurobi.runtime 0.8753 s)
Iter 69 | error = 6.933028 | best_score = 0.1035 |
   IP pricing time: 0.7794 s (solve 0.7785 s, gurobi.runtime 0.7653 s)
Iter 70 | error = 6.931256 | best_score = 0.0807 |
   IP pricing time: 1.0100 s (solve 1.0090 s, gurobi.runtime 0.9858 s)
Iter 71 | error = 6.930452 | best_score = 0.0878 |
   IP pricing time: 0.8966 s (solve 0.8956 s, gurobi.runtime 0.8741 s)
Iter 72 | error = 6.929813 | best_score = 0.0948 |
   IP pricing time: 1.1018 s (solve 1.1008 s, gurobi.runtime 1.0961 s)
Iter 73 | error = 6.928415 | best_score = 0.0951 |
   IP pricing time: 0.9510 s (solve 0.9500 s, gurobi.runtime 0.9276 s)
Iter 74 | error = 6.926878 | best_score = 0.0943 |
   IP pricing time: 1.1462 s (solve 1.1452 s, gurobi.runtime 1.1360 s)
Iter 75 | error = 6.926239 | best_score = 0.0911 |
   IP pricing time: 1.2209 s (solve 1.2199 s, gurobi.runtime 1.1967 s)
Iter 76 | error = 6.924751 | best_score = 0.0914 |
   IP pricing time: 1.0444 s (solve 1.0435 s, gurobi.runtime 1.0242 s)
Iter 77 | error = 6.924063 | best_score = 0.0793 |
   IP pricing time: 0.9697 s (solve 0.9687 s, gurobi.runtime 0.9497 s)
Iter 78 | error = 6.923725 | best_score = 0.0698 |
   IP pricing time: 1.0665 s (solve 1.0656 s, gurobi.runtime 1.0402 s)
Iter 79 | error = 6.923003 | best_score = 0.0778 |
   IP pricing time: 1.0547 s (solve 1.0537 s, gurobi.runtime 1.0296 s)
Iter 80 | error = 6.922041 | best_score = 0.0764 |
   IP pricing time: 1.0536 s (solve 1.0526 s, gurobi.runtime 1.0347 s)
Iter 81 | error = 6.919904 | best_score = 0.0740 |
   IP pricing time: 1.1684 s (solve 1.1673 s, gurobi.runtime 1.1473 s)
Iter 82 | error = 6.918908 | best_score = 0.0603 |
   IP pricing time: 1.2338 s (solve 1.2326 s, gurobi.runtime 1.2072 s)
Iter 83 | error = 6.918568 | best_score = 0.0527 |
   IP pricing time: 1.2885 s (solve 1.2874 s, gurobi.runtime 1.2618 s)
Iter 84 | error = 6.917375 | best_score = 0.0599 |
   IP pricing time: 1.4193 s (solve 1.4183 s, gurobi.runtime 1.3933 s)
Iter 85 | error = 6.917030 | best_score = 0.0414 |
   IP pricing time: 1.1835 s (solve 1.1824 s, gurobi.runtime 1.1679 s)
Iter 86 | error = 6.916782 | best_score = 0.0419 |
   IP pricing time: 1.4148 s (solve 1.4138 s, gurobi.runtime 1.3949 s)
Iter 87 | error = 6.916590 | best_score = 0.0320 |
   IP pricing time: 1.3895 s (solve 1.3884 s, gurobi.runtime 1.3610 s)
Iter 88 | error = 6.916311 | best_score = 0.0402 |
   IP pricing time: 1.1570 s (solve 1.1558 s, gurobi.runtime 1.1384 s)
Iter 89 | error = 6.916069 | best_score = 0.0450 |
   IP pricing time: 1.4648 s (solve 1.4637 s, gurobi.runtime 1.4455 s)
Iter 90 | error = 6.915507 | best_score = 0.0338 |
   IP pricing time: 1.4813 s (solve 1.4802 s, gurobi.runtime 1.4588 s)
Iter 91 | error = 6.915312 | best_score = 0.0328 |
   IP pricing time: 1.2416 s (solve 1.2405 s, gurobi.runtime 1.2239 s)
Iter 92 | error = 6.915004 | best_score = 0.0279 |
   IP pricing time: 1.4481 s (solve 1.4470 s, gurobi.runtime 1.4260 s)
Iter 93 | error = 6.914884 | best_score = 0.0236 |
   IP pricing time: 1.5552 s (solve 1.5541 s, gurobi.runtime 1.5340 s)
Iter 94 | error = 6.914807 | best_score = 0.0175 |
   IP pricing time: 1.7111 s (solve 1.7100 s, gurobi.runtime 1.6864 s)
Iter 95 | error = 6.914728 | best_score = 0.0150 |
   IP pricing time: 1.7218 s (solve 1.7207 s, gurobi.runtime 1.7020 s)
Iter 96 | error = 6.914669 | best_score = 0.0139 |
   IP pricing time: 1.2402 s (solve 1.2392 s, gurobi.runtime 1.2099 s)
Iter 97 | error = 6.914450 | best_score = 0.0149 |
   IP pricing time: 1.5498 s (solve 1.5488 s, gurobi.runtime 1.5406 s)
Iter 98 | error = 6.914392 | best_score = 0.0151 |
   IP pricing time: 1.5871 s (solve 1.5859 s, gurobi.runtime 1.5657 s)
Iter 99 | error = 6.914307 | best_score = 0.0150 |
   IP pricing time: 1.7880 s (solve 1.7868 s, gurobi.runtime 1.7771 s)
Iter 100 | error = 6.914232 | best_score = 0.0124 |
   IP pricing time: 1.6385 s (solve 1.6374 s, gurobi.runtime 1.6134 s)
Iter 101 | error = 6.914188 | best_score = 0.0139 |
   IP pricing time: 1.2840 s (solve 1.2831 s, gurobi.runtime 1.2578 s)
Iter 102 | error = 6.914160 | best_score = 0.0104 |
   IP pricing time: 1.6953 s (solve 1.6943 s, gurobi.runtime 1.6698 s)
Iter 103 | error = 6.914097 | best_score = 0.0059 |
   IP pricing time: 1.5110 s (solve 1.5100 s, gurobi.runtime 1.4922 s)
Iter 104 | error = 6.914066 | best_score = 0.0050 |
   IP pricing time: 1.4982 s (solve 1.4972 s, gurobi.runtime 1.4796 s)
Iter 105 | error = 6.914060 | best_score = 0.0040 |
   IP pricing time: 1.6224 s (solve 1.6214 s, gurobi.runtime 1.5969 s)
Iter 106 | error = 6.914051 | best_score = 0.0040 |
   IP pricing time: 1.8015 s (solve 1.8003 s, gurobi.runtime 1.7852 s)
Iter 107 | error = 6.914046 | best_score = 0.0034 |
   IP pricing time: 1.7342 s (solve 1.7332 s, gurobi.runtime 1.7076 s)
Iter 108 | error = 6.914036 | best_score = 0.0038 |
   IP pricing time: 1.6784 s (solve 1.6774 s, gurobi.runtime 1.6515 s)
Iter 109 | error = 6.914028 | best_score = 0.0033 |
   IP pricing time: 1.4210 s (solve 1.4200 s, gurobi.runtime 1.3950 s)
Iter 110 | error = 6.914016 | best_score = 0.0025 |
   IP pricing time: 1.2958 s (solve 1.2948 s, gurobi.runtime 1.2733 s)
Iter 111 | error = 6.914012 | best_score = 0.0023 |
   IP pricing time: 1.8581 s (solve 1.8571 s, gurobi.runtime 1.8352 s)
Iter 112 | error = 6.914007 | best_score = 0.0013 |
   IP pricing time: 1.6443 s (solve 1.6430 s, gurobi.runtime 1.6213 s)
Iter 113 | error = 6.914006 | best_score = 0.0009 |
   IP pricing time: 1.5860 s (solve 1.5847 s, gurobi.runtime 1.5661 s)
Iter 114 | error = 6.914004 | best_score = 0.0007 |
   IP pricing time: 1.4170 s (solve 1.4159 s, gurobi.runtime 1.3921 s)
Iter 115 | error = 6.914004 | best_score = 0.0003 |
   IP pricing time: 1.7477 s (solve 1.7466 s, gurobi.runtime 1.7259 s)
Iter 116 | error = 6.914004 | best_score = 0.0001 |
 Convergence Criterion Achieved (reduced_cost 6.7404e-05 < tol)
  CG_IP  status=ok  error=6.914004e+00  total=92.32s  iters=116  IP_calls=116  build=0.00s  solve_tot=91.31s  gur_tot=89.27s

========================================================
[5/5] n = 18, seed = 5  (all binary menus)
========================================================
[fractions mode] counts(s) = round(frac(s) * C(n,s))  (total 153 menus).
Generating fake data for n=18 alternatives, 153 menus (Dirichlet probs)...
Generated 306 rows from 153 menus (153 unique).
Menu size distribution actually drawn:
  size 2: 153 menus (100.0%)

n = 18 | 306 observations | 153 unique menus | menu sizes 2..2

  -- CG_IP --  (budget: 604800.0 s)
Starting column generation with 1 initial columns...
Pricing mode: IP
Generating choice sets only (rankings built on-demand)...
Using 306 provided choice sets
✓ 306 choice sets generated (no ranking enumeration needed)

B_IP_pricing_build: 0.01s (nvars=324, ncons=1785)
  IP pricing time: 0.0414 s (solve 0.0404 s, gurobi.runtime 0.0235 s)
Iter 1 | error = 97.000304 | best_score = 147.1757 |
   IP pricing time: 0.0288 s (solve 0.0277 s, gurobi.runtime 0.0115 s)
Iter 2 | error = 26.213709 | best_score = 22.1035 |
   IP pricing time: 0.0214 s (solve 0.0204 s, gurobi.runtime 0.0153 s)
Iter 3 | error = 19.727213 | best_score = 17.2811 |
   IP pricing time: 0.0211 s (solve 0.0201 s, gurobi.runtime 0.0116 s)
Iter 4 | error = 15.601453 | best_score = 16.3060 |
   IP pricing time: 0.0154 s (solve 0.0144 s, gurobi.runtime 0.0102 s)
Iter 5 | error = 11.582866 | best_score = 14.7284 |
   IP pricing time: 0.0364 s (solve 0.0353 s, gurobi.runtime 0.0171 s)
Iter 6 | error = 9.317866 | best_score = 7.4155 |
   IP pricing time: 0.0670 s (solve 0.0660 s, gurobi.runtime 0.0182 s)
Iter 7 | error = 8.645193 | best_score = 6.2207 |
   IP pricing time: 0.0297 s (solve 0.0288 s, gurobi.runtime 0.0137 s)
Iter 8 | error = 8.176077 | best_score = 4.9841 |
   IP pricing time: 0.0265 s (solve 0.0256 s, gurobi.runtime 0.0169 s)
Iter 9 | error = 7.750150 | best_score = 3.9706 |
   IP pricing time: 0.0583 s (solve 0.0573 s, gurobi.runtime 0.0524 s)
Iter 10 | error = 7.500056 | best_score = 3.3557 |
   IP pricing time: 0.0713 s (solve 0.0703 s, gurobi.runtime 0.0548 s)
Iter 11 | error = 7.336491 | best_score = 2.9532 |
   IP pricing time: 0.0177 s (solve 0.0168 s, gurobi.runtime 0.0126 s)
Iter 12 | error = 7.166408 | best_score = 2.4866 |
   IP pricing time: 0.1153 s (solve 0.1144 s, gurobi.runtime 0.1087 s)
Iter 13 | error = 7.027533 | best_score = 1.9938 |
   IP pricing time: 0.0632 s (solve 0.0623 s, gurobi.runtime 0.0577 s)
Iter 14 | error = 6.957427 | best_score = 2.0538 |
   IP pricing time: 0.1749 s (solve 0.1738 s, gurobi.runtime 0.1673 s)
Iter 15 | error = 6.874998 | best_score = 1.5834 |
   IP pricing time: 0.2520 s (solve 0.2511 s, gurobi.runtime 0.2459 s)
Iter 16 | error = 6.825692 | best_score = 1.1178 |
   IP pricing time: 0.2000 s (solve 0.1991 s, gurobi.runtime 0.1871 s)
Iter 17 | error = 6.796003 | best_score = 1.1822 |
   IP pricing time: 0.2001 s (solve 0.1991 s, gurobi.runtime 0.1939 s)
Iter 18 | error = 6.766028 | best_score = 1.2296 |
   IP pricing time: 0.1899 s (solve 0.1890 s, gurobi.runtime 0.1752 s)
Iter 19 | error = 6.721283 | best_score = 1.3088 |
   IP pricing time: 0.1897 s (solve 0.1888 s, gurobi.runtime 0.1639 s)
Iter 20 | error = 6.679241 | best_score = 1.2403 |
   IP pricing time: 0.2065 s (solve 0.2055 s, gurobi.runtime 0.1934 s)
Iter 21 | error = 6.639689 | best_score = 1.2991 |
   IP pricing time: 0.1352 s (solve 0.1342 s, gurobi.runtime 0.1230 s)
Iter 22 | error = 6.588547 | best_score = 1.1061 |
   IP pricing time: 0.0623 s (solve 0.0613 s, gurobi.runtime 0.0561 s)
Iter 23 | error = 6.552795 | best_score = 1.1515 |
   IP pricing time: 0.1975 s (solve 0.1966 s, gurobi.runtime 0.1882 s)
Iter 24 | error = 6.505589 | best_score = 1.0119 |
   IP pricing time: 0.1153 s (solve 0.1144 s, gurobi.runtime 0.1005 s)
Iter 25 | error = 6.480702 | best_score = 0.9774 |
   IP pricing time: 0.0641 s (solve 0.0630 s, gurobi.runtime 0.0576 s)
Iter 26 | error = 6.449535 | best_score = 1.0288 |
   IP pricing time: 0.0800 s (solve 0.0790 s, gurobi.runtime 0.0746 s)
Iter 27 | error = 6.423000 | best_score = 0.9178 |
   IP pricing time: 0.2957 s (solve 0.2948 s, gurobi.runtime 0.2846 s)
Iter 28 | error = 6.399387 | best_score = 0.6973 |
   IP pricing time: 0.0718 s (solve 0.0708 s, gurobi.runtime 0.0663 s)
Iter 29 | error = 6.379079 | best_score = 0.7743 |
   IP pricing time: 0.1647 s (solve 0.1637 s, gurobi.runtime 0.1586 s)
Iter 30 | error = 6.360143 | best_score = 0.6572 |
   IP pricing time: 0.3086 s (solve 0.3076 s, gurobi.runtime 0.3014 s)
Iter 31 | error = 6.349679 | best_score = 0.5021 |
   IP pricing time: 0.2255 s (solve 0.2246 s, gurobi.runtime 0.2155 s)
Iter 32 | error = 6.341961 | best_score = 0.5899 |
   IP pricing time: 0.2766 s (solve 0.2756 s, gurobi.runtime 0.2706 s)
Iter 33 | error = 6.328559 | best_score = 0.4927 |
   IP pricing time: 0.3549 s (solve 0.3539 s, gurobi.runtime 0.3487 s)
Iter 34 | error = 6.321823 | best_score = 0.5278 |
   IP pricing time: 0.2369 s (solve 0.2359 s, gurobi.runtime 0.2234 s)
Iter 35 | error = 6.311114 | best_score = 0.5736 |
   IP pricing time: 0.3864 s (solve 0.3855 s, gurobi.runtime 0.3800 s)
Iter 36 | error = 6.299568 | best_score = 0.4162 |
   IP pricing time: 0.4049 s (solve 0.4039 s, gurobi.runtime 0.3840 s)
Iter 37 | error = 6.292760 | best_score = 0.3940 |
   IP pricing time: 0.3734 s (solve 0.3725 s, gurobi.runtime 0.3588 s)
Iter 38 | error = 6.287368 | best_score = 0.3942 |
   IP pricing time: 0.4297 s (solve 0.4288 s, gurobi.runtime 0.4185 s)
Iter 39 | error = 6.277922 | best_score = 0.3459 |
   IP pricing time: 0.3984 s (solve 0.3973 s, gurobi.runtime 0.3792 s)
Iter 40 | error = 6.270974 | best_score = 0.3726 |
   IP pricing time: 0.4524 s (solve 0.4514 s, gurobi.runtime 0.4382 s)
Iter 41 | error = 6.264611 | best_score = 0.3117 |
   IP pricing time: 0.4565 s (solve 0.4555 s, gurobi.runtime 0.4466 s)
Iter 42 | error = 6.260809 | best_score = 0.3052 |
   IP pricing time: 0.4352 s (solve 0.4343 s, gurobi.runtime 0.4203 s)
Iter 43 | error = 6.251128 | best_score = 0.3086 |
   IP pricing time: 0.3923 s (solve 0.3914 s, gurobi.runtime 0.3799 s)
Iter 44 | error = 6.245913 | best_score = 0.2987 |
   IP pricing time: 0.3851 s (solve 0.3841 s, gurobi.runtime 0.3737 s)
Iter 45 | error = 6.239493 | best_score = 0.3388 |
   IP pricing time: 0.4285 s (solve 0.4275 s, gurobi.runtime 0.4137 s)
Iter 46 | error = 6.232219 | best_score = 0.2752 |
   IP pricing time: 0.4793 s (solve 0.4783 s, gurobi.runtime 0.4607 s)
Iter 47 | error = 6.226283 | best_score = 0.2838 |
   IP pricing time: 0.4893 s (solve 0.4883 s, gurobi.runtime 0.4733 s)
Iter 48 | error = 6.220965 | best_score = 0.2778 |
   IP pricing time: 0.4469 s (solve 0.4459 s, gurobi.runtime 0.4402 s)
Iter 49 | error = 6.215457 | best_score = 0.2756 |
   IP pricing time: 0.4834 s (solve 0.4823 s, gurobi.runtime 0.4740 s)
Iter 50 | error = 6.210807 | best_score = 0.2411 |
   IP pricing time: 0.4540 s (solve 0.4530 s, gurobi.runtime 0.4413 s)
Iter 51 | error = 6.207952 | best_score = 0.2799 |
   IP pricing time: 0.4722 s (solve 0.4712 s, gurobi.runtime 0.4541 s)
Iter 52 | error = 6.203927 | best_score = 0.2253 |
   IP pricing time: 0.5481 s (solve 0.5470 s, gurobi.runtime 0.5341 s)
Iter 53 | error = 6.199486 | best_score = 0.2129 |
   IP pricing time: 0.5928 s (solve 0.5918 s, gurobi.runtime 0.5846 s)
Iter 54 | error = 6.196320 | best_score = 0.1973 |
   IP pricing time: 0.7121 s (solve 0.7111 s, gurobi.runtime 0.7052 s)
Iter 55 | error = 6.193904 | best_score = 0.1750 |
   IP pricing time: 0.5488 s (solve 0.5478 s, gurobi.runtime 0.5332 s)
Iter 56 | error = 6.191150 | best_score = 0.1868 |
   IP pricing time: 0.7028 s (solve 0.7017 s, gurobi.runtime 0.6853 s)
Iter 57 | error = 6.188070 | best_score = 0.1553 |
   IP pricing time: 0.6846 s (solve 0.6835 s, gurobi.runtime 0.6711 s)
Iter 58 | error = 6.185117 | best_score = 0.1921 |
   IP pricing time: 0.5710 s (solve 0.5700 s, gurobi.runtime 0.5592 s)
Iter 59 | error = 6.182329 | best_score = 0.1748 |
   IP pricing time: 0.6856 s (solve 0.6846 s, gurobi.runtime 0.6627 s)
Iter 60 | error = 6.180084 | best_score = 0.1436 |
   IP pricing time: 0.6912 s (solve 0.6903 s, gurobi.runtime 0.6821 s)
Iter 61 | error = 6.178647 | best_score = 0.1309 |
   IP pricing time: 0.7726 s (solve 0.7717 s, gurobi.runtime 0.7418 s)
Iter 62 | error = 6.176624 | best_score = 0.1136 |
   IP pricing time: 0.8406 s (solve 0.8396 s, gurobi.runtime 0.8288 s)
Iter 63 | error = 6.175112 | best_score = 0.1369 |
   IP pricing time: 0.7672 s (solve 0.7661 s, gurobi.runtime 0.7518 s)
Iter 64 | error = 6.173272 | best_score = 0.1037 |
   IP pricing time: 0.9752 s (solve 0.9742 s, gurobi.runtime 0.9504 s)
Iter 65 | error = 6.172082 | best_score = 0.0988 |
   IP pricing time: 0.9139 s (solve 0.9130 s, gurobi.runtime 0.8898 s)
Iter 66 | error = 6.171355 | best_score = 0.0940 |
   IP pricing time: 0.9857 s (solve 0.9847 s, gurobi.runtime 0.9705 s)
Iter 67 | error = 6.170709 | best_score = 0.0930 |
   IP pricing time: 1.0584 s (solve 1.0575 s, gurobi.runtime 1.0436 s)
Iter 68 | error = 6.169533 | best_score = 0.1041 |
   IP pricing time: 0.9900 s (solve 0.9890 s, gurobi.runtime 0.9629 s)
Iter 69 | error = 6.167942 | best_score = 0.1156 |
   IP pricing time: 0.9000 s (solve 0.8990 s, gurobi.runtime 0.8915 s)
Iter 70 | error = 6.166558 | best_score = 0.1026 |
   IP pricing time: 0.9957 s (solve 0.9947 s, gurobi.runtime 0.9727 s)
Iter 71 | error = 6.165570 | best_score = 0.0734 |
   IP pricing time: 0.9952 s (solve 0.9942 s, gurobi.runtime 0.9814 s)
Iter 72 | error = 6.165111 | best_score = 0.0774 |
   IP pricing time: 0.8497 s (solve 0.8487 s, gurobi.runtime 0.8045 s)
Iter 73 | error = 6.164481 | best_score = 0.0697 |
   IP pricing time: 1.0981 s (solve 1.0971 s, gurobi.runtime 1.0864 s)
Iter 74 | error = 6.163574 | best_score = 0.0723 |
   IP pricing time: 0.9075 s (solve 0.9065 s, gurobi.runtime 0.8884 s)
Iter 75 | error = 6.162327 | best_score = 0.0837 |
   IP pricing time: 1.1176 s (solve 1.1166 s, gurobi.runtime 1.1019 s)
Iter 76 | error = 6.161477 | best_score = 0.0836 |
   IP pricing time: 0.9076 s (solve 0.9066 s, gurobi.runtime 0.8889 s)
Iter 77 | error = 6.160546 | best_score = 0.0720 |
   IP pricing time: 0.9078 s (solve 0.9069 s, gurobi.runtime 0.8944 s)
Iter 78 | error = 6.159925 | best_score = 0.0666 |
   IP pricing time: 1.1904 s (solve 1.1895 s, gurobi.runtime 1.1815 s)
Iter 79 | error = 6.158868 | best_score = 0.0705 |
   IP pricing time: 0.8874 s (solve 0.8865 s, gurobi.runtime 0.8599 s)
Iter 80 | error = 6.158110 | best_score = 0.0513 |
   IP pricing time: 1.1486 s (solve 1.1476 s, gurobi.runtime 1.1413 s)
Iter 81 | error = 6.157473 | best_score = 0.0549 |
   IP pricing time: 1.1206 s (solve 1.1196 s, gurobi.runtime 1.1006 s)
Iter 82 | error = 6.156441 | best_score = 0.0603 |
   IP pricing time: 1.3479 s (solve 1.3469 s, gurobi.runtime 1.3229 s)
Iter 83 | error = 6.155477 | best_score = 0.0489 |
   IP pricing time: 1.3051 s (solve 1.3041 s, gurobi.runtime 1.2807 s)
Iter 84 | error = 6.154209 | best_score = 0.0478 |
   IP pricing time: 1.0946 s (solve 1.0936 s, gurobi.runtime 1.0774 s)
Iter 85 | error = 6.153736 | best_score = 0.0557 |
   IP pricing time: 0.9116 s (solve 0.9107 s, gurobi.runtime 0.8850 s)
Iter 86 | error = 6.153299 | best_score = 0.0475 |
   IP pricing time: 1.3483 s (solve 1.3474 s, gurobi.runtime 1.3409 s)
Iter 87 | error = 6.152997 | best_score = 0.0494 |
   IP pricing time: 0.9428 s (solve 0.9418 s, gurobi.runtime 0.9198 s)
Iter 88 | error = 6.152364 | best_score = 0.0584 |
   IP pricing time: 1.2160 s (solve 1.2150 s, gurobi.runtime 1.1915 s)
Iter 89 | error = 6.151916 | best_score = 0.0448 |
   IP pricing time: 1.5644 s (solve 1.5633 s, gurobi.runtime 1.5385 s)
Iter 90 | error = 6.151735 | best_score = 0.0407 |
   IP pricing time: 1.1433 s (solve 1.1422 s, gurobi.runtime 1.1195 s)
Iter 91 | error = 6.151389 | best_score = 0.0344 |
   IP pricing time: 1.3787 s (solve 1.3777 s, gurobi.runtime 1.3590 s)
Iter 92 | error = 6.150695 | best_score = 0.0326 |
   IP pricing time: 1.5835 s (solve 1.5825 s, gurobi.runtime 1.5654 s)
Iter 93 | error = 6.150543 | best_score = 0.0310 |
   IP pricing time: 1.4600 s (solve 1.4590 s, gurobi.runtime 1.4345 s)
Iter 94 | error = 6.150230 | best_score = 0.0311 |
   IP pricing time: 1.3214 s (solve 1.3202 s, gurobi.runtime 1.2969 s)
Iter 95 | error = 6.149913 | best_score = 0.0236 |
   IP pricing time: 1.6441 s (solve 1.6430 s, gurobi.runtime 1.6189 s)
Iter 96 | error = 6.149727 | best_score = 0.0213 |
   IP pricing time: 1.5361 s (solve 1.5351 s, gurobi.runtime 1.5142 s)
Iter 97 | error = 6.149571 | best_score = 0.0235 |
   IP pricing time: 1.4875 s (solve 1.4864 s, gurobi.runtime 1.4668 s)
Iter 98 | error = 6.149451 | best_score = 0.0233 |
   IP pricing time: 1.2653 s (solve 1.2642 s, gurobi.runtime 1.2425 s)
Iter 99 | error = 6.149272 | best_score = 0.0260 |
   IP pricing time: 1.4907 s (solve 1.4896 s, gurobi.runtime 1.4697 s)
Iter 100 | error = 6.149180 | best_score = 0.0153 |
   IP pricing time: 1.6488 s (solve 1.6476 s, gurobi.runtime 1.6219 s)
Iter 101 | error = 6.149115 | best_score = 0.0152 |
   IP pricing time: 1.5350 s (solve 1.5341 s, gurobi.runtime 1.5222 s)
Iter 102 | error = 6.149038 | best_score = 0.0174 |
   IP pricing time: 1.5810 s (solve 1.5800 s, gurobi.runtime 1.5601 s)
Iter 103 | error = 6.148952 | best_score = 0.0118 |
   IP pricing time: 1.6662 s (solve 1.6652 s, gurobi.runtime 1.6352 s)
Iter 104 | error = 6.148897 | best_score = 0.0131 |
   IP pricing time: 1.8612 s (solve 1.8600 s, gurobi.runtime 1.8363 s)
Iter 105 | error = 6.148734 | best_score = 0.0126 |
   IP pricing time: 1.4135 s (solve 1.4123 s, gurobi.runtime 1.3884 s)
Iter 106 | error = 6.148699 | best_score = 0.0091 |
   IP pricing time: 1.8485 s (solve 1.8474 s, gurobi.runtime 1.8278 s)
Iter 107 | error = 6.148675 | best_score = 0.0110 |
   IP pricing time: 1.8933 s (solve 1.8922 s, gurobi.runtime 1.8678 s)
Iter 108 | error = 6.148628 | best_score = 0.0086 |
   IP pricing time: 1.7131 s (solve 1.7120 s, gurobi.runtime 1.6903 s)
Iter 109 | error = 6.148614 | best_score = 0.0063 |
   IP pricing time: 1.4356 s (solve 1.4345 s, gurobi.runtime 1.4146 s)
Iter 110 | error = 6.148573 | best_score = 0.0093 |
   IP pricing time: 1.6110 s (solve 1.6099 s, gurobi.runtime 1.5903 s)
Iter 111 | error = 6.148507 | best_score = 0.0085 |
   IP pricing time: 1.5633 s (solve 1.5623 s, gurobi.runtime 1.5281 s)
Iter 112 | error = 6.148378 | best_score = 0.0080 |
   IP pricing time: 1.6560 s (solve 1.6548 s, gurobi.runtime 1.6359 s)
Iter 113 | error = 6.148342 | best_score = 0.0082 |
   IP pricing time: 1.6032 s (solve 1.6021 s, gurobi.runtime 1.5759 s)
Iter 114 | error = 6.148331 | best_score = 0.0062 |
   IP pricing time: 1.6202 s (solve 1.6190 s, gurobi.runtime 1.5998 s)
Iter 115 | error = 6.148313 | best_score = 0.0056 |
   IP pricing time: 1.5458 s (solve 1.5447 s, gurobi.runtime 1.5233 s)
Iter 116 | error = 6.148300 | best_score = 0.0061 |
   IP pricing time: 1.9039 s (solve 1.9028 s, gurobi.runtime 1.8860 s)
Iter 117 | error = 6.148282 | best_score = 0.0049 |
   IP pricing time: 1.7215 s (solve 1.7204 s, gurobi.runtime 1.6948 s)
Iter 118 | error = 6.148277 | best_score = 0.0036 |
   IP pricing time: 1.4368 s (solve 1.4358 s, gurobi.runtime 1.4117 s)
Iter 119 | error = 6.148267 | best_score = 0.0039 |
   IP pricing time: 1.5138 s (solve 1.5127 s, gurobi.runtime 1.4906 s)
Iter 120 | error = 6.148261 | best_score = 0.0039 |
   IP pricing time: 1.5912 s (solve 1.5902 s, gurobi.runtime 1.5730 s)
Iter 121 | error = 6.148258 | best_score = 0.0030 |
   IP pricing time: 1.6370 s (solve 1.6359 s, gurobi.runtime 1.6112 s)
Iter 122 | error = 6.148252 | best_score = 0.0024 |
   IP pricing time: 1.5427 s (solve 1.5417 s, gurobi.runtime 1.4634 s)
Iter 123 | error = 6.148245 | best_score = 0.0014 |
   IP pricing time: 1.6431 s (solve 1.6419 s, gurobi.runtime 1.6175 s)
Iter 124 | error = 6.148245 | best_score = 0.0009 |
   IP pricing time: 1.6747 s (solve 1.6735 s, gurobi.runtime 1.6511 s)
Iter 125 | error = 6.148243 | best_score = 0.0005 |
   IP pricing time: 1.7288 s (solve 1.7277 s, gurobi.runtime 1.6666 s)
Iter 126 | error = 6.148243 | best_score = 0.0001 |
   IP pricing time: 1.9296 s (solve 1.9285 s, gurobi.runtime 1.9111 s)
Iter 127 | error = 6.148243 | best_score = 0.0001 |
   IP pricing time: 1.7284 s (solve 1.7272 s, gurobi.runtime 1.7023 s)
Iter 128 | error = 6.148243 | best_score = 0.0001 |
   IP pricing time: 1.7607 s (solve 1.7596 s, gurobi.runtime 1.7418 s)
Iter 129 | error = 6.148243 | best_score = 0.0002 |
   IP pricing time: 1.6791 s (solve 1.6779 s, gurobi.runtime 1.6555 s)
Iter 130 | error = 6.148243 | best_score = 0.0001 |
 Convergence Criterion Achieved (reduced_cost 7.6950e-05 < tol)
  CG_IP  status=ok  error=6.148243e+00  total=112.85s  iters=130  IP_calls=130  build=0.01s  solve_tot=111.65s  gur_tot=109.45s

========================================================
Done. n = 18, 5 seed(s).
Summary: /vast/palmer/home.grace/hc654/Random-Utility-Models/feasibility_analysis_binary_menus/results_runs/run_summary_n018.csv
Details: /vast/palmer/home.grace/hc654/Random-Utility-Models/feasibility_analysis_binary_menus/results_runs/run_details_n018.mat
========================================================
