SLURM_JOBID:  58254265
SLURM_ARRAY_TASK_ID:  37
SLURM_ARRAY_JOB_ID:  58254188
Gurobi shell based on Python 3.12.3 can be launched with command `gurobi.sh`
Gurobi Python Interface can be loaded in Python 3.12.3 with 'import gurobipy'
RUM estimation on all-binary-menu synthetic data (n = 37)
Running 5 seeds. Outputs:
  /vast/palmer/home.grace/hc654/Random-Utility-Models/feasibility_analysis_binary_menus/results_runs/run_summary_n037.csv
  /vast/palmer/home.grace/hc654/Random-Utility-Models/feasibility_analysis_binary_menus/results_runs/run_log_n037.txt
  /vast/palmer/home.grace/hc654/Random-Utility-Models/feasibility_analysis_binary_menus/results_runs/run_details_n037.mat
  /vast/palmer/home.grace/hc654/Random-Utility-Models/feasibility_analysis_binary_menus/results_runs/run_iptimes_n037.csv

Host: r816u35n05.grace.ycrc.yale.edu
CPU:  Intel(R) Xeon(R) Gold 6342 CPU @ 2.80GHz
OS:   GLNXA64 | logical cores: 4 | MATLAB: 23.2.0.2428915 (R2023b) Update 4


========================================================
[1/5] n = 37, seed = 1  (all binary menus)
========================================================
[fractions mode] counts(s) = round(frac(s) * C(n,s))  (total 666 menus).
Generating fake data for n=37 alternatives, 666 menus (Dirichlet probs)...
Generated 1332 rows from 666 menus (666 unique).
Menu size distribution actually drawn:
  size 2: 666 menus (100.0%)

n = 37 | 1332 observations | 666 unique menus | menu sizes 2..2

  -- CG_IP --  (budget: 604800.0 s)
Starting column generation with 1 initial columns...
Pricing mode: IP
Generating choice sets only (rankings built on-demand)...
Using 1332 provided choice sets
✓ 1332 choice sets generated (no ranking enumeration needed)

B_IP_pricing_build: 0.04s (nvars=1369, ncons=16206)
  IP pricing time: 0.1190 s (solve 0.0979 s, gurobi.runtime 0.0820 s)
Iter 1 | error = 476.288879 | best_score = 692.3388 |
   IP pricing time: 216.9068 s (solve 216.8996 s, gurobi.runtime 216.8318 s)
Iter 2 | error = 116.429292 | best_score = 65.1041 |
   IP pricing time: 321.1768 s (solve 321.1720 s, gurobi.runtime 321.1310 s)
Iter 3 | error = 103.684396 | best_score = 60.8293 |
   IP pricing time: 4.1650 s (solve 4.1592 s, gurobi.runtime 4.0873 s)
Iter 4 | error = 90.445088 | best_score = 69.2786 |
   IP pricing time: 14.1242 s (solve 14.1136 s, gurobi.runtime 14.0873 s)
Iter 5 | error = 72.252330 | best_score = 55.9192 |
   IP pricing time: 97.5523 s (solve 97.5483 s, gurobi.runtime 97.5145 s)
Iter 6 | error = 64.469987 | best_score = 38.6069 |
   IP pricing time: 22.2230 s (solve 22.2193 s, gurobi.runtime 22.1714 s)
Iter 7 | error = 60.205494 | best_score = 33.6192 |
   IP pricing time: 170.3453 s (solve 170.3416 s, gurobi.runtime 170.3115 s)
Iter 8 | error = 56.910699 | best_score = 25.2591 |
   IP pricing time: 120.5148 s (solve 120.5113 s, gurobi.runtime 120.4705 s)
Iter 9 | error = 54.826976 | best_score = 23.6961 |
   IP pricing time: 114.4667 s (solve 114.4631 s, gurobi.runtime 114.3911 s)
Iter 10 | error = 53.121829 | best_score = 20.6937 |
   IP pricing time: 998.1758 s (solve 998.1722 s, gurobi.runtime 998.1357 s)
Iter 11 | error = 51.776663 | best_score = 16.7885 |
   IP pricing time: 1685.9827 s (solve 1685.9789 s, gurobi.runtime 1685.9292 s)
Iter 12 | error = 50.802646 | best_score = 16.3053 |
   IP pricing time: 1151.2441 s (solve 1151.2405 s, gurobi.runtime 1151.2000 s)
Iter 13 | error = 49.905598 | best_score = 15.2451 |
   IP pricing time: 1391.7450 s (solve 1391.7414 s, gurobi.runtime 1391.7059 s)
Iter 14 | error = 49.096979 | best_score = 12.8480 |
   IP pricing time: 5554.8617 s (solve 5554.8582 s, gurobi.runtime 5554.7571 s)
Iter 15 | error = 48.485751 | best_score = 12.2650 |
   IP pricing time: 9332.3833 s (solve 9332.3797 s, gurobi.runtime 9332.2893 s)
Iter 16 | error = 47.998380 | best_score = 11.2969 |
   IP pricing time: 8943.4352 s (solve 8943.4316 s, gurobi.runtime 8943.3871 s)
Iter 17 | error = 47.455174 | best_score = 10.2321 |
   IP pricing time: 11373.6730 s (solve 11373.6693 s, gurobi.runtime 11373.6064 s)
Iter 18 | error = 47.040451 | best_score = 10.2069 |
   IP pricing time: 11686.5478 s (solve 11686.5443 s, gurobi.runtime 11686.4557 s)
Iter 19 | error = 46.609045 | best_score = 9.7404 |
   IP pricing time: 15685.7069 s (solve 15685.7034 s, gurobi.runtime 15685.6072 s)
Iter 20 | error = 46.230713 | best_score = 8.8026 |
 