SLURM_JOBID:  58300681
SLURM_ARRAY_TASK_ID:  44
SLURM_ARRAY_JOB_ID:  58281987
Gurobi shell based on Python 3.12.3 can be launched with command `gurobi.sh`
Gurobi Python Interface can be loaded in Python 3.12.3 with 'import gurobipy'
RUM estimation on all-binary-menu synthetic data (n = 44)
Running 5 seeds. Outputs:
  /vast/palmer/home.grace/hc654/Random-Utility-Models/feasibility_analysis_binary_menus/results_runs/run_summary_n044.csv
  /vast/palmer/home.grace/hc654/Random-Utility-Models/feasibility_analysis_binary_menus/results_runs/run_log_n044.txt
  /vast/palmer/home.grace/hc654/Random-Utility-Models/feasibility_analysis_binary_menus/results_runs/run_details_n044.mat
  /vast/palmer/home.grace/hc654/Random-Utility-Models/feasibility_analysis_binary_menus/results_runs/run_iptimes_n044.csv

Host: r816u29n02.grace.ycrc.yale.edu
CPU:  Intel(R) Xeon(R) Gold 6342 CPU @ 2.80GHz
OS:   GLNXA64 | logical cores: 8 | MATLAB: 23.2.0.2428915 (R2023b) Update 4


========================================================
[1/5] n = 44, seed = 1  (all binary menus)
========================================================
[fractions mode] counts(s) = round(frac(s) * C(n,s))  (total 946 menus).
Generating fake data for n=44 alternatives, 946 menus (Dirichlet probs)...
Generated 1892 rows from 946 menus (946 unique).
Menu size distribution actually drawn:
  size 2: 946 menus (100.0%)

n = 44 | 1892 observations | 946 unique menus | menu sizes 2..2

  -- CG_IP --  (budget: 604800.0 s)
Starting column generation with 1 initial columns...
Pricing mode: IP
Generating choice sets only (rankings built on-demand)...
Using 1892 provided choice sets
✓ 1892 choice sets generated (no ranking enumeration needed)

B_IP_pricing_build: 0.03s (nvars=1936, ncons=27434)
  IP pricing time: 0.2005 s (solve 0.1823 s, gurobi.runtime 0.1459 s)
Iter 1 | error = 660.235953 | best_score = 9.7161e+02 | FW gap = Inf | min = 9.7161e+02 |
  IP pricing time: 810.3060 s (solve 810.2981 s, gurobi.runtime 810.1815 s)
Iter 2 | error = 161.279826 | best_score = 9.4836e+01 | FW gap = Inf | min = 9.4836e+01 |
  IP pricing time: 1171.5726 s (solve 1171.5666 s, gurobi.runtime 1171.4981 s)
Iter 3 | error = 142.148314 | best_score = 8.9113e+01 | FW gap = Inf | min = 8.9113e+01 |
  IP pricing time: 51.2785 s (solve 51.2702 s, gurobi.runtime 51.2116 s)
Iter 4 | error = 123.913593 | best_score = 8.6304e+01 | FW gap = Inf | min = 8.6304e+01 |
  IP pricing time: 306.2676 s (solve 306.2448 s, gurobi.runtime 306.1800 s)
Iter 5 | error = 103.999218 | best_score = 7.4694e+01 | FW gap = Inf | min = 7.4694e+01 |
  IP pricing time: 802.5674 s (solve 802.5621 s, gurobi.runtime 802.4450 s)
Iter 6 | error = 92.468532 | best_score = 5.9538e+01 | FW gap = Inf | min = 5.9538e+01 |
  IP pricing time: 7379.9071 s (solve 7379.9023 s, gurobi.runtime 7379.8215 s)
Iter 7 | error = 86.113873 | best_score = 4.6076e+01 | FW gap = Inf | min = 4.6076e+01 |
  IP pricing time: 1128.1003 s (solve 1128.0954 s, gurobi.runtime 1128.0340 s)
Iter 8 | error = 81.747165 | best_score = 4.0406e+01 | FW gap = 8.3523e+00 | min = 8.3523e+00 |
  IP pricing time: 1792.4411 s (solve 1792.4363 s, gurobi.runtime 1792.3380 s)
Iter 9 | error = 78.194426 | best_score = 3.3476e+01 | FW gap = 1.6373e+00 | min = 1.6373e+00 |
  IP pricing time: 16910.1083 s (solve 16910.1036 s, gurobi.runtime 16909.9704 s)
Iter 10 | error = 75.885128 | best_score = 2.7217e+01 | FW gap = 8.8083e-01 | min = 8.8083e-01 |
