SLURM_JOBID:  58256202
SLURM_ARRAY_TASK_ID:  53
SLURM_ARRAY_JOB_ID:  58254188
Gurobi shell based on Python 3.12.3 can be launched with command `gurobi.sh`
Gurobi Python Interface can be loaded in Python 3.12.3 with 'import gurobipy'
RUM estimation on all-binary-menu synthetic data (n = 53)
Running 5 seeds. Outputs:
  /vast/palmer/home.grace/hc654/Random-Utility-Models/feasibility_analysis_binary_menus/results_runs/run_summary_n053.csv
  /vast/palmer/home.grace/hc654/Random-Utility-Models/feasibility_analysis_binary_menus/results_runs/run_log_n053.txt
  /vast/palmer/home.grace/hc654/Random-Utility-Models/feasibility_analysis_binary_menus/results_runs/run_details_n053.mat
  /vast/palmer/home.grace/hc654/Random-Utility-Models/feasibility_analysis_binary_menus/results_runs/run_iptimes_n053.csv

Host: r816u23n06.grace.ycrc.yale.edu
CPU:  Intel(R) Xeon(R) Gold 6342 CPU @ 2.80GHz
OS:   GLNXA64 | logical cores: 4 | MATLAB: 23.2.0.2428915 (R2023b) Update 4


========================================================
[1/5] n = 53, seed = 1  (all binary menus)
========================================================
[fractions mode] counts(s) = round(frac(s) * C(n,s))  (total 1378 menus).
Generating fake data for n=53 alternatives, 1378 menus (Dirichlet probs)...
Generated 2756 rows from 1378 menus (1378 unique).
Menu size distribution actually drawn:
  size 2: 1378 menus (100.0%)

n = 53 | 2756 observations | 1378 unique menus | menu sizes 2..2

  -- CG_IP --  (budget: 604800.0 s)
Starting column generation with 1 initial columns...
Pricing mode: IP
Generating choice sets only (rankings built on-demand)...
Using 2756 provided choice sets
✓ 2756 choice sets generated (no ranking enumeration needed)

B_IP_pricing_build: 0.04s (nvars=2809, ncons=48230)
  IP pricing time: 0.3811 s (solve 0.3582 s, gurobi.runtime 0.3097 s)
Iter 1 | error = 916.101503 | best_score = 1375.5588 |
 