SLURM_JOBID:  58254275
SLURM_ARRAY_TASK_ID:  42
SLURM_ARRAY_JOB_ID:  58254188
Gurobi shell based on Python 3.12.3 can be launched with command `gurobi.sh`
Gurobi Python Interface can be loaded in Python 3.12.3 with 'import gurobipy'
RUM estimation on all-binary-menu synthetic data (n = 42)
Running 5 seeds. Outputs:
  /vast/palmer/home.grace/hc654/Random-Utility-Models/feasibility_analysis_binary_menus/results_runs/run_summary_n042.csv
  /vast/palmer/home.grace/hc654/Random-Utility-Models/feasibility_analysis_binary_menus/results_runs/run_log_n042.txt
  /vast/palmer/home.grace/hc654/Random-Utility-Models/feasibility_analysis_binary_menus/results_runs/run_details_n042.mat
  /vast/palmer/home.grace/hc654/Random-Utility-Models/feasibility_analysis_binary_menus/results_runs/run_iptimes_n042.csv

Host: r816u29n04.grace.ycrc.yale.edu
CPU:  Intel(R) Xeon(R) Gold 6342 CPU @ 2.80GHz
OS:   GLNXA64 | logical cores: 4 | MATLAB: 23.2.0.2428915 (R2023b) Update 4


========================================================
[1/5] n = 42, seed = 1  (all binary menus)
========================================================
[fractions mode] counts(s) = round(frac(s) * C(n,s))  (total 861 menus).
Generating fake data for n=42 alternatives, 861 menus (Dirichlet probs)...
Generated 1722 rows from 861 menus (861 unique).
Menu size distribution actually drawn:
  size 2: 861 menus (100.0%)

n = 42 | 1722 observations | 861 unique menus | menu sizes 2..2

  -- CG_IP --  (budget: 604800.0 s)
Starting column generation with 1 initial columns...
Pricing mode: IP
Generating choice sets only (rankings built on-demand)...
Using 1722 provided choice sets
✓ 1722 choice sets generated (no ranking enumeration needed)

B_IP_pricing_build: 0.04s (nvars=1764, ncons=23821)
  IP pricing time: 0.1976 s (solve 0.1718 s, gurobi.runtime 0.1477 s)
Iter 1 | error = 559.170876 | best_score = 843.9264 |
   IP pricing time: 2122.1150 s (solve 2122.1022 s, gurobi.runtime 2122.0385 s)
Iter 2 | error = 145.575182 | best_score = 85.2504 |
   IP pricing time: 8105.2379 s (solve 8105.2317 s, gurobi.runtime 8105.1706 s)
Iter 3 | error = 128.448234 | best_score = 75.7917 |
   IP pricing time: 38.1278 s (solve 38.1191 s, gurobi.runtime 38.0415 s)
Iter 4 | error = 114.142675 | best_score = 82.3155 |
   IP pricing time: 242.6081 s (solve 242.5873 s, gurobi.runtime 242.5410 s)
Iter 5 | error = 95.570895 | best_score = 72.3929 |
   IP pricing time: 2987.6044 s (solve 2987.5995 s, gurobi.runtime 2987.5428 s)
Iter 6 | error = 82.782906 | best_score = 52.7864 |
   IP pricing time: 2598.6874 s (solve 2598.6829 s, gurobi.runtime 2598.6252 s)
Iter 7 | error = 77.315345 | best_score = 43.0525 |
   IP pricing time: 11752.4843 s (solve 11752.4799 s, gurobi.runtime 11752.4160 s)
Iter 8 | error = 72.954526 | best_score = 35.5861 |
   IP pricing time: 19934.0801 s (solve 19934.0754 s, gurobi.runtime 19934.0321 s)
Iter 9 | error = 70.052692 | best_score = 30.2470 |
 