SLURM_JOBID:  58300680
SLURM_ARRAY_TASK_ID:  43
SLURM_ARRAY_JOB_ID:  58281987
Gurobi shell based on Python 3.12.3 can be launched with command `gurobi.sh`
Gurobi Python Interface can be loaded in Python 3.12.3 with 'import gurobipy'
RUM estimation on all-binary-menu synthetic data (n = 43)
Running 5 seeds. Outputs:
  /vast/palmer/home.grace/hc654/Random-Utility-Models/feasibility_analysis_binary_menus/results_runs/run_summary_n043.csv
  /vast/palmer/home.grace/hc654/Random-Utility-Models/feasibility_analysis_binary_menus/results_runs/run_log_n043.txt
  /vast/palmer/home.grace/hc654/Random-Utility-Models/feasibility_analysis_binary_menus/results_runs/run_details_n043.mat
  /vast/palmer/home.grace/hc654/Random-Utility-Models/feasibility_analysis_binary_menus/results_runs/run_iptimes_n043.csv

Host: r816u29n02.grace.ycrc.yale.edu
CPU:  Intel(R) Xeon(R) Gold 6342 CPU @ 2.80GHz
OS:   GLNXA64 | logical cores: 8 | MATLAB: 23.2.0.2428915 (R2023b) Update 4


========================================================
[1/5] n = 43, seed = 1  (all binary menus)
========================================================
[fractions mode] counts(s) = round(frac(s) * C(n,s))  (total 903 menus).
Generating fake data for n=43 alternatives, 903 menus (Dirichlet probs)...
Generated 1806 rows from 903 menus (903 unique).
Menu size distribution actually drawn:
  size 2: 903 menus (100.0%)

n = 43 | 1806 observations | 903 unique menus | menu sizes 2..2

  -- CG_IP --  (budget: 604800.0 s)
Starting column generation with 1 initial columns...
Pricing mode: IP
Generating choice sets only (rankings built on-demand)...
Using 1806 provided choice sets
✓ 1806 choice sets generated (no ranking enumeration needed)

B_IP_pricing_build: 0.04s (nvars=1849, ncons=25585)
  IP pricing time: 0.1918 s (solve 0.1699 s, gurobi.runtime 0.1504 s)
Iter 1 | error = 607.391467 | best_score = 9.0834e+02 | FW gap = Inf | min = 9.0834e+02 |
  IP pricing time: 1069.5444 s (solve 1069.5361 s, gurobi.runtime 1069.4345 s)
Iter 2 | error = 150.535887 | best_score = 8.7535e+01 | FW gap = Inf | min = 8.7535e+01 |
  IP pricing time: 3997.3003 s (solve 3997.2941 s, gurobi.runtime 3997.2315 s)
Iter 3 | error = 133.552098 | best_score = 7.8716e+01 | FW gap = Inf | min = 7.8716e+01 |
  IP pricing time: 179.7605 s (solve 179.7518 s, gurobi.runtime 179.6918 s)
Iter 4 | error = 118.937533 | best_score = 8.3898e+01 | FW gap = Inf | min = 8.3898e+01 |
  IP pricing time: 51.6508 s (solve 51.6369 s, gurobi.runtime 51.5974 s)
Iter 5 | error = 100.657214 | best_score = 7.8611e+01 | FW gap = Inf | min = 7.8611e+01 |
  IP pricing time: 502.1019 s (solve 502.0965 s, gurobi.runtime 502.0273 s)
Iter 6 | error = 86.492930 | best_score = 5.7830e+01 | FW gap = Inf | min = 5.7830e+01 |
  IP pricing time: 223.7919 s (solve 223.7872 s, gurobi.runtime 223.7316 s)
Iter 7 | error = 79.879508 | best_score = 4.7597e+01 | FW gap = Inf | min = 4.7597e+01 |
  IP pricing time: 7950.8933 s (solve 7950.8886 s, gurobi.runtime 7950.8199 s)
Iter 8 | error = 75.160207 | best_score = 3.5290e+01 | FW gap = 3.0508e+00 | min = 3.0508e+00 |
  IP pricing time: 2812.6174 s (solve 2812.6124 s, gurobi.runtime 2812.5439 s)
Iter 9 | error = 71.995423 | best_score = 3.3201e+01 | FW gap = 2.5880e+00 | min = 2.5880e+00 |
  IP pricing time: 117908.0533 s (solve 117908.0486 s, gurobi.runtime 117907.9162 s)
Iter 10 | error = 69.434531 | best_score = 2.4301e+01 | FW gap = 8.2567e-01 | min = 8.2567e-01 |
  IP pricing time: 61489.0697 s (solve 61489.0649 s, gurobi.runtime 61488.9798 s)
Iter 11 | error = 67.956364 | best_score = 2.3277e+01 | FW gap = 7.8191e-01 | min = 7.8191e-01 |
  IP pricing time: 93841.9906 s (solve 93841.9861 s, gurobi.runtime 93841.8895 s)
Iter 12 | error = 66.630863 | best_score = 2.0098e+01 | FW gap = 5.8761e-01 | min = 5.8761e-01 |
  IP pricing time: 117425.2701 s (solve 117425.2654 s, gurobi.runtime 117425.1513 s)
Iter 13 | error = 65.495696 | best_score = 1.9339e+01 | FW gap = 5.6277e-01 | min = 5.6277e-01 |
