SLURM_JOBID:  58254272
SLURM_ARRAY_TASK_ID:  39
SLURM_ARRAY_JOB_ID:  58254188
Gurobi shell based on Python 3.12.3 can be launched with command `gurobi.sh`
Gurobi Python Interface can be loaded in Python 3.12.3 with 'import gurobipy'
RUM estimation on all-binary-menu synthetic data (n = 39)
Running 5 seeds. Outputs:
  /vast/palmer/home.grace/hc654/Random-Utility-Models/feasibility_analysis_binary_menus/results_runs/run_summary_n039.csv
  /vast/palmer/home.grace/hc654/Random-Utility-Models/feasibility_analysis_binary_menus/results_runs/run_log_n039.txt
  /vast/palmer/home.grace/hc654/Random-Utility-Models/feasibility_analysis_binary_menus/results_runs/run_details_n039.mat
  /vast/palmer/home.grace/hc654/Random-Utility-Models/feasibility_analysis_binary_menus/results_runs/run_iptimes_n039.csv

Host: r816u35n01.grace.ycrc.yale.edu
CPU:  Intel(R) Xeon(R) Gold 6342 CPU @ 2.80GHz
OS:   GLNXA64 | logical cores: 4 | MATLAB: 23.2.0.2428915 (R2023b) Update 4


========================================================
[1/5] n = 39, seed = 1  (all binary menus)
========================================================
[fractions mode] counts(s) = round(frac(s) * C(n,s))  (total 741 menus).
Generating fake data for n=39 alternatives, 741 menus (Dirichlet probs)...
Generated 1482 rows from 741 menus (741 unique).
Menu size distribution actually drawn:
  size 2: 741 menus (100.0%)

n = 39 | 1482 observations | 741 unique menus | menu sizes 2..2

  -- CG_IP --  (budget: 604800.0 s)
Starting column generation with 1 initial columns...
Pricing mode: IP
Generating choice sets only (rankings built on-demand)...
Using 1482 provided choice sets
✓ 1482 choice sets generated (no ranking enumeration needed)

B_IP_pricing_build: 0.03s (nvars=1521, ncons=19019)
  IP pricing time: 0.3254 s (solve 0.3025 s, gurobi.runtime 0.2243 s)
Iter 1 | error = 499.240321 | best_score = 744.4587 |
   IP pricing time: 136.3617 s (solve 136.3496 s, gurobi.runtime 136.2702 s)
Iter 2 | error = 125.273506 | best_score = 78.0222 |
   IP pricing time: 512.1033 s (solve 512.0967 s, gurobi.runtime 512.0479 s)
Iter 3 | error = 108.782301 | best_score = 66.8240 |
   IP pricing time: 34.1214 s (solve 34.1141 s, gurobi.runtime 34.0842 s)
Iter 4 | error = 96.128679 | best_score = 68.6441 |
   IP pricing time: 13.1864 s (solve 13.1765 s, gurobi.runtime 13.1443 s)
Iter 5 | error = 81.517715 | best_score = 65.2636 |
   IP pricing time: 3.6625 s (solve 3.6587 s, gurobi.runtime 3.5915 s)
Iter 6 | error = 69.322898 | best_score = 56.8337 |
   IP pricing time: 16.4858 s (solve 16.4819 s, gurobi.runtime 16.4501 s)
Iter 7 | error = 62.117404 | best_score = 37.0086 |
   IP pricing time: 1138.1997 s (solve 1138.1958 s, gurobi.runtime 1138.0905 s)
Iter 8 | error = 58.747895 | best_score = 26.2247 |
   IP pricing time: 957.1787 s (solve 957.1744 s, gurobi.runtime 957.1181 s)
Iter 9 | error = 56.685215 | best_score = 25.0441 |
   IP pricing time: 2046.0354 s (solve 2046.0315 s, gurobi.runtime 2045.9914 s)
Iter 10 | error = 54.970539 | best_score = 21.0990 |
   IP pricing time: 5074.8055 s (solve 5074.8015 s, gurobi.runtime 5074.7727 s)
Iter 11 | error = 53.668171 | best_score = 17.9007 |
   IP pricing time: 24860.2494 s (solve 24860.2454 s, gurobi.runtime 24860.1896 s)
Iter 12 | error = 52.751169 | best_score = 14.8229 |
   IP pricing time: 6875.9355 s (solve 6875.9317 s, gurobi.runtime 6875.8711 s)
Iter 13 | error = 51.985129 | best_score = 14.9177 |
 