SLURM_JOBID:  58256310
SLURM_ARRAY_TASK_ID:  55
SLURM_ARRAY_JOB_ID:  58254188
Gurobi shell based on Python 3.12.3 can be launched with command `gurobi.sh`
Gurobi Python Interface can be loaded in Python 3.12.3 with 'import gurobipy'
RUM estimation on all-binary-menu synthetic data (n = 55)
Running 5 seeds. Outputs:
  /vast/palmer/home.grace/hc654/Random-Utility-Models/feasibility_analysis_binary_menus/results_runs/run_summary_n055.csv
  /vast/palmer/home.grace/hc654/Random-Utility-Models/feasibility_analysis_binary_menus/results_runs/run_log_n055.txt
  /vast/palmer/home.grace/hc654/Random-Utility-Models/feasibility_analysis_binary_menus/results_runs/run_details_n055.mat
  /vast/palmer/home.grace/hc654/Random-Utility-Models/feasibility_analysis_binary_menus/results_runs/run_iptimes_n055.csv

Host: r816u35n02.grace.ycrc.yale.edu
CPU:  Intel(R) Xeon(R) Gold 6342 CPU @ 2.80GHz
OS:   GLNXA64 | logical cores: 4 | MATLAB: 23.2.0.2428915 (R2023b) Update 4


========================================================
[1/5] n = 55, seed = 1  (all binary menus)
========================================================
[fractions mode] counts(s) = round(frac(s) * C(n,s))  (total 1485 menus).
Generating fake data for n=55 alternatives, 1485 menus (Dirichlet probs)...
Generated 2970 rows from 1485 menus (1485 unique).
Menu size distribution actually drawn:
  size 2: 1485 menus (100.0%)

n = 55 | 2970 observations | 1485 unique menus | menu sizes 2..2

  -- CG_IP --  (budget: 604800.0 s)
Starting column generation with 1 initial columns...
Pricing mode: IP
Generating choice sets only (rankings built on-demand)...
Using 2970 provided choice sets
✓ 2970 choice sets generated (no ranking enumeration needed)

B_IP_pricing_build: 0.04s (nvars=3025, ncons=53955)
  IP pricing time: 0.5130 s (solve 0.4680 s, gurobi.runtime 0.3636 s)
Iter 1 | error = 984.811694 | best_score = 1477.8918 |
 