SLURM_JOBID:  58254283
SLURM_ARRAY_TASK_ID:  45
SLURM_ARRAY_JOB_ID:  58254188
Gurobi shell based on Python 3.12.3 can be launched with command `gurobi.sh`
Gurobi Python Interface can be loaded in Python 3.12.3 with 'import gurobipy'
RUM estimation on all-binary-menu synthetic data (n = 45)
Running 5 seeds. Outputs:
  /vast/palmer/home.grace/hc654/Random-Utility-Models/feasibility_analysis_binary_menus/results_runs/run_summary_n045.csv
  /vast/palmer/home.grace/hc654/Random-Utility-Models/feasibility_analysis_binary_menus/results_runs/run_log_n045.txt
  /vast/palmer/home.grace/hc654/Random-Utility-Models/feasibility_analysis_binary_menus/results_runs/run_details_n045.mat
  /vast/palmer/home.grace/hc654/Random-Utility-Models/feasibility_analysis_binary_menus/results_runs/run_iptimes_n045.csv

Host: r816u29n04.grace.ycrc.yale.edu
CPU:  Intel(R) Xeon(R) Gold 6342 CPU @ 2.80GHz
OS:   GLNXA64 | logical cores: 4 | MATLAB: 23.2.0.2428915 (R2023b) Update 4


========================================================
[1/5] n = 45, seed = 1  (all binary menus)
========================================================
[fractions mode] counts(s) = round(frac(s) * C(n,s))  (total 990 menus).
Generating fake data for n=45 alternatives, 990 menus (Dirichlet probs)...
Generated 1980 rows from 990 menus (990 unique).
Menu size distribution actually drawn:
  size 2: 990 menus (100.0%)

n = 45 | 1980 observations | 990 unique menus | menu sizes 2..2

  -- CG_IP --  (budget: 604800.0 s)
Starting column generation with 1 initial columns...
Pricing mode: IP
Generating choice sets only (rankings built on-demand)...
Using 1980 provided choice sets
✓ 1980 choice sets generated (no ranking enumeration needed)

B_IP_pricing_build: 0.04s (nvars=2025, ncons=29370)
  IP pricing time: 0.2507 s (solve 0.2281 s, gurobi.runtime 0.1938 s)
Iter 1 | error = 687.150204 | best_score = 1012.2841 |
   IP pricing time: 857.1840 s (solve 857.1748 s, gurobi.runtime 857.0790 s)
Iter 2 | error = 169.615281 | best_score = 104.6693 |
   IP pricing time: 27626.3156 s (solve 27626.3085 s, gurobi.runtime 27626.2369 s)
Iter 3 | error = 147.377705 | best_score = 89.5788 |
   IP pricing time: 767.1489 s (solve 767.1388 s, gurobi.runtime 767.0824 s)
Iter 4 | error = 129.928690 | best_score = 91.7716 |
   IP pricing time: 1221.4179 s (solve 1221.3923 s, gurobi.runtime 1221.3307 s)
Iter 5 | error = 110.465403 | best_score = 81.6049 |
   IP pricing time: 406.0429 s (solve 406.0372 s, gurobi.runtime 405.9892 s)
Iter 6 | error = 96.171931 | best_score = 67.7957 |
   IP pricing time: 23402.0917 s (solve 23402.0864 s, gurobi.runtime 23402.0295 s)
Iter 7 | error = 88.435377 | best_score = 47.9139 |
 