SLURM_JOBID:  58281994
SLURM_ARRAY_TASK_ID:  20
SLURM_ARRAY_JOB_ID:  58281987
Gurobi shell based on Python 3.12.3 can be launched with command `gurobi.sh`
Gurobi Python Interface can be loaded in Python 3.12.3 with 'import gurobipy'
RUM estimation on all-binary-menu synthetic data (n = 20)
Running 5 seeds. Outputs:
  /vast/palmer/home.grace/hc654/Random-Utility-Models/feasibility_analysis_binary_menus/results_runs/run_summary_n020.csv
  /vast/palmer/home.grace/hc654/Random-Utility-Models/feasibility_analysis_binary_menus/results_runs/run_log_n020.txt
  /vast/palmer/home.grace/hc654/Random-Utility-Models/feasibility_analysis_binary_menus/results_runs/run_details_n020.mat
  /vast/palmer/home.grace/hc654/Random-Utility-Models/feasibility_analysis_binary_menus/results_runs/run_iptimes_n020.csv

Host: r816u29n05.grace.ycrc.yale.edu
CPU:  Intel(R) Xeon(R) Gold 6342 CPU @ 2.80GHz
OS:   GLNXA64 | logical cores: 8 | MATLAB: 23.2.0.2428915 (R2023b) Update 4


========================================================
[1/5] n = 20, seed = 1  (all binary menus)
========================================================
[fractions mode] counts(s) = round(frac(s) * C(n,s))  (total 190 menus).
Generating fake data for n=20 alternatives, 190 menus (Dirichlet probs)...
Generated 380 rows from 190 menus (190 unique).
Menu size distribution actually drawn:
  size 2: 190 menus (100.0%)

n = 20 | 380 observations | 190 unique menus | menu sizes 2..2

  -- CG_IP --  (budget: 604800.0 s)
Starting column generation with 1 initial columns...
Pricing mode: IP
Generating choice sets only (rankings built on-demand)...
Using 380 provided choice sets
✓ 380 choice sets generated (no ranking enumeration needed)

B_IP_pricing_build: 0.03s (nvars=400, ncons=2470)
  IP pricing time: 0.0380 s (solve 0.0223 s, gurobi.runtime 0.0117 s)
Iter 1 | error = 119.372795 | best_score = 1.8488e+02 | FW gap = Inf | min = 1.8488e+02 |
  IP pricing time: 0.0262 s (solve 0.0225 s, gurobi.runtime 0.0175 s)
Iter 2 | error = 29.420011 | best_score = 2.2742e+01 | FW gap = Inf | min = 2.2742e+01 |
  IP pricing time: 0.0448 s (solve 0.0431 s, gurobi.runtime 0.0273 s)
Iter 3 | error = 23.836811 | best_score = 2.1021e+01 | FW gap = Inf | min = 2.1021e+01 |
  IP pricing time: 0.0365 s (solve 0.0335 s, gurobi.runtime 0.0288 s)
Iter 4 | error = 18.552953 | best_score = 1.7579e+01 | FW gap = Inf | min = 1.7579e+01 |
  IP pricing time: 0.0346 s (solve 0.0276 s, gurobi.runtime 0.0227 s)
Iter 5 | error = 14.535742 | best_score = 1.7404e+01 | FW gap = Inf | min = 1.7404e+01 |
  IP pricing time: 0.0200 s (solve 0.0187 s, gurobi.runtime 0.0139 s)
Iter 6 | error = 11.996453 | best_score = 1.1426e+01 | FW gap = Inf | min = 1.1426e+01 |
  IP pricing time: 0.0207 s (solve 0.0198 s, gurobi.runtime 0.0151 s)
Iter 7 | error = 10.595369 | best_score = 9.2014e+00 | FW gap = Inf | min = 9.2014e+00 |
  IP pricing time: 0.0228 s (solve 0.0218 s, gurobi.runtime 0.0173 s)
Iter 8 | error = 9.784904 | best_score = 5.7038e+00 | FW gap = Inf | min = 5.7038e+00 |
  IP pricing time: 0.0608 s (solve 0.0598 s, gurobi.runtime 0.0555 s)
Iter 9 | error = 9.388549 | best_score = 4.7104e+00 | FW gap = Inf | min = 4.7104e+00 |
  IP pricing time: 0.1199 s (solve 0.1189 s, gurobi.runtime 0.0955 s)
Iter 10 | error = 9.128326 | best_score = 4.0128e+00 | FW gap = 1.8771e+00 | min = 1.8771e+00 |
  IP pricing time: 0.0739 s (solve 0.0729 s, gurobi.runtime 0.0687 s)
Iter 11 | error = 8.875037 | best_score = 3.5178e+00 | FW gap = 1.1966e+00 | min = 1.1966e+00 |
  IP pricing time: 0.4491 s (solve 0.4480 s, gurobi.runtime 0.4369 s)
Iter 12 | error = 8.690873 | best_score = 3.0108e+00 | FW gap = 8.0438e-01 | min = 8.0438e-01 |
  IP pricing time: 0.1920 s (solve 0.1911 s, gurobi.runtime 0.1786 s)
Iter 13 | error = 8.548640 | best_score = 3.1450e+00 | FW gap = 9.4544e-01 | min = 9.4544e-01 |
  IP pricing time: 0.1551 s (solve 0.1541 s, gurobi.runtime 0.1462 s)
Iter 14 | error = 8.403445 | best_score = 2.6741e+00 | FW gap = 6.5846e-01 | min = 6.5846e-01 |
  IP pricing time: 0.2161 s (solve 0.2151 s, gurobi.runtime 0.2035 s)
Iter 15 | error = 8.294077 | best_score = 2.6449e+00 | FW gap = 6.6155e-01 | min = 6.6155e-01 |
  IP pricing time: 0.4495 s (solve 0.4485 s, gurobi.runtime 0.4363 s)
Iter 16 | error = 8.182148 | best_score = 2.0476e+00 | FW gap = 4.1494e-01 | min = 4.1494e-01 |
  IP pricing time: 0.4141 s (solve 0.4131 s, gurobi.runtime 0.3787 s)
Iter 17 | error = 8.107386 | best_score = 2.0588e+00 | FW gap = 4.2551e-01 | min = 4.2551e-01 |
  IP pricing time: 0.3113 s (solve 0.3104 s, gurobi.runtime 0.2977 s)
Iter 18 | error = 8.022870 | best_score = 2.1341e+00 | FW gap = 4.6177e-01 | min = 4.6177e-01 |
  IP pricing time: 0.1475 s (solve 0.1465 s, gurobi.runtime 0.1372 s)
Iter 19 | error = 7.956381 | best_score = 2.2281e+00 | FW gap = 5.0767e-01 | min = 5.0767e-01 |
  IP pricing time: 0.2871 s (solve 0.2858 s, gurobi.runtime 0.2778 s)
Iter 20 | error = 7.859955 | best_score = 1.7447e+00 | FW gap = 3.4104e-01 | min = 3.4104e-01 |
  IP pricing time: 0.4077 s (solve 0.4067 s, gurobi.runtime 0.3892 s)
Iter 21 | error = 7.807683 | best_score = 1.5753e+00 | FW gap = 2.9482e-01 | min = 2.9482e-01 |
  IP pricing time: 0.4317 s (solve 0.4307 s, gurobi.runtime 0.4165 s)
Iter 22 | error = 7.747976 | best_score = 1.6800e+00 | FW gap = 3.2881e-01 | min = 3.2881e-01 |
  IP pricing time: 0.2907 s (solve 0.2897 s, gurobi.runtime 0.2753 s)
Iter 23 | error = 7.697433 | best_score = 1.6683e+00 | FW gap = 3.2858e-01 | min = 3.2858e-01 |
  IP pricing time: 0.2846 s (solve 0.2836 s, gurobi.runtime 0.2707 s)
Iter 24 | error = 7.649197 | best_score = 1.6151e+00 | FW gap = 3.1567e-01 | min = 3.1567e-01 |
  IP pricing time: 0.4042 s (solve 0.4030 s, gurobi.runtime 0.3906 s)
Iter 25 | error = 7.598689 | best_score = 1.3859e+00 | FW gap = 2.5468e-01 | min = 2.5468e-01 |
  IP pricing time: 0.7082 s (solve 0.7072 s, gurobi.runtime 0.6887 s)
Iter 26 | error = 7.556933 | best_score = 1.0389e+00 | FW gap = 1.7440e-01 | min = 1.7440e-01 |
  IP pricing time: 0.5748 s (solve 0.5738 s, gurobi.runtime 0.5558 s)
Iter 27 | error = 7.538002 | best_score = 1.0990e+00 | FW gap = 1.8812e-01 | min = 1.8812e-01 |
  IP pricing time: 0.6213 s (solve 0.6203 s, gurobi.runtime 0.6022 s)
Iter 28 | error = 7.510140 | best_score = 9.2112e-01 | FW gap = 1.5110e-01 | min = 1.5110e-01 |
  IP pricing time: 0.5131 s (solve 0.5121 s, gurobi.runtime 0.5064 s)
Iter 29 | error = 7.491848 | best_score = 1.0979e+00 | FW gap = 1.8936e-01 | min = 1.8936e-01 |
  IP pricing time: 0.5599 s (solve 0.5589 s, gurobi.runtime 0.5436 s)
Iter 30 | error = 7.459731 | best_score = 8.7145e-01 | FW gap = 1.4231e-01 | min = 1.4231e-01 |
  IP pricing time: 0.6552 s (solve 0.6542 s, gurobi.runtime 0.6284 s)
Iter 31 | error = 7.435712 | best_score = 7.6036e-01 | FW gap = 1.2120e-01 | min = 1.2120e-01 |
  IP pricing time: 0.6012 s (solve 0.6002 s, gurobi.runtime 0.5874 s)
Iter 32 | error = 7.414079 | best_score = 7.7000e-01 | FW gap = 1.2346e-01 | min = 1.2346e-01 |
  IP pricing time: 0.6041 s (solve 0.6031 s, gurobi.runtime 0.5886 s)
Iter 33 | error = 7.402210 | best_score = 6.7085e-01 | FW gap = 1.0516e-01 | min = 1.0516e-01 |
  IP pricing time: 0.5558 s (solve 0.5549 s, gurobi.runtime 0.5409 s)
Iter 34 | error = 7.386649 | best_score = 8.3325e-01 | FW gap = 1.3637e-01 | min = 1.3637e-01 |
  IP pricing time: 0.4271 s (solve 0.4261 s, gurobi.runtime 0.4103 s)
Iter 35 | error = 7.362415 | best_score = 9.2107e-01 | FW gap = 1.5486e-01 | min = 1.5486e-01 |
  IP pricing time: 0.5861 s (solve 0.5851 s, gurobi.runtime 0.5665 s)
Iter 36 | error = 7.333444 | best_score = 7.1936e-01 | FW gap = 1.1538e-01 | min = 1.1538e-01 |
  IP pricing time: 0.6250 s (solve 0.6240 s, gurobi.runtime 0.6189 s)
Iter 37 | error = 7.320573 | best_score = 5.7330e-01 | FW gap = 8.8906e-02 | min = 8.8906e-02 |
  IP pricing time: 0.5264 s (solve 0.5254 s, gurobi.runtime 0.5069 s)
Iter 38 | error = 7.307923 | best_score = 6.7675e-01 | FW gap = 1.0784e-01 | min = 1.0784e-01 |
  IP pricing time: 0.4870 s (solve 0.4860 s, gurobi.runtime 0.4761 s)
Iter 39 | error = 7.287928 | best_score = 7.8494e-01 | FW gap = 1.2896e-01 | min = 1.2896e-01 |
  IP pricing time: 0.6568 s (solve 0.6558 s, gurobi.runtime 0.6460 s)
Iter 40 | error = 7.266637 | best_score = 6.2051e-01 | FW gap = 9.8161e-02 | min = 9.8161e-02 |
  IP pricing time: 0.6942 s (solve 0.6932 s, gurobi.runtime 0.6824 s)
Iter 41 | error = 7.254121 | best_score = 5.3044e-01 | FW gap = 8.2264e-02 | min = 8.2264e-02 |
  IP pricing time: 0.5530 s (solve 0.5516 s, gurobi.runtime 0.5335 s)
Iter 42 | error = 7.246386 | best_score = 5.4553e-01 | FW gap = 8.5013e-02 | min = 8.5013e-02 |
  IP pricing time: 0.8699 s (solve 0.8686 s, gurobi.runtime 0.8622 s)
Iter 43 | error = 7.234647 | best_score = 4.1840e-01 | FW gap = 6.3389e-02 | min = 6.3389e-02 |
  IP pricing time: 0.8041 s (solve 0.8031 s, gurobi.runtime 0.7765 s)
Iter 44 | error = 7.228441 | best_score = 4.0705e-01 | FW gap = 6.1565e-02 | min = 6.1565e-02 |
  IP pricing time: 0.6987 s (solve 0.6977 s, gurobi.runtime 0.6746 s)
Iter 45 | error = 7.223962 | best_score = 4.0256e-01 | FW gap = 6.0862e-02 | min = 6.0862e-02 |
  IP pricing time: 0.9529 s (solve 0.9519 s, gurobi.runtime 0.9302 s)
Iter 46 | error = 7.214710 | best_score = 3.6107e-01 | FW gap = 5.4146e-02 | min = 5.4146e-02 |
  IP pricing time: 0.8641 s (solve 0.8631 s, gurobi.runtime 0.8478 s)
Iter 47 | error = 7.210493 | best_score = 3.5057e-01 | FW gap = 5.2479e-02 | min = 5.2479e-02 |
  IP pricing time: 1.1737 s (solve 1.1726 s, gurobi.runtime 1.1616 s)
Iter 48 | error = 7.205145 | best_score = 2.9883e-01 | FW gap = 4.4246e-02 | min = 4.4246e-02 |
  IP pricing time: 0.8625 s (solve 0.8615 s, gurobi.runtime 0.8387 s)
Iter 49 | error = 7.202005 | best_score = 3.7791e-01 | FW gap = 5.7001e-02 | min = 5.7001e-02 |
  IP pricing time: 0.7787 s (solve 0.7777 s, gurobi.runtime 0.7710 s)
Iter 50 | error = 7.197074 | best_score = 3.2424e-01 | FW gap = 4.8345e-02 | min = 4.8345e-02 |
  IP pricing time: 0.9811 s (solve 0.9801 s, gurobi.runtime 0.9733 s)
Iter 51 | error = 7.192642 | best_score = 3.1423e-01 | FW gap = 4.6777e-02 | min = 4.6777e-02 |
  IP pricing time: 0.9331 s (solve 0.9321 s, gurobi.runtime 0.9192 s)
Iter 52 | error = 7.188483 | best_score = 3.1696e-01 | FW gap = 4.7241e-02 | min = 4.7241e-02 |
  IP pricing time: 1.0777 s (solve 1.0766 s, gurobi.runtime 1.0612 s)
Iter 53 | error = 7.182546 | best_score = 3.1658e-01 | FW gap = 4.7222e-02 | min = 4.7222e-02 |
  IP pricing time: 1.1591 s (solve 1.1580 s, gurobi.runtime 1.1460 s)
Iter 54 | error = 7.178741 | best_score = 2.5937e-01 | FW gap = 3.8214e-02 | min = 3.8214e-02 |
  IP pricing time: 0.8238 s (solve 0.8228 s, gurobi.runtime 0.8009 s)
Iter 55 | error = 7.176410 | best_score = 3.2433e-01 | FW gap = 4.8508e-02 | min = 4.8508e-02 |
  IP pricing time: 1.3682 s (solve 1.3668 s, gurobi.runtime 1.3399 s)
Iter 56 | error = 7.166827 | best_score = 2.3771e-01 | FW gap = 3.4915e-02 | min = 3.4915e-02 |
  IP pricing time: 1.9025 s (solve 1.9015 s, gurobi.runtime 1.8838 s)
Iter 57 | error = 7.163818 | best_score = 2.1666e-01 | FW gap = 3.1689e-02 | min = 3.1689e-02 |
  IP pricing time: 1.8404 s (solve 1.8393 s, gurobi.runtime 1.8168 s)
Iter 58 | error = 7.161220 | best_score = 2.0871e-01 | FW gap = 3.0483e-02 | min = 3.0483e-02 |
  IP pricing time: 1.5028 s (solve 1.5018 s, gurobi.runtime 1.4668 s)
Iter 59 | error = 7.158645 | best_score = 2.1937e-01 | FW gap = 3.2129e-02 | min = 3.2129e-02 |
  IP pricing time: 1.2345 s (solve 1.2331 s, gurobi.runtime 1.2100 s)
Iter 60 | error = 7.155933 | best_score = 2.1739e-01 | FW gap = 3.1837e-02 | min = 3.1837e-02 |
  IP pricing time: 1.7468 s (solve 1.7458 s, gurobi.runtime 1.7296 s)
Iter 61 | error = 7.153063 | best_score = 1.9108e-01 | FW gap = 2.7834e-02 | min = 2.7834e-02 |
  IP pricing time: 2.1179 s (solve 2.1168 s, gurobi.runtime 2.0822 s)
Iter 62 | error = 7.150254 | best_score = 1.5120e-01 | FW gap = 2.1841e-02 | min = 2.1841e-02 |
  IP pricing time: 1.8466 s (solve 1.8452 s, gurobi.runtime 1.8235 s)
Iter 63 | error = 7.148939 | best_score = 1.4864e-01 | FW gap = 2.1464e-02 | min = 2.1464e-02 |
  IP pricing time: 2.0532 s (solve 2.0521 s, gurobi.runtime 2.0316 s)
Iter 64 | error = 7.147932 | best_score = 1.3603e-01 | FW gap = 1.9592e-02 | min = 1.9592e-02 |
  IP pricing time: 2.0813 s (solve 2.0802 s, gurobi.runtime 2.0623 s)
Iter 65 | error = 7.146334 | best_score = 1.5313e-01 | FW gap = 2.2143e-02 | min = 2.2143e-02 |
  IP pricing time: 2.4934 s (solve 2.4923 s, gurobi.runtime 2.4734 s)
Iter 66 | error = 7.144996 | best_score = 1.2852e-01 | FW gap = 1.8488e-02 | min = 1.8488e-02 |
  IP pricing time: 1.8438 s (solve 1.8428 s, gurobi.runtime 1.8251 s)
Iter 67 | error = 7.143374 | best_score = 1.4081e-01 | FW gap = 2.0314e-02 | min = 2.0314e-02 |
  IP pricing time: 1.5814 s (solve 1.5804 s, gurobi.runtime 1.5536 s)
Iter 68 | error = 7.142091 | best_score = 1.4175e-01 | FW gap = 2.0458e-02 | min = 2.0458e-02 |
  IP pricing time: 1.5460 s (solve 1.5446 s, gurobi.runtime 1.5238 s)
Iter 69 | error = 7.141028 | best_score = 1.2323e-01 | FW gap = 1.7716e-02 | min = 1.7716e-02 |
  IP pricing time: 2.1544 s (solve 2.1534 s, gurobi.runtime 2.1278 s)
Iter 70 | error = 7.138962 | best_score = 1.1998e-01 | FW gap = 1.7242e-02 | min = 1.7242e-02 |
  IP pricing time: 1.8870 s (solve 1.8860 s, gurobi.runtime 1.8600 s)
Iter 71 | error = 7.137488 | best_score = 1.3151e-01 | FW gap = 1.8951e-02 | min = 1.8951e-02 |
  IP pricing time: 1.5497 s (solve 1.5486 s, gurobi.runtime 1.5297 s)
Iter 72 | error = 7.136282 | best_score = 1.5586e-01 | FW gap = 2.2583e-02 | min = 2.2583e-02 |
  IP pricing time: 1.4100 s (solve 1.4090 s, gurobi.runtime 1.3912 s)
Iter 73 | error = 7.133076 | best_score = 1.4193e-01 | FW gap = 2.0512e-02 | min = 2.0512e-02 |
  IP pricing time: 1.9363 s (solve 1.9353 s, gurobi.runtime 1.9096 s)
Iter 74 | error = 7.131164 | best_score = 1.0440e-01 | FW gap = 1.4970e-02 | min = 1.4970e-02 |
  IP pricing time: 1.8161 s (solve 1.8147 s, gurobi.runtime 1.7836 s)
Iter 75 | error = 7.130028 | best_score = 1.0565e-01 | FW gap = 1.5155e-02 | min = 1.5155e-02 |
  IP pricing time: 2.1160 s (solve 2.1150 s, gurobi.runtime 2.0940 s)
Iter 76 | error = 7.128911 | best_score = 1.3180e-01 | FW gap = 1.9018e-02 | min = 1.9018e-02 |
  IP pricing time: 2.2419 s (solve 2.2408 s, gurobi.runtime 2.2163 s)
Iter 77 | error = 7.127241 | best_score = 1.1103e-01 | FW gap = 1.5952e-02 | min = 1.5952e-02 |
  IP pricing time: 1.9763 s (solve 1.9753 s, gurobi.runtime 1.9493 s)
Iter 78 | error = 7.126207 | best_score = 1.1908e-01 | FW gap = 1.7142e-02 | min = 1.7142e-02 |
  IP pricing time: 1.7797 s (solve 1.7787 s, gurobi.runtime 1.7538 s)
Iter 79 | error = 7.125366 | best_score = 8.7689e-02 | FW gap = 1.2539e-02 | min = 1.2539e-02 |
  IP pricing time: 2.6113 s (solve 2.6103 s, gurobi.runtime 2.5911 s)
Iter 80 | error = 7.124381 | best_score = 9.2461e-02 | FW gap = 1.3236e-02 | min = 1.3236e-02 |
  IP pricing time: 1.9802 s (solve 1.9789 s, gurobi.runtime 1.9605 s)
Iter 81 | error = 7.123650 | best_score = 9.0645e-02 | FW gap = 1.2973e-02 | min = 1.2973e-02 |
  IP pricing time: 2.5843 s (solve 2.5832 s, gurobi.runtime 2.5485 s)
Iter 82 | error = 7.122651 | best_score = 8.2108e-02 | FW gap = 1.1731e-02 | min = 1.1731e-02 |
  IP pricing time: 2.2533 s (solve 2.2522 s, gurobi.runtime 2.2263 s)
Iter 83 | error = 7.122099 | best_score = 7.3921e-02 | FW gap = 1.0543e-02 | min = 1.0543e-02 |
  IP pricing time: 2.5098 s (solve 2.5088 s, gurobi.runtime 2.4828 s)
Iter 84 | error = 7.121684 | best_score = 6.0485e-02 | FW gap = 8.6028e-03 | min = 8.6028e-03 |
Convergence Criterion Achieved (min(best_score, FW gap) = 8.6028e-03 < tol 1.0000e-02)
  CG_IP  status=ok  error=7.121684e+00  total=84.37s  iters=84  IP_calls=84  build=0.03s  solve_tot=82.72s  gur_tot=81.30s

========================================================
[2/5] n = 20, seed = 2  (all binary menus)
========================================================
[fractions mode] counts(s) = round(frac(s) * C(n,s))  (total 190 menus).
Generating fake data for n=20 alternatives, 190 menus (Dirichlet probs)...
Generated 380 rows from 190 menus (190 unique).
Menu size distribution actually drawn:
  size 2: 190 menus (100.0%)

n = 20 | 380 observations | 190 unique menus | menu sizes 2..2

  -- CG_IP --  (budget: 604800.0 s)
Starting column generation with 1 initial columns...
Pricing mode: IP
Generating choice sets only (rankings built on-demand)...
Using 380 provided choice sets
✓ 380 choice sets generated (no ranking enumeration needed)

B_IP_pricing_build: 0.01s (nvars=400, ncons=2470)
  IP pricing time: 0.0326 s (solve 0.0281 s, gurobi.runtime 0.0120 s)
Iter 1 | error = 126.548860 | best_score = 1.8812e+02 | FW gap = Inf | min = 1.8812e+02 |
  IP pricing time: 0.0340 s (solve 0.0318 s, gurobi.runtime 0.0143 s)
Iter 2 | error = 33.414956 | best_score = 2.6535e+01 | FW gap = Inf | min = 2.6535e+01 |
  IP pricing time: 0.0349 s (solve 0.0338 s, gurobi.runtime 0.0172 s)
Iter 3 | error = 25.962837 | best_score = 2.0965e+01 | FW gap = Inf | min = 2.0965e+01 |
  IP pricing time: 0.0320 s (solve 0.0310 s, gurobi.runtime 0.0156 s)
Iter 4 | error = 20.958626 | best_score = 1.9000e+01 | FW gap = Inf | min = 1.9000e+01 |
  IP pricing time: 0.0205 s (solve 0.0195 s, gurobi.runtime 0.0155 s)
Iter 5 | error = 16.719947 | best_score = 1.7313e+01 | FW gap = Inf | min = 1.7313e+01 |
  IP pricing time: 0.0219 s (solve 0.0208 s, gurobi.runtime 0.0161 s)
Iter 6 | error = 14.093624 | best_score = 1.0903e+01 | FW gap = Inf | min = 1.0903e+01 |
  IP pricing time: 0.0254 s (solve 0.0243 s, gurobi.runtime 0.0190 s)
Iter 7 | error = 12.893110 | best_score = 8.8043e+00 | FW gap = Inf | min = 8.8043e+00 |
  IP pricing time: 0.0609 s (solve 0.0599 s, gurobi.runtime 0.0557 s)
Iter 8 | error = 12.066486 | best_score = 6.7055e+00 | FW gap = Inf | min = 6.7055e+00 |
  IP pricing time: 0.0238 s (solve 0.0229 s, gurobi.runtime 0.0186 s)
Iter 9 | error = 11.554887 | best_score = 6.0625e+00 | FW gap = Inf | min = 6.0625e+00 |
  IP pricing time: 0.0402 s (solve 0.0392 s, gurobi.runtime 0.0230 s)
Iter 10 | error = 11.098166 | best_score = 4.6599e+00 | FW gap = 1.4982e+00 | min = 1.4982e+00 |
  IP pricing time: 0.0861 s (solve 0.0851 s, gurobi.runtime 0.0806 s)
Iter 11 | error = 10.791004 | best_score = 4.1682e+00 | FW gap = 1.0967e+00 | min = 1.0967e+00 |
  IP pricing time: 0.1351 s (solve 0.1341 s, gurobi.runtime 0.1257 s)
Iter 12 | error = 10.563415 | best_score = 3.6122e+00 | FW gap = 7.7864e-01 | min = 7.7864e-01 |
  IP pricing time: 0.2356 s (solve 0.2346 s, gurobi.runtime 0.2232 s)
Iter 13 | error = 10.375306 | best_score = 2.8045e+00 | FW gap = 4.7541e-01 | min = 4.7541e-01 |
  IP pricing time: 0.2807 s (solve 0.2797 s, gurobi.runtime 0.2691 s)
Iter 14 | error = 10.252242 | best_score = 2.5976e+00 | FW gap = 4.2384e-01 | min = 4.2384e-01 |
  IP pricing time: 0.2562 s (solve 0.2550 s, gurobi.runtime 0.2475 s)
Iter 15 | error = 10.151652 | best_score = 2.6876e+00 | FW gap = 4.5784e-01 | min = 4.5784e-01 |
  IP pricing time: 0.0309 s (solve 0.0299 s, gurobi.runtime 0.0204 s)
Iter 16 | error = 10.050295 | best_score = 3.1446e+00 | FW gap = 6.3468e-01 | min = 6.3468e-01 |
  IP pricing time: 0.3305 s (solve 0.3295 s, gurobi.runtime 0.3188 s)
Iter 17 | error = 9.894708 | best_score = 2.4096e+00 | FW gap = 3.9625e-01 | min = 3.9625e-01 |
  IP pricing time: 0.1705 s (solve 0.1695 s, gurobi.runtime 0.1546 s)
Iter 18 | error = 9.793905 | best_score = 2.4733e+00 | FW gap = 4.2144e-01 | min = 4.2144e-01 |
  IP pricing time: 0.2158 s (solve 0.2145 s, gurobi.runtime 0.2039 s)
Iter 19 | error = 9.702109 | best_score = 2.4038e+00 | FW gap = 4.0793e-01 | min = 4.0793e-01 |
  IP pricing time: 0.4236 s (solve 0.4223 s, gurobi.runtime 0.4019 s)
Iter 20 | error = 9.609897 | best_score = 2.0174e+00 | FW gap = 3.1290e-01 | min = 3.1290e-01 |
  IP pricing time: 0.2707 s (solve 0.2697 s, gurobi.runtime 0.2583 s)
Iter 21 | error = 9.534626 | best_score = 1.9512e+00 | FW gap = 3.0110e-01 | min = 3.0110e-01 |
  IP pricing time: 0.2659 s (solve 0.2649 s, gurobi.runtime 0.2540 s)
Iter 22 | error = 9.448862 | best_score = 1.9834e+00 | FW gap = 3.1287e-01 | min = 3.1287e-01 |
  IP pricing time: 0.2953 s (solve 0.2943 s, gurobi.runtime 0.2813 s)
Iter 23 | error = 9.349066 | best_score = 2.0611e+00 | FW gap = 3.3741e-01 | min = 3.3741e-01 |
  IP pricing time: 0.2157 s (solve 0.2147 s, gurobi.runtime 0.2053 s)
Iter 24 | error = 9.264196 | best_score = 2.0104e+00 | FW gap = 3.2923e-01 | min = 3.2923e-01 |
  IP pricing time: 0.4273 s (solve 0.4263 s, gurobi.runtime 0.4149 s)
Iter 25 | error = 9.185304 | best_score = 1.8152e+00 | FW gap = 2.8589e-01 | min = 2.8589e-01 |
  IP pricing time: 0.3208 s (solve 0.3197 s, gurobi.runtime 0.3017 s)
Iter 26 | error = 9.124176 | best_score = 1.6157e+00 | FW gap = 2.4432e-01 | min = 2.4432e-01 |
  IP pricing time: 0.2307 s (solve 0.2296 s, gurobi.runtime 0.2247 s)
Iter 27 | error = 9.076334 | best_score = 1.7283e+00 | FW gap = 2.7085e-01 | min = 2.7085e-01 |
  IP pricing time: 0.3732 s (solve 0.3722 s, gurobi.runtime 0.3528 s)
Iter 28 | error = 9.017053 | best_score = 1.4716e+00 | FW gap = 2.1843e-01 | min = 2.1843e-01 |
  IP pricing time: 0.2443 s (solve 0.2433 s, gurobi.runtime 0.2298 s)
Iter 29 | error = 8.949397 | best_score = 1.3381e+00 | FW gap = 1.9440e-01 | min = 1.9440e-01 |
  IP pricing time: 0.2402 s (solve 0.2392 s, gurobi.runtime 0.2274 s)
Iter 30 | error = 8.909189 | best_score = 1.2655e+00 | FW gap = 1.8187e-01 | min = 1.8187e-01 |
  IP pricing time: 0.2844 s (solve 0.2834 s, gurobi.runtime 0.2756 s)
Iter 31 | error = 8.876553 | best_score = 1.1445e+00 | FW gap = 1.6080e-01 | min = 1.6080e-01 |
  IP pricing time: 0.3920 s (solve 0.3910 s, gurobi.runtime 0.3824 s)
Iter 32 | error = 8.835930 | best_score = 1.1342e+00 | FW gap = 1.5992e-01 | min = 1.5992e-01 |
  IP pricing time: 0.4751 s (solve 0.4741 s, gurobi.runtime 0.4572 s)
Iter 33 | error = 8.801348 | best_score = 1.0721e+00 | FW gap = 1.4982e-01 | min = 1.4982e-01 |
  IP pricing time: 0.5289 s (solve 0.5279 s, gurobi.runtime 0.5142 s)
Iter 34 | error = 8.774101 | best_score = 8.4135e-01 | FW gap = 1.1233e-01 | min = 1.1233e-01 |
  IP pricing time: 0.5472 s (solve 0.5462 s, gurobi.runtime 0.5273 s)
Iter 35 | error = 8.756834 | best_score = 7.6322e-01 | FW gap = 1.0051e-01 | min = 1.0051e-01 |
  IP pricing time: 0.5788 s (solve 0.5778 s, gurobi.runtime 0.5541 s)
Iter 36 | error = 8.744786 | best_score = 6.9497e-01 | FW gap = 9.0404e-02 | min = 9.0404e-02 |
  IP pricing time: 0.5106 s (solve 0.5096 s, gurobi.runtime 0.4990 s)
Iter 37 | error = 8.732302 | best_score = 8.5673e-01 | FW gap = 1.1540e-01 | min = 1.1540e-01 |
  IP pricing time: 0.5608 s (solve 0.5597 s, gurobi.runtime 0.5407 s)
Iter 38 | error = 8.712896 | best_score = 7.1298e-01 | FW gap = 9.3475e-02 | min = 9.3475e-02 |
  IP pricing time: 0.5400 s (solve 0.5388 s, gurobi.runtime 0.5305 s)
Iter 39 | error = 8.688720 | best_score = 8.2523e-01 | FW gap = 1.1108e-01 | min = 1.1108e-01 |
  IP pricing time: 0.5532 s (solve 0.5521 s, gurobi.runtime 0.5384 s)
Iter 40 | error = 8.672242 | best_score = 6.9187e-01 | FW gap = 9.0803e-02 | min = 9.0803e-02 |
  IP pricing time: 0.5801 s (solve 0.5791 s, gurobi.runtime 0.5690 s)
Iter 41 | error = 8.659914 | best_score = 6.0146e-01 | FW gap = 7.7643e-02 | min = 7.7643e-02 |
  IP pricing time: 0.4552 s (solve 0.4542 s, gurobi.runtime 0.4290 s)
Iter 42 | error = 8.648984 | best_score = 7.0157e-01 | FW gap = 9.2542e-02 | min = 9.2542e-02 |
  IP pricing time: 0.5461 s (solve 0.5448 s, gurobi.runtime 0.5194 s)
Iter 43 | error = 8.624406 | best_score = 6.9253e-01 | FW gap = 9.1478e-02 | min = 9.1478e-02 |
  IP pricing time: 0.5628 s (solve 0.5617 s, gurobi.runtime 0.5522 s)
Iter 44 | error = 8.610285 | best_score = 4.8681e-01 | FW gap = 6.1835e-02 | min = 6.1835e-02 |
  IP pricing time: 0.5143 s (solve 0.5133 s, gurobi.runtime 0.5018 s)
Iter 45 | error = 8.603502 | best_score = 4.9566e-01 | FW gap = 6.3122e-02 | min = 6.3122e-02 |
  IP pricing time: 0.6190 s (solve 0.6178 s, gurobi.runtime 0.5992 s)
Iter 46 | error = 8.594571 | best_score = 4.7097e-01 | FW gap = 5.9758e-02 | min = 5.9758e-02 |
  IP pricing time: 0.5023 s (solve 0.5013 s, gurobi.runtime 0.4930 s)
Iter 47 | error = 8.587556 | best_score = 4.7060e-01 | FW gap = 5.9760e-02 | min = 5.9760e-02 |
  IP pricing time: 0.6679 s (solve 0.6667 s, gurobi.runtime 0.6502 s)
Iter 48 | error = 8.582464 | best_score = 4.5449e-01 | FW gap = 5.7571e-02 | min = 5.7571e-02 |
  IP pricing time: 0.6466 s (solve 0.6455 s, gurobi.runtime 0.6200 s)
Iter 49 | error = 8.571934 | best_score = 4.3331e-01 | FW gap = 5.4737e-02 | min = 5.4737e-02 |
  IP pricing time: 0.5696 s (solve 0.5685 s, gurobi.runtime 0.5499 s)
Iter 50 | error = 8.562672 | best_score = 5.0781e-01 | FW gap = 6.5163e-02 | min = 6.5163e-02 |
  IP pricing time: 0.5839 s (solve 0.5829 s, gurobi.runtime 0.5749 s)
Iter 51 | error = 8.547168 | best_score = 4.4887e-01 | FW gap = 5.7052e-02 | min = 5.7052e-02 |
  IP pricing time: 0.5452 s (solve 0.5442 s, gurobi.runtime 0.5373 s)
Iter 52 | error = 8.541631 | best_score = 4.4965e-01 | FW gap = 5.7201e-02 | min = 5.7201e-02 |
  IP pricing time: 0.6412 s (solve 0.6401 s, gurobi.runtime 0.6184 s)
Iter 53 | error = 8.526880 | best_score = 3.9615e-01 | FW gap = 4.9969e-02 | min = 4.9969e-02 |
  IP pricing time: 0.7377 s (solve 0.7367 s, gurobi.runtime 0.7310 s)
Iter 54 | error = 8.522061 | best_score = 3.4908e-01 | FW gap = 4.3664e-02 | min = 4.3664e-02 |
  IP pricing time: 0.5976 s (solve 0.5966 s, gurobi.runtime 0.5866 s)
Iter 55 | error = 8.514771 | best_score = 3.4738e-01 | FW gap = 4.3477e-02 | min = 4.3477e-02 |
  IP pricing time: 0.7624 s (solve 0.7614 s, gurobi.runtime 0.7502 s)
Iter 56 | error = 8.509672 | best_score = 3.3532e-01 | FW gap = 4.1898e-02 | min = 4.1898e-02 |
  IP pricing time: 0.6789 s (solve 0.6779 s, gurobi.runtime 0.6732 s)
Iter 57 | error = 8.503891 | best_score = 2.8621e-01 | FW gap = 3.5457e-02 | min = 3.5457e-02 |
  IP pricing time: 0.7616 s (solve 0.7606 s, gurobi.runtime 0.7411 s)
Iter 58 | error = 8.500472 | best_score = 3.1507e-01 | FW gap = 3.9262e-02 | min = 3.9262e-02 |
  IP pricing time: 0.8133 s (solve 0.8123 s, gurobi.runtime 0.7903 s)
Iter 59 | error = 8.496902 | best_score = 3.1648e-01 | FW gap = 3.9466e-02 | min = 3.9466e-02 |
  IP pricing time: 0.7812 s (solve 0.7801 s, gurobi.runtime 0.7538 s)
Iter 60 | error = 8.494027 | best_score = 2.6098e-01 | FW gap = 3.2218e-02 | min = 3.2218e-02 |
  IP pricing time: 0.7556 s (solve 0.7546 s, gurobi.runtime 0.7360 s)
Iter 61 | error = 8.491388 | best_score = 2.9138e-01 | FW gap = 3.6188e-02 | min = 3.6188e-02 |
  IP pricing time: 0.8561 s (solve 0.8551 s, gurobi.runtime 0.8409 s)
Iter 62 | error = 8.486540 | best_score = 2.2521e-01 | FW gap = 2.7643e-02 | min = 2.7643e-02 |
  IP pricing time: 0.9226 s (solve 0.9216 s, gurobi.runtime 0.9110 s)
Iter 63 | error = 8.484112 | best_score = 2.1340e-01 | FW gap = 2.6144e-02 | min = 2.6144e-02 |
  IP pricing time: 0.8669 s (solve 0.8659 s, gurobi.runtime 0.8576 s)
Iter 64 | error = 8.480590 | best_score = 2.3828e-01 | FW gap = 2.9340e-02 | min = 2.9340e-02 |
  IP pricing time: 1.1243 s (solve 1.1232 s, gurobi.runtime 1.1100 s)
Iter 65 | error = 8.477280 | best_score = 2.5787e-01 | FW gap = 3.1882e-02 | min = 3.1882e-02 |
  IP pricing time: 0.8954 s (solve 0.8943 s, gurobi.runtime 0.8751 s)
Iter 66 | error = 8.473622 | best_score = 2.4222e-01 | FW gap = 2.9873e-02 | min = 2.9873e-02 |
  IP pricing time: 0.7766 s (solve 0.7756 s, gurobi.runtime 0.7535 s)
Iter 67 | error = 8.469450 | best_score = 2.7156e-01 | FW gap = 3.3692e-02 | min = 3.3692e-02 |
  IP pricing time: 0.9524 s (solve 0.9514 s, gurobi.runtime 0.9432 s)
Iter 68 | error = 8.466172 | best_score = 2.1042e-01 | FW gap = 2.5821e-02 | min = 2.5821e-02 |
  IP pricing time: 0.9602 s (solve 0.9592 s, gurobi.runtime 0.9491 s)
Iter 69 | error = 8.462337 | best_score = 2.2753e-01 | FW gap = 2.8022e-02 | min = 2.8022e-02 |
  IP pricing time: 1.0457 s (solve 1.0447 s, gurobi.runtime 1.0315 s)
Iter 70 | error = 8.458991 | best_score = 2.1022e-01 | FW gap = 2.5818e-02 | min = 2.5818e-02 |
  IP pricing time: 0.8889 s (solve 0.8878 s, gurobi.runtime 0.8690 s)
Iter 71 | error = 8.455174 | best_score = 1.9305e-01 | FW gap = 2.3645e-02 | min = 2.3645e-02 |
  IP pricing time: 1.0787 s (solve 1.0776 s, gurobi.runtime 1.0547 s)
Iter 72 | error = 8.453177 | best_score = 1.9951e-01 | FW gap = 2.4471e-02 | min = 2.4471e-02 |
  IP pricing time: 0.9076 s (solve 0.9065 s, gurobi.runtime 0.8806 s)
Iter 73 | error = 8.450965 | best_score = 1.7148e-01 | FW gap = 2.0930e-02 | min = 2.0930e-02 |
  IP pricing time: 1.1544 s (solve 1.1533 s, gurobi.runtime 1.1413 s)
Iter 74 | error = 8.448240 | best_score = 1.8386e-01 | FW gap = 2.2501e-02 | min = 2.2501e-02 |
  IP pricing time: 0.9731 s (solve 0.9721 s, gurobi.runtime 0.9456 s)
Iter 75 | error = 8.446126 | best_score = 1.6946e-01 | FW gap = 2.0688e-02 | min = 2.0688e-02 |
  IP pricing time: 1.3214 s (solve 1.3204 s, gurobi.runtime 1.2922 s)
Iter 76 | error = 8.444357 | best_score = 1.3225e-01 | FW gap = 1.6039e-02 | min = 1.6039e-02 |
  IP pricing time: 1.0629 s (solve 1.0619 s, gurobi.runtime 1.0429 s)
Iter 77 | error = 8.443379 | best_score = 1.3362e-01 | FW gap = 1.6211e-02 | min = 1.6211e-02 |
  IP pricing time: 1.0068 s (solve 1.0057 s, gurobi.runtime 0.9803 s)
Iter 78 | error = 8.441694 | best_score = 1.3615e-01 | FW gap = 1.6529e-02 | min = 1.6529e-02 |
  IP pricing time: 1.2203 s (solve 1.2193 s, gurobi.runtime 1.1967 s)
Iter 79 | error = 8.440132 | best_score = 1.1514e-01 | FW gap = 1.3927e-02 | min = 1.3927e-02 |
  IP pricing time: 1.1683 s (solve 1.1672 s, gurobi.runtime 1.1477 s)
Iter 80 | error = 8.438457 | best_score = 1.2161e-01 | FW gap = 1.4731e-02 | min = 1.4731e-02 |
  IP pricing time: 1.1713 s (solve 1.1700 s, gurobi.runtime 1.1459 s)
Iter 81 | error = 8.437786 | best_score = 1.4249e-01 | FW gap = 1.7327e-02 | min = 1.7327e-02 |
  IP pricing time: 1.3874 s (solve 1.3864 s, gurobi.runtime 1.3622 s)
Iter 82 | error = 8.436106 | best_score = 1.0395e-01 | FW gap = 1.2555e-02 | min = 1.2555e-02 |
  IP pricing time: 1.1372 s (solve 1.1362 s, gurobi.runtime 1.1189 s)
Iter 83 | error = 8.435199 | best_score = 9.7725e-02 | FW gap = 1.1791e-02 | min = 1.1791e-02 |
  IP pricing time: 1.2484 s (solve 1.2474 s, gurobi.runtime 1.2215 s)
Iter 84 | error = 8.434578 | best_score = 8.6109e-02 | FW gap = 1.0368e-02 | min = 1.0368e-02 |
  IP pricing time: 1.2838 s (solve 1.2828 s, gurobi.runtime 1.2565 s)
Iter 85 | error = 8.433413 | best_score = 9.8669e-02 | FW gap = 1.1909e-02 | min = 1.1909e-02 |
  IP pricing time: 1.4027 s (solve 1.4016 s, gurobi.runtime 1.3835 s)
Iter 86 | error = 8.432658 | best_score = 7.6696e-02 | FW gap = 9.2211e-03 | min = 9.2211e-03 |
Convergence Criterion Achieved (min(best_score, FW gap) = 9.2211e-03 < tol 1.0000e-02)
  CG_IP  status=ok  error=8.432658e+00  total=50.98s  iters=86  IP_calls=86  build=0.01s  solve_tot=50.39s  gur_tot=49.11s

========================================================
[3/5] n = 20, seed = 3  (all binary menus)
========================================================
[fractions mode] counts(s) = round(frac(s) * C(n,s))  (total 190 menus).
Generating fake data for n=20 alternatives, 190 menus (Dirichlet probs)...
Generated 380 rows from 190 menus (190 unique).
Menu size distribution actually drawn:
  size 2: 190 menus (100.0%)

n = 20 | 380 observations | 190 unique menus | menu sizes 2..2

  -- CG_IP --  (budget: 604800.0 s)
Starting column generation with 1 initial columns...
Pricing mode: IP
Generating choice sets only (rankings built on-demand)...
Using 380 provided choice sets
✓ 380 choice sets generated (no ranking enumeration needed)

B_IP_pricing_build: 0.00s (nvars=400, ncons=2470)
  IP pricing time: 0.0282 s (solve 0.0272 s, gurobi.runtime 0.0107 s)
Iter 1 | error = 128.170084 | best_score = 1.9427e+02 | FW gap = Inf | min = 1.9427e+02 |
  IP pricing time: 0.0346 s (solve 0.0336 s, gurobi.runtime 0.0294 s)
Iter 2 | error = 28.854657 | best_score = 2.4246e+01 | FW gap = Inf | min = 2.4246e+01 |
  IP pricing time: 0.0219 s (solve 0.0209 s, gurobi.runtime 0.0166 s)
Iter 3 | error = 22.666436 | best_score = 1.9110e+01 | FW gap = Inf | min = 1.9110e+01 |
  IP pricing time: 0.0197 s (solve 0.0187 s, gurobi.runtime 0.0144 s)
Iter 4 | error = 18.623049 | best_score = 1.8783e+01 | FW gap = Inf | min = 1.8783e+01 |
  IP pricing time: 0.0197 s (solve 0.0188 s, gurobi.runtime 0.0148 s)
Iter 5 | error = 14.147356 | best_score = 1.6404e+01 | FW gap = Inf | min = 1.6404e+01 |
  IP pricing time: 0.0194 s (solve 0.0185 s, gurobi.runtime 0.0143 s)
Iter 6 | error = 11.740415 | best_score = 1.1062e+01 | FW gap = Inf | min = 1.1062e+01 |
  IP pricing time: 0.0638 s (solve 0.0629 s, gurobi.runtime 0.0583 s)
Iter 7 | error = 10.568496 | best_score = 7.9711e+00 | FW gap = Inf | min = 7.9711e+00 |
  IP pricing time: 0.0325 s (solve 0.0315 s, gurobi.runtime 0.0272 s)
Iter 8 | error = 9.649242 | best_score = 7.5385e+00 | FW gap = Inf | min = 7.5385e+00 |
  IP pricing time: 0.0228 s (solve 0.0218 s, gurobi.runtime 0.0176 s)
Iter 9 | error = 8.990381 | best_score = 6.5883e+00 | FW gap = Inf | min = 6.5883e+00 |
  IP pricing time: 0.0412 s (solve 0.0403 s, gurobi.runtime 0.0243 s)
Iter 10 | error = 8.524144 | best_score = 4.6331e+00 | FW gap = Inf | min = 4.6331e+00 |
  IP pricing time: 0.1786 s (solve 0.1776 s, gurobi.runtime 0.1694 s)
Iter 11 | error = 8.290405 | best_score = 3.5384e+00 | FW gap = 1.6137e+00 | min = 1.6137e+00 |
  IP pricing time: 0.0274 s (solve 0.0262 s, gurobi.runtime 0.0211 s)
Iter 12 | error = 8.087521 | best_score = 3.6521e+00 | FW gap = 2.2131e+00 | min = 2.2131e+00 |
  IP pricing time: 0.0559 s (solve 0.0548 s, gurobi.runtime 0.0500 s)
Iter 13 | error = 7.864756 | best_score = 3.6085e+00 | FW gap = 2.4845e+00 | min = 2.4845e+00 |
  IP pricing time: 0.0269 s (solve 0.0259 s, gurobi.runtime 0.0216 s)
Iter 14 | error = 7.649806 | best_score = 3.2807e+00 | FW gap = 1.6511e+00 | min = 1.6511e+00 |
  IP pricing time: 0.1138 s (solve 0.1128 s, gurobi.runtime 0.0846 s)
Iter 15 | error = 7.482008 | best_score = 2.9753e+00 | FW gap = 1.2104e+00 | min = 1.2104e+00 |
  IP pricing time: 0.0732 s (solve 0.0722 s, gurobi.runtime 0.0675 s)
Iter 16 | error = 7.362467 | best_score = 2.5676e+00 | FW gap = 8.1813e-01 | min = 8.1813e-01 |
  IP pricing time: 0.1451 s (solve 0.1440 s, gurobi.runtime 0.1324 s)
Iter 17 | error = 7.247823 | best_score = 2.3769e+00 | FW gap = 7.0473e-01 | min = 7.0473e-01 |
  IP pricing time: 0.0266 s (solve 0.0256 s, gurobi.runtime 0.0208 s)
Iter 18 | error = 7.153164 | best_score = 2.6933e+00 | FW gap = 1.0123e+00 | min = 1.0123e+00 |
  IP pricing time: 0.1748 s (solve 0.1738 s, gurobi.runtime 0.1676 s)
Iter 19 | error = 7.030320 | best_score = 1.9876e+00 | FW gap = 5.1694e-01 | min = 5.1694e-01 |
  IP pricing time: 0.3362 s (solve 0.3352 s, gurobi.runtime 0.3248 s)
Iter 20 | error = 6.937355 | best_score = 1.8084e+00 | FW gap = 4.4539e-01 | min = 4.4539e-01 |
  IP pricing time: 0.1501 s (solve 0.1490 s, gurobi.runtime 0.1342 s)
Iter 21 | error = 6.891062 | best_score = 1.7848e+00 | FW gap = 4.4038e-01 | min = 4.4038e-01 |
  IP pricing time: 0.2759 s (solve 0.2749 s, gurobi.runtime 0.2617 s)
Iter 22 | error = 6.842338 | best_score = 1.4886e+00 | FW gap = 3.3051e-01 | min = 3.3051e-01 |
  IP pricing time: 0.1785 s (solve 0.1775 s, gurobi.runtime 0.1645 s)
Iter 23 | error = 6.794646 | best_score = 1.6586e+00 | FW gap = 3.9781e-01 | min = 3.9781e-01 |
  IP pricing time: 0.3285 s (solve 0.3275 s, gurobi.runtime 0.3188 s)
Iter 24 | error = 6.748330 | best_score = 1.3108e+00 | FW gap = 2.7878e-01 | min = 2.7878e-01 |
  IP pricing time: 0.2761 s (solve 0.2751 s, gurobi.runtime 0.2631 s)
Iter 25 | error = 6.696304 | best_score = 1.4296e+00 | FW gap = 3.2103e-01 | min = 3.2103e-01 |
  IP pricing time: 0.4401 s (solve 0.4391 s, gurobi.runtime 0.4330 s)
Iter 26 | error = 6.650428 | best_score = 1.2612e+00 | FW gap = 2.6927e-01 | min = 2.6927e-01 |
  IP pricing time: 0.3614 s (solve 0.3603 s, gurobi.runtime 0.3445 s)
Iter 27 | error = 6.600514 | best_score = 1.1538e+00 | FW gap = 2.3997e-01 | min = 2.3997e-01 |
  IP pricing time: 0.2817 s (solve 0.2807 s, gurobi.runtime 0.2678 s)
Iter 28 | error = 6.561564 | best_score = 1.2975e+00 | FW gap = 2.8616e-01 | min = 2.8616e-01 |
  IP pricing time: 0.3351 s (solve 0.3340 s, gurobi.runtime 0.3104 s)
Iter 29 | error = 6.532966 | best_score = 1.2382e+00 | FW gap = 2.6905e-01 | min = 2.6905e-01 |
  IP pricing time: 0.4583 s (solve 0.4573 s, gurobi.runtime 0.4404 s)
Iter 30 | error = 6.499388 | best_score = 1.1041e+00 | FW gap = 2.3069e-01 | min = 2.3069e-01 |
  IP pricing time: 0.4757 s (solve 0.4747 s, gurobi.runtime 0.4622 s)
Iter 31 | error = 6.474416 | best_score = 1.0302e+00 | FW gap = 2.1111e-01 | min = 2.1111e-01 |
  IP pricing time: 0.2832 s (solve 0.2822 s, gurobi.runtime 0.2647 s)
Iter 32 | error = 6.442480 | best_score = 1.0249e+00 | FW gap = 2.1105e-01 | min = 2.1105e-01 |
  IP pricing time: 0.4638 s (solve 0.4628 s, gurobi.runtime 0.4513 s)
Iter 33 | error = 6.417686 | best_score = 7.9104e-01 | FW gap = 1.5203e-01 | min = 1.5203e-01 |
  IP pricing time: 0.4409 s (solve 0.4399 s, gurobi.runtime 0.4233 s)
Iter 34 | error = 6.398423 | best_score = 9.4340e-01 | FW gap = 1.9088e-01 | min = 1.9088e-01 |
  IP pricing time: 0.2665 s (solve 0.2655 s, gurobi.runtime 0.2481 s)
Iter 35 | error = 6.370307 | best_score = 1.0545e+00 | FW gap = 2.2267e-01 | min = 2.2267e-01 |
  IP pricing time: 0.4491 s (solve 0.4481 s, gurobi.runtime 0.4367 s)
Iter 36 | error = 6.343486 | best_score = 9.2362e-01 | FW gap = 1.8779e-01 | min = 1.8779e-01 |
  IP pricing time: 0.4724 s (solve 0.4714 s, gurobi.runtime 0.4531 s)
Iter 37 | error = 6.324078 | best_score = 9.3032e-01 | FW gap = 1.9032e-01 | min = 1.9032e-01 |
  IP pricing time: 0.4428 s (solve 0.4418 s, gurobi.runtime 0.4255 s)
Iter 38 | error = 6.303794 | best_score = 8.7113e-01 | FW gap = 1.7556e-01 | min = 1.7556e-01 |
  IP pricing time: 0.4643 s (solve 0.4632 s, gurobi.runtime 0.4481 s)
Iter 39 | error = 6.285607 | best_score = 7.8109e-01 | FW gap = 1.5357e-01 | min = 1.5357e-01 |
  IP pricing time: 0.5099 s (solve 0.5088 s, gurobi.runtime 0.5018 s)
Iter 40 | error = 6.270345 | best_score = 6.4961e-01 | FW gap = 1.2310e-01 | min = 1.2310e-01 |
  IP pricing time: 0.4889 s (solve 0.4879 s, gurobi.runtime 0.4732 s)
Iter 41 | error = 6.250482 | best_score = 5.4958e-01 | FW gap = 1.0153e-01 | min = 1.0153e-01 |
  IP pricing time: 0.5710 s (solve 0.5700 s, gurobi.runtime 0.5574 s)
Iter 42 | error = 6.242261 | best_score = 4.8634e-01 | FW gap = 8.8387e-02 | min = 8.8387e-02 |
  IP pricing time: 0.6487 s (solve 0.6473 s, gurobi.runtime 0.6391 s)
Iter 43 | error = 6.232512 | best_score = 4.9618e-01 | FW gap = 9.0584e-02 | min = 9.0584e-02 |
  IP pricing time: 0.4641 s (solve 0.4631 s, gurobi.runtime 0.4502 s)
Iter 44 | error = 6.224024 | best_score = 5.7852e-01 | FW gap = 1.0831e-01 | min = 1.0831e-01 |
  IP pricing time: 0.5096 s (solve 0.5086 s, gurobi.runtime 0.4947 s)
Iter 45 | error = 6.211597 | best_score = 5.1702e-01 | FW gap = 9.5315e-02 | min = 9.5315e-02 |
  IP pricing time: 0.5952 s (solve 0.5941 s, gurobi.runtime 0.5815 s)
Iter 46 | error = 6.204811 | best_score = 4.6991e-01 | FW gap = 8.5590e-02 | min = 8.5590e-02 |
  IP pricing time: 0.4398 s (solve 0.4388 s, gurobi.runtime 0.4337 s)
Iter 47 | error = 6.197431 | best_score = 5.0817e-01 | FW gap = 9.3693e-02 | min = 9.3693e-02 |
  IP pricing time: 0.6043 s (solve 0.6033 s, gurobi.runtime 0.5901 s)
Iter 48 | error = 6.184656 | best_score = 4.3278e-01 | FW gap = 7.8298e-02 | min = 7.8298e-02 |
  IP pricing time: 0.6301 s (solve 0.6291 s, gurobi.runtime 0.6060 s)
Iter 49 | error = 6.177320 | best_score = 4.5748e-01 | FW gap = 8.3453e-02 | min = 8.3453e-02 |
  IP pricing time: 0.7143 s (solve 0.7131 s, gurobi.runtime 0.6915 s)
Iter 50 | error = 6.170694 | best_score = 4.5927e-01 | FW gap = 8.3922e-02 | min = 8.3922e-02 |
  IP pricing time: 0.5949 s (solve 0.5938 s, gurobi.runtime 0.5853 s)
Iter 51 | error = 6.162419 | best_score = 4.2595e-01 | FW gap = 7.7226e-02 | min = 7.7226e-02 |
  IP pricing time: 0.6546 s (solve 0.6536 s, gurobi.runtime 0.6462 s)
Iter 52 | error = 6.155470 | best_score = 3.9804e-01 | FW gap = 7.1700e-02 | min = 7.1700e-02 |
  IP pricing time: 0.7557 s (solve 0.7547 s, gurobi.runtime 0.7429 s)
Iter 53 | error = 6.148601 | best_score = 3.7556e-01 | FW gap = 6.7315e-02 | min = 6.7315e-02 |
  IP pricing time: 0.6169 s (solve 0.6159 s, gurobi.runtime 0.6100 s)
Iter 54 | error = 6.144016 | best_score = 3.9010e-01 | FW gap = 7.0260e-02 | min = 7.0260e-02 |
  IP pricing time: 0.9094 s (solve 0.9084 s, gurobi.runtime 0.8885 s)
Iter 55 | error = 6.138379 | best_score = 2.8256e-01 | FW gap = 4.9475e-02 | min = 4.9475e-02 |
  IP pricing time: 0.9177 s (solve 0.9167 s, gurobi.runtime 0.9085 s)
Iter 56 | error = 6.135925 | best_score = 2.8422e-01 | FW gap = 4.9810e-02 | min = 4.9810e-02 |
  IP pricing time: 0.9649 s (solve 0.9639 s, gurobi.runtime 0.9575 s)
Iter 57 | error = 6.128060 | best_score = 2.7584e-01 | FW gap = 4.8299e-02 | min = 4.8299e-02 |
  IP pricing time: 0.9197 s (solve 0.9185 s, gurobi.runtime 0.9086 s)
Iter 58 | error = 6.123905 | best_score = 3.0215e-01 | FW gap = 5.3320e-02 | min = 5.3320e-02 |
  IP pricing time: 0.9917 s (solve 0.9906 s, gurobi.runtime 0.9825 s)
Iter 59 | error = 6.119912 | best_score = 2.7393e-01 | FW gap = 4.8009e-02 | min = 4.8009e-02 |
  IP pricing time: 1.0011 s (solve 1.0000 s, gurobi.runtime 0.9898 s)
Iter 60 | error = 6.117703 | best_score = 2.4510e-01 | FW gap = 4.2644e-02 | min = 4.2644e-02 |
  IP pricing time: 0.7183 s (solve 0.7172 s, gurobi.runtime 0.6904 s)
Iter 61 | error = 6.112524 | best_score = 3.1221e-01 | FW gap = 5.5357e-02 | min = 5.5357e-02 |
  IP pricing time: 0.9605 s (solve 0.9594 s, gurobi.runtime 0.9371 s)
Iter 62 | error = 6.107356 | best_score = 2.3372e-01 | FW gap = 4.0615e-02 | min = 4.0615e-02 |
  IP pricing time: 1.0065 s (solve 1.0052 s, gurobi.runtime 0.9950 s)
Iter 63 | error = 6.104413 | best_score = 2.4638e-01 | FW gap = 4.2981e-02 | min = 4.2981e-02 |
  IP pricing time: 0.9015 s (solve 0.9005 s, gurobi.runtime 0.8757 s)
Iter 64 | error = 6.101459 | best_score = 2.2180e-01 | FW gap = 3.8463e-02 | min = 3.8463e-02 |
  IP pricing time: 0.9477 s (solve 0.9466 s, gurobi.runtime 0.9379 s)
Iter 65 | error = 6.098015 | best_score = 2.2985e-01 | FW gap = 3.9967e-02 | min = 3.9967e-02 |
  IP pricing time: 0.9171 s (solve 0.9161 s, gurobi.runtime 0.9111 s)
Iter 66 | error = 6.094049 | best_score = 2.1821e-01 | FW gap = 3.7853e-02 | min = 3.7853e-02 |
  IP pricing time: 1.0377 s (solve 1.0366 s, gurobi.runtime 1.0226 s)
Iter 67 | error = 6.091144 | best_score = 2.0721e-01 | FW gap = 3.5859e-02 | min = 3.5859e-02 |
  IP pricing time: 0.8744 s (solve 0.8733 s, gurobi.runtime 0.8560 s)
Iter 68 | error = 6.087738 | best_score = 2.1515e-01 | FW gap = 3.7332e-02 | min = 3.7332e-02 |
  IP pricing time: 0.8373 s (solve 0.8362 s, gurobi.runtime 0.8087 s)
Iter 69 | error = 6.085182 | best_score = 2.2696e-01 | FW gap = 3.9522e-02 | min = 3.9522e-02 |
  IP pricing time: 1.1057 s (solve 1.1047 s, gurobi.runtime 1.0804 s)
Iter 70 | error = 6.082889 | best_score = 1.8681e-01 | FW gap = 3.2202e-02 | min = 3.2202e-02 |
  IP pricing time: 0.8484 s (solve 0.8474 s, gurobi.runtime 0.8214 s)
Iter 71 | error = 6.080128 | best_score = 2.1237e-01 | FW gap = 3.6872e-02 | min = 3.6872e-02 |
  IP pricing time: 0.9833 s (solve 0.9823 s, gurobi.runtime 0.9710 s)
Iter 72 | error = 6.075377 | best_score = 1.7741e-01 | FW gap = 3.0546e-02 | min = 3.0546e-02 |
  IP pricing time: 1.0445 s (solve 1.0435 s, gurobi.runtime 1.0316 s)
Iter 73 | error = 6.071806 | best_score = 1.7420e-01 | FW gap = 2.9987e-02 | min = 2.9987e-02 |
  IP pricing time: 0.8175 s (solve 0.8165 s, gurobi.runtime 0.7951 s)
Iter 74 | error = 6.069597 | best_score = 1.6023e-01 | FW gap = 2.7492e-02 | min = 2.7492e-02 |
  IP pricing time: 1.0775 s (solve 1.0764 s, gurobi.runtime 1.0633 s)
Iter 75 | error = 6.067705 | best_score = 1.4122e-01 | FW gap = 2.4120e-02 | min = 2.4120e-02 |
  IP pricing time: 1.0856 s (solve 1.0845 s, gurobi.runtime 1.0652 s)
Iter 76 | error = 6.066062 | best_score = 1.6270e-01 | FW gap = 2.7951e-02 | min = 2.7951e-02 |
  IP pricing time: 1.0088 s (solve 1.0077 s, gurobi.runtime 0.9908 s)
Iter 77 | error = 6.064156 | best_score = 1.6160e-01 | FW gap = 2.7763e-02 | min = 2.7763e-02 |
  IP pricing time: 1.3589 s (solve 1.3578 s, gurobi.runtime 1.3392 s)
Iter 78 | error = 6.062519 | best_score = 1.2802e-01 | FW gap = 2.1811e-02 | min = 2.1811e-02 |
  IP pricing time: 1.2217 s (solve 1.2205 s, gurobi.runtime 1.1958 s)
Iter 79 | error = 6.059956 | best_score = 1.4374e-01 | FW gap = 2.4598e-02 | min = 2.4598e-02 |
  IP pricing time: 1.2638 s (solve 1.2627 s, gurobi.runtime 1.2364 s)
Iter 80 | error = 6.058389 | best_score = 1.5153e-01 | FW gap = 2.5991e-02 | min = 2.5991e-02 |
  IP pricing time: 1.0591 s (solve 1.0581 s, gurobi.runtime 1.0386 s)
Iter 81 | error = 6.056800 | best_score = 1.4344e-01 | FW gap = 2.4559e-02 | min = 2.4559e-02 |
  IP pricing time: 1.0218 s (solve 1.0208 s, gurobi.runtime 1.0004 s)
Iter 82 | error = 6.055613 | best_score = 1.4312e-01 | FW gap = 2.4506e-02 | min = 2.4506e-02 |
  IP pricing time: 1.1884 s (solve 1.1874 s, gurobi.runtime 1.1634 s)
Iter 83 | error = 6.053346 | best_score = 1.0738e-01 | FW gap = 1.8226e-02 | min = 1.8226e-02 |
  IP pricing time: 1.1033 s (solve 1.1023 s, gurobi.runtime 1.0713 s)
Iter 84 | error = 6.052048 | best_score = 1.3320e-01 | FW gap = 2.2763e-02 | min = 2.2763e-02 |
  IP pricing time: 1.0798 s (solve 1.0786 s, gurobi.runtime 1.0536 s)
Iter 85 | error = 6.050844 | best_score = 1.1525e-01 | FW gap = 1.9609e-02 | min = 1.9609e-02 |
  IP pricing time: 1.1114 s (solve 1.1102 s, gurobi.runtime 1.0926 s)
Iter 86 | error = 6.049377 | best_score = 1.3274e-01 | FW gap = 2.2693e-02 | min = 2.2693e-02 |
  IP pricing time: 1.1773 s (solve 1.1761 s, gurobi.runtime 1.1583 s)
Iter 87 | error = 6.047194 | best_score = 1.1224e-01 | FW gap = 1.9094e-02 | min = 1.9094e-02 |
  IP pricing time: 1.1815 s (solve 1.1802 s, gurobi.runtime 1.1541 s)
Iter 88 | error = 6.046175 | best_score = 1.1255e-01 | FW gap = 1.9151e-02 | min = 1.9151e-02 |
  IP pricing time: 1.0942 s (solve 1.0931 s, gurobi.runtime 1.0699 s)
Iter 89 | error = 6.044701 | best_score = 1.2762e-01 | FW gap = 2.1805e-02 | min = 2.1805e-02 |
  IP pricing time: 1.3021 s (solve 1.3010 s, gurobi.runtime 1.2748 s)
Iter 90 | error = 6.043517 | best_score = 1.2614e-01 | FW gap = 2.1549e-02 | min = 2.1549e-02 |
  IP pricing time: 1.1800 s (solve 1.1790 s, gurobi.runtime 1.1611 s)
Iter 91 | error = 6.041396 | best_score = 1.0752e-01 | FW gap = 1.8287e-02 | min = 1.8287e-02 |
  IP pricing time: 1.1949 s (solve 1.1938 s, gurobi.runtime 1.1685 s)
Iter 92 | error = 6.040357 | best_score = 1.1122e-01 | FW gap = 1.8938e-02 | min = 1.8938e-02 |
  IP pricing time: 1.2051 s (solve 1.2041 s, gurobi.runtime 1.1799 s)
Iter 93 | error = 6.039578 | best_score = 9.7259e-02 | FW gap = 1.6503e-02 | min = 1.6503e-02 |
  IP pricing time: 1.3267 s (solve 1.3257 s, gurobi.runtime 1.3071 s)
Iter 94 | error = 6.038829 | best_score = 7.6938e-02 | FW gap = 1.2989e-02 | min = 1.2989e-02 |
  IP pricing time: 1.2720 s (solve 1.2710 s, gurobi.runtime 1.2465 s)
Iter 95 | error = 6.037213 | best_score = 7.5437e-02 | FW gap = 1.2735e-02 | min = 1.2735e-02 |
  IP pricing time: 1.1731 s (solve 1.1721 s, gurobi.runtime 1.1486 s)
Iter 96 | error = 6.036852 | best_score = 8.4281e-02 | FW gap = 1.4260e-02 | min = 1.4260e-02 |
  IP pricing time: 1.2301 s (solve 1.2291 s, gurobi.runtime 1.2082 s)
Iter 97 | error = 6.035449 | best_score = 9.3181e-02 | FW gap = 1.5806e-02 | min = 1.5806e-02 |
  IP pricing time: 1.1778 s (solve 1.1768 s, gurobi.runtime 1.1605 s)
Iter 98 | error = 6.034010 | best_score = 7.6235e-02 | FW gap = 1.2879e-02 | min = 1.2879e-02 |
  IP pricing time: 1.2305 s (solve 1.2295 s, gurobi.runtime 1.2099 s)
Iter 99 | error = 6.033546 | best_score = 7.3454e-02 | FW gap = 1.2401e-02 | min = 1.2401e-02 |
  IP pricing time: 1.2253 s (solve 1.2243 s, gurobi.runtime 1.1994 s)
Iter 100 | error = 6.032582 | best_score = 6.2122e-02 | FW gap = 1.0460e-02 | min = 1.0460e-02 |
  IP pricing time: 1.1104 s (solve 1.1093 s, gurobi.runtime 1.0834 s)
Iter 101 | error = 6.032157 | best_score = 6.9178e-02 | FW gap = 1.1669e-02 | min = 1.1669e-02 |
  IP pricing time: 1.2514 s (solve 1.2503 s, gurobi.runtime 1.2322 s)
Iter 102 | error = 6.031606 | best_score = 5.6743e-02 | FW gap = 9.5424e-03 | min = 9.5424e-03 |
Convergence Criterion Achieved (min(best_score, FW gap) = 9.5424e-03 < tol 1.0000e-02)
  CG_IP  status=ok  error=6.031606e+00  total=69.29s  iters=102  IP_calls=102  build=0.00s  solve_tot=68.62s  gur_tot=67.08s

========================================================
[4/5] n = 20, seed = 4  (all binary menus)
========================================================
[fractions mode] counts(s) = round(frac(s) * C(n,s))  (total 190 menus).
Generating fake data for n=20 alternatives, 190 menus (Dirichlet probs)...
Generated 380 rows from 190 menus (190 unique).
Menu size distribution actually drawn:
  size 2: 190 menus (100.0%)

n = 20 | 380 observations | 190 unique menus | menu sizes 2..2

  -- CG_IP --  (budget: 604800.0 s)
Starting column generation with 1 initial columns...
Pricing mode: IP
Generating choice sets only (rankings built on-demand)...
Using 380 provided choice sets
✓ 380 choice sets generated (no ranking enumeration needed)

B_IP_pricing_build: 0.00s (nvars=400, ncons=2470)
  IP pricing time: 0.0414 s (solve 0.0404 s, gurobi.runtime 0.0106 s)
Iter 1 | error = 115.228795 | best_score = 1.7773e+02 | FW gap = Inf | min = 1.7773e+02 |
  IP pricing time: 0.0491 s (solve 0.0481 s, gurobi.runtime 0.0437 s)
Iter 2 | error = 32.105024 | best_score = 2.3470e+01 | FW gap = Inf | min = 2.3470e+01 |
  IP pricing time: 0.0219 s (solve 0.0209 s, gurobi.runtime 0.0167 s)
Iter 3 | error = 26.065270 | best_score = 2.0313e+01 | FW gap = Inf | min = 2.0313e+01 |
  IP pricing time: 0.0211 s (solve 0.0199 s, gurobi.runtime 0.0156 s)
Iter 4 | error = 21.527312 | best_score = 2.0080e+01 | FW gap = Inf | min = 2.0080e+01 |
  IP pricing time: 0.0221 s (solve 0.0210 s, gurobi.runtime 0.0163 s)
Iter 5 | error = 15.923255 | best_score = 1.6794e+01 | FW gap = Inf | min = 1.6794e+01 |
  IP pricing time: 0.0638 s (solve 0.0628 s, gurobi.runtime 0.0581 s)
Iter 6 | error = 13.372072 | best_score = 8.9919e+00 | FW gap = Inf | min = 8.9919e+00 |
  IP pricing time: 0.0280 s (solve 0.0270 s, gurobi.runtime 0.0231 s)
Iter 7 | error = 12.461359 | best_score = 9.1093e+00 | FW gap = Inf | min = 9.1093e+00 |
  IP pricing time: 0.0240 s (solve 0.0229 s, gurobi.runtime 0.0184 s)
Iter 8 | error = 11.637030 | best_score = 6.7916e+00 | FW gap = Inf | min = 6.7916e+00 |
  IP pricing time: 0.0611 s (solve 0.0601 s, gurobi.runtime 0.0552 s)
Iter 9 | error = 11.033232 | best_score = 5.3147e+00 | FW gap = 4.2273e+00 | min = 4.2273e+00 |
  IP pricing time: 0.2509 s (solve 0.2498 s, gurobi.runtime 0.2308 s)
Iter 10 | error = 10.672584 | best_score = 4.6183e+00 | FW gap = 1.7262e+00 | min = 1.7262e+00 |
  IP pricing time: 0.0356 s (solve 0.0345 s, gurobi.runtime 0.0251 s)
Iter 11 | error = 10.357538 | best_score = 4.4205e+00 | FW gap = 1.6134e+00 | min = 1.6134e+00 |
  IP pricing time: 0.1784 s (solve 0.1774 s, gurobi.runtime 0.1710 s)
Iter 12 | error = 10.116544 | best_score = 3.1525e+00 | FW gap = 6.2918e-01 | min = 6.2918e-01 |
  IP pricing time: 0.1753 s (solve 0.1743 s, gurobi.runtime 0.1666 s)
Iter 13 | error = 9.982943 | best_score = 3.0994e+00 | FW gap = 6.2420e-01 | min = 6.2420e-01 |
  IP pricing time: 0.2860 s (solve 0.2848 s, gurobi.runtime 0.2723 s)
Iter 14 | error = 9.835882 | best_score = 2.5387e+00 | FW gap = 4.3772e-01 | min = 4.3772e-01 |
  IP pricing time: 0.1012 s (solve 0.1001 s, gurobi.runtime 0.0954 s)
Iter 15 | error = 9.734866 | best_score = 2.6294e+00 | FW gap = 4.7476e-01 | min = 4.7476e-01 |
  IP pricing time: 0.2758 s (solve 0.2747 s, gurobi.runtime 0.2610 s)
Iter 16 | error = 9.616336 | best_score = 2.2564e+00 | FW gap = 3.7268e-01 | min = 3.7268e-01 |
  IP pricing time: 0.1586 s (solve 0.1576 s, gurobi.runtime 0.1496 s)
Iter 17 | error = 9.528256 | best_score = 2.6382e+00 | FW gap = 4.9697e-01 | min = 4.9697e-01 |
  IP pricing time: 0.1008 s (solve 0.0997 s, gurobi.runtime 0.0954 s)
Iter 18 | error = 9.387255 | best_score = 2.6051e+00 | FW gap = 4.9912e-01 | min = 4.9912e-01 |
  IP pricing time: 0.3772 s (solve 0.3760 s, gurobi.runtime 0.3664 s)
Iter 19 | error = 9.272855 | best_score = 2.0392e+00 | FW gap = 3.3608e-01 | min = 3.3608e-01 |
  IP pricing time: 0.1702 s (solve 0.1689 s, gurobi.runtime 0.1526 s)
Iter 20 | error = 9.207977 | best_score = 2.1563e+00 | FW gap = 3.7146e-01 | min = 3.7146e-01 |
  IP pricing time: 0.2289 s (solve 0.2279 s, gurobi.runtime 0.2172 s)
Iter 21 | error = 9.137037 | best_score = 1.7765e+00 | FW gap = 2.7918e-01 | min = 2.7918e-01 |
  IP pricing time: 0.3564 s (solve 0.3554 s, gurobi.runtime 0.3393 s)
Iter 22 | error = 9.066192 | best_score = 1.5807e+00 | FW gap = 2.3910e-01 | min = 2.3910e-01 |
  IP pricing time: 0.4426 s (solve 0.4415 s, gurobi.runtime 0.4274 s)
Iter 23 | error = 9.024687 | best_score = 1.3247e+00 | FW gap = 1.8979e-01 | min = 1.8979e-01 |
  IP pricing time: 0.4635 s (solve 0.4625 s, gurobi.runtime 0.4506 s)
Iter 24 | error = 8.986904 | best_score = 1.1574e+00 | FW gap = 1.6058e-01 | min = 1.6058e-01 |
  IP pricing time: 0.2741 s (solve 0.2731 s, gurobi.runtime 0.2613 s)
Iter 25 | error = 8.951941 | best_score = 1.3786e+00 | FW gap = 2.0211e-01 | min = 2.0211e-01 |
  IP pricing time: 0.2961 s (solve 0.2951 s, gurobi.runtime 0.2816 s)
Iter 26 | error = 8.909911 | best_score = 1.4178e+00 | FW gap = 2.1112e-01 | min = 2.1112e-01 |
  IP pricing time: 0.4807 s (solve 0.4796 s, gurobi.runtime 0.4688 s)
Iter 27 | error = 8.868360 | best_score = 1.1892e+00 | FW gap = 1.6896e-01 | min = 1.6896e-01 |
  IP pricing time: 0.5186 s (solve 0.5175 s, gurobi.runtime 0.5070 s)
Iter 28 | error = 8.838637 | best_score = 1.0124e+00 | FW gap = 1.3894e-01 | min = 1.3894e-01 |
  IP pricing time: 0.3529 s (solve 0.3518 s, gurobi.runtime 0.3386 s)
Iter 29 | error = 8.810954 | best_score = 1.1735e+00 | FW gap = 1.6751e-01 | min = 1.6751e-01 |
  IP pricing time: 0.4546 s (solve 0.4535 s, gurobi.runtime 0.4402 s)
Iter 30 | error = 8.763298 | best_score = 1.1000e+00 | FW gap = 1.5551e-01 | min = 1.5551e-01 |
  IP pricing time: 0.5036 s (solve 0.5026 s, gurobi.runtime 0.4881 s)
Iter 31 | error = 8.727867 | best_score = 1.1464e+00 | FW gap = 1.6461e-01 | min = 1.6461e-01 |
  IP pricing time: 0.6521 s (solve 0.6511 s, gurobi.runtime 0.6406 s)
Iter 32 | error = 8.695524 | best_score = 7.9318e-01 | FW gap = 1.0596e-01 | min = 1.0596e-01 |
  IP pricing time: 0.6796 s (solve 0.6786 s, gurobi.runtime 0.6664 s)
Iter 33 | error = 8.680269 | best_score = 8.8196e-01 | FW gap = 1.2028e-01 | min = 1.2028e-01 |
  IP pricing time: 0.5276 s (solve 0.5266 s, gurobi.runtime 0.5078 s)
Iter 34 | error = 8.655211 | best_score = 9.7931e-01 | FW gap = 1.3687e-01 | min = 1.3687e-01 |
  IP pricing time: 0.5151 s (solve 0.5141 s, gurobi.runtime 0.5040 s)
Iter 35 | error = 8.628985 | best_score = 1.0268e+00 | FW gap = 1.4556e-01 | min = 1.4556e-01 |
  IP pricing time: 0.4946 s (solve 0.4936 s, gurobi.runtime 0.4818 s)
Iter 36 | error = 8.603721 | best_score = 9.1839e-01 | FW gap = 1.2758e-01 | min = 1.2758e-01 |
  IP pricing time: 0.5951 s (solve 0.5941 s, gurobi.runtime 0.5853 s)
Iter 37 | error = 8.575665 | best_score = 8.2015e-01 | FW gap = 1.1199e-01 | min = 1.1199e-01 |
  IP pricing time: 0.6931 s (solve 0.6921 s, gurobi.runtime 0.6806 s)
Iter 38 | error = 8.554066 | best_score = 7.1160e-01 | FW gap = 9.5255e-02 | min = 9.5255e-02 |
  IP pricing time: 0.7900 s (solve 0.7890 s, gurobi.runtime 0.7726 s)
Iter 39 | error = 8.537245 | best_score = 5.8660e-01 | FW gap = 7.6715e-02 | min = 7.6715e-02 |
  IP pricing time: 0.5639 s (solve 0.5629 s, gurobi.runtime 0.5473 s)
Iter 40 | error = 8.529014 | best_score = 7.3944e-01 | FW gap = 9.9894e-02 | min = 9.9894e-02 |
  IP pricing time: 0.8274 s (solve 0.8264 s, gurobi.runtime 0.8087 s)
Iter 41 | error = 8.514499 | best_score = 5.3005e-01 | FW gap = 6.8743e-02 | min = 6.8743e-02 |
  IP pricing time: 0.6035 s (solve 0.6024 s, gurobi.runtime 0.5844 s)
Iter 42 | error = 8.504655 | best_score = 5.7769e-01 | FW gap = 7.5736e-02 | min = 7.5736e-02 |
  IP pricing time: 0.7296 s (solve 0.7286 s, gurobi.runtime 0.7219 s)
Iter 43 | error = 8.496802 | best_score = 5.0393e-01 | FW gap = 6.5166e-02 | min = 6.5166e-02 |
  IP pricing time: 0.7683 s (solve 0.7671 s, gurobi.runtime 0.7529 s)
Iter 44 | error = 8.483233 | best_score = 4.6625e-01 | FW gap = 5.9952e-02 | min = 5.9952e-02 |
  IP pricing time: 0.8636 s (solve 0.8626 s, gurobi.runtime 0.8510 s)
Iter 45 | error = 8.477015 | best_score = 3.8203e-01 | FW gap = 4.8362e-02 | min = 4.8362e-02 |
  IP pricing time: 0.9853 s (solve 0.9842 s, gurobi.runtime 0.9602 s)
Iter 46 | error = 8.473231 | best_score = 4.0651e-01 | FW gap = 5.1730e-02 | min = 5.1730e-02 |
  IP pricing time: 1.1273 s (solve 1.1263 s, gurobi.runtime 1.1147 s)
Iter 47 | error = 8.468221 | best_score = 3.2281e-01 | FW gap = 4.0449e-02 | min = 4.0449e-02 |
  IP pricing time: 1.1380 s (solve 1.1370 s, gurobi.runtime 1.1267 s)
Iter 48 | error = 8.463245 | best_score = 3.3326e-01 | FW gap = 4.1867e-02 | min = 4.1867e-02 |
  IP pricing time: 0.9607 s (solve 0.9596 s, gurobi.runtime 0.9400 s)
Iter 49 | error = 8.459027 | best_score = 3.4068e-01 | FW gap = 4.2883e-02 | min = 4.2883e-02 |
  IP pricing time: 0.9606 s (solve 0.9595 s, gurobi.runtime 0.9507 s)
Iter 50 | error = 8.453933 | best_score = 3.4501e-01 | FW gap = 4.3492e-02 | min = 4.3492e-02 |
  IP pricing time: 1.1372 s (solve 1.1361 s, gurobi.runtime 1.1150 s)
Iter 51 | error = 8.448891 | best_score = 2.9320e-01 | FW gap = 3.6620e-02 | min = 3.6620e-02 |
  IP pricing time: 1.0113 s (solve 1.0103 s, gurobi.runtime 0.9904 s)
Iter 52 | error = 8.443146 | best_score = 3.0893e-01 | FW gap = 3.8729e-02 | min = 3.8729e-02 |
  IP pricing time: 1.0186 s (solve 1.0175 s, gurobi.runtime 0.9942 s)
Iter 53 | error = 8.439200 | best_score = 3.2191e-01 | FW gap = 4.0475e-02 | min = 4.0475e-02 |
  IP pricing time: 1.0459 s (solve 1.0449 s, gurobi.runtime 1.0216 s)
Iter 54 | error = 8.434950 | best_score = 3.8060e-01 | FW gap = 4.8424e-02 | min = 4.8424e-02 |
  IP pricing time: 1.1469 s (solve 1.1459 s, gurobi.runtime 1.1207 s)
Iter 55 | error = 8.427887 | best_score = 2.5279e-01 | FW gap = 3.1415e-02 | min = 3.1415e-02 |
  IP pricing time: 1.1561 s (solve 1.1550 s, gurobi.runtime 1.1282 s)
Iter 56 | error = 8.424482 | best_score = 2.7374e-01 | FW gap = 3.4169e-02 | min = 3.4169e-02 |
  IP pricing time: 1.1507 s (solve 1.1494 s, gurobi.runtime 1.1259 s)
Iter 57 | error = 8.419094 | best_score = 2.6216e-01 | FW gap = 3.2674e-02 | min = 3.2674e-02 |
  IP pricing time: 1.3799 s (solve 1.3786 s, gurobi.runtime 1.3515 s)
Iter 58 | error = 8.416017 | best_score = 2.8150e-01 | FW gap = 3.5226e-02 | min = 3.5226e-02 |
  IP pricing time: 1.3462 s (solve 1.3451 s, gurobi.runtime 1.3342 s)
Iter 59 | error = 8.413143 | best_score = 2.4312e-01 | FW gap = 3.0213e-02 | min = 3.0213e-02 |
  IP pricing time: 1.2240 s (solve 1.2230 s, gurobi.runtime 1.1977 s)
Iter 60 | error = 8.409654 | best_score = 2.1804e-01 | FW gap = 2.6981e-02 | min = 2.6981e-02 |
  IP pricing time: 1.3433 s (solve 1.3423 s, gurobi.runtime 1.3183 s)
Iter 61 | error = 8.407320 | best_score = 2.0019e-01 | FW gap = 2.4697e-02 | min = 2.4697e-02 |
  IP pricing time: 1.1861 s (solve 1.1850 s, gurobi.runtime 1.1617 s)
Iter 62 | error = 8.402009 | best_score = 2.6010e-01 | FW gap = 3.2473e-02 | min = 3.2473e-02 |
  IP pricing time: 1.0875 s (solve 1.0862 s, gurobi.runtime 1.0648 s)
Iter 63 | error = 8.398835 | best_score = 2.3921e-01 | FW gap = 2.9759e-02 | min = 2.9759e-02 |
  IP pricing time: 1.3192 s (solve 1.3180 s, gurobi.runtime 1.2954 s)
Iter 64 | error = 8.395855 | best_score = 2.2174e-01 | FW gap = 2.7505e-02 | min = 2.7505e-02 |
  IP pricing time: 1.4405 s (solve 1.4394 s, gurobi.runtime 1.4020 s)
Iter 65 | error = 8.392795 | best_score = 2.1611e-01 | FW gap = 2.6789e-02 | min = 2.6789e-02 |
  IP pricing time: 1.2692 s (solve 1.2682 s, gurobi.runtime 1.2487 s)
Iter 66 | error = 8.390779 | best_score = 2.1076e-01 | FW gap = 2.6106e-02 | min = 2.6106e-02 |
  IP pricing time: 1.4183 s (solve 1.4172 s, gurobi.runtime 1.3912 s)
Iter 67 | error = 8.388962 | best_score = 2.0672e-01 | FW gap = 2.5592e-02 | min = 2.5592e-02 |
  IP pricing time: 1.1759 s (solve 1.1749 s, gurobi.runtime 1.1552 s)
Iter 68 | error = 8.387037 | best_score = 2.0261e-01 | FW gap = 2.5070e-02 | min = 2.5070e-02 |
  IP pricing time: 1.3936 s (solve 1.3925 s, gurobi.runtime 1.3680 s)
Iter 69 | error = 8.382917 | best_score = 1.8081e-01 | FW gap = 2.2292e-02 | min = 2.2292e-02 |
  IP pricing time: 1.3128 s (solve 1.3115 s, gurobi.runtime 1.2939 s)
Iter 70 | error = 8.380489 | best_score = 2.0646e-01 | FW gap = 2.5585e-02 | min = 2.5585e-02 |
  IP pricing time: 1.2408 s (solve 1.2397 s, gurobi.runtime 1.2214 s)
Iter 71 | error = 8.377429 | best_score = 2.0381e-01 | FW gap = 2.5254e-02 | min = 2.5254e-02 |
  IP pricing time: 1.4662 s (solve 1.4651 s, gurobi.runtime 1.4482 s)
Iter 72 | error = 8.374776 | best_score = 1.7561e-01 | FW gap = 2.1653e-02 | min = 2.1653e-02 |
  IP pricing time: 1.3483 s (solve 1.3471 s, gurobi.runtime 1.3281 s)
Iter 73 | error = 8.372476 | best_score = 2.0620e-01 | FW gap = 2.5577e-02 | min = 2.5577e-02 |
  IP pricing time: 1.4018 s (solve 1.4007 s, gurobi.runtime 1.3780 s)
Iter 74 | error = 8.370714 | best_score = 1.4515e-01 | FW gap = 1.7804e-02 | min = 1.7804e-02 |
  IP pricing time: 1.3766 s (solve 1.3755 s, gurobi.runtime 1.3554 s)
Iter 75 | error = 8.369243 | best_score = 1.6097e-01 | FW gap = 1.9807e-02 | min = 1.9807e-02 |
  IP pricing time: 1.3513 s (solve 1.3502 s, gurobi.runtime 1.3240 s)
Iter 76 | error = 8.368241 | best_score = 1.6084e-01 | FW gap = 1.9793e-02 | min = 1.9793e-02 |
  IP pricing time: 1.4644 s (solve 1.4633 s, gurobi.runtime 1.4378 s)
Iter 77 | error = 8.365475 | best_score = 1.2070e-01 | FW gap = 1.4748e-02 | min = 1.4748e-02 |
  IP pricing time: 1.8995 s (solve 1.8985 s, gurobi.runtime 1.8723 s)
Iter 78 | error = 8.364063 | best_score = 1.2496e-01 | FW gap = 1.5283e-02 | min = 1.5283e-02 |
  IP pricing time: 1.4422 s (solve 1.4410 s, gurobi.runtime 1.4159 s)
Iter 79 | error = 8.362925 | best_score = 1.2492e-01 | FW gap = 1.5280e-02 | min = 1.5280e-02 |
  IP pricing time: 1.6668 s (solve 1.6657 s, gurobi.runtime 1.6429 s)
Iter 80 | error = 8.361779 | best_score = 1.0316e-01 | FW gap = 1.2570e-02 | min = 1.2570e-02 |
  IP pricing time: 1.5666 s (solve 1.5655 s, gurobi.runtime 1.5491 s)
Iter 81 | error = 8.360731 | best_score = 1.2396e-01 | FW gap = 1.5164e-02 | min = 1.5164e-02 |
  IP pricing time: 1.5132 s (solve 1.5115 s, gurobi.runtime 1.4872 s)
Iter 82 | error = 8.358950 | best_score = 1.2760e-01 | FW gap = 1.5624e-02 | min = 1.5624e-02 |
  IP pricing time: 1.7360 s (solve 1.7349 s, gurobi.runtime 1.7120 s)
Iter 83 | error = 8.357901 | best_score = 9.5573e-02 | FW gap = 1.1635e-02 | min = 1.1635e-02 |
  IP pricing time: 1.5581 s (solve 1.5571 s, gurobi.runtime 1.5369 s)
Iter 84 | error = 8.357185 | best_score = 9.6639e-02 | FW gap = 1.1768e-02 | min = 1.1768e-02 |
  IP pricing time: 1.5826 s (solve 1.5814 s, gurobi.runtime 1.5589 s)
Iter 85 | error = 8.355905 | best_score = 1.0872e-01 | FW gap = 1.3271e-02 | min = 1.3271e-02 |
  IP pricing time: 2.6248 s (solve 2.6236 s, gurobi.runtime 2.6016 s)
Iter 86 | error = 8.355158 | best_score = 8.0139e-02 | FW gap = 9.7318e-03 | min = 9.7318e-03 |
Convergence Criterion Achieved (min(best_score, FW gap) = 9.7318e-03 < tol 1.0000e-02)
  CG_IP  status=ok  error=8.355158e+00  total=71.52s  iters=86  IP_calls=86  build=0.00s  solve_tot=71.00s  gur_tot=69.61s

========================================================
[5/5] n = 20, seed = 5  (all binary menus)
========================================================
[fractions mode] counts(s) = round(frac(s) * C(n,s))  (total 190 menus).
Generating fake data for n=20 alternatives, 190 menus (Dirichlet probs)...
Generated 380 rows from 190 menus (190 unique).
Menu size distribution actually drawn:
  size 2: 190 menus (100.0%)

n = 20 | 380 observations | 190 unique menus | menu sizes 2..2

  -- CG_IP --  (budget: 604800.0 s)
Starting column generation with 1 initial columns...
Pricing mode: IP
Generating choice sets only (rankings built on-demand)...
Using 380 provided choice sets
✓ 380 choice sets generated (no ranking enumeration needed)

B_IP_pricing_build: 0.01s (nvars=400, ncons=2470)
  IP pricing time: 0.0274 s (solve 0.0265 s, gurobi.runtime 0.0100 s)
Iter 1 | error = 125.776311 | best_score = 1.8877e+02 | FW gap = Inf | min = 1.8877e+02 |
  IP pricing time: 0.0507 s (solve 0.0497 s, gurobi.runtime 0.0443 s)
Iter 2 | error = 31.997471 | best_score = 2.4903e+01 | FW gap = Inf | min = 2.4903e+01 |
  IP pricing time: 0.0231 s (solve 0.0221 s, gurobi.runtime 0.0173 s)
Iter 3 | error = 25.451492 | best_score = 2.1145e+01 | FW gap = Inf | min = 2.1145e+01 |
  IP pricing time: 0.0199 s (solve 0.0189 s, gurobi.runtime 0.0144 s)
Iter 4 | error = 20.537625 | best_score = 2.0319e+01 | FW gap = Inf | min = 2.0319e+01 |
  IP pricing time: 0.0305 s (solve 0.0295 s, gurobi.runtime 0.0249 s)
Iter 5 | error = 15.134985 | best_score = 1.7356e+01 | FW gap = Inf | min = 1.7356e+01 |
  IP pricing time: 0.0308 s (solve 0.0298 s, gurobi.runtime 0.0201 s)
Iter 6 | error = 12.473331 | best_score = 9.1478e+00 | FW gap = Inf | min = 9.1478e+00 |
  IP pricing time: 0.0974 s (solve 0.0964 s, gurobi.runtime 0.0874 s)
Iter 7 | error = 11.685599 | best_score = 7.0156e+00 | FW gap = Inf | min = 7.0156e+00 |
  IP pricing time: 0.0274 s (solve 0.0264 s, gurobi.runtime 0.0186 s)
Iter 8 | error = 11.161047 | best_score = 7.5218e+00 | FW gap = Inf | min = 7.5218e+00 |
  IP pricing time: 0.0257 s (solve 0.0247 s, gurobi.runtime 0.0165 s)
Iter 9 | error = 10.414844 | best_score = 6.0356e+00 | FW gap = Inf | min = 6.0356e+00 |
  IP pricing time: 0.0823 s (solve 0.0813 s, gurobi.runtime 0.0625 s)
Iter 10 | error = 9.962717 | best_score = 4.9197e+00 | FW gap = 7.9901e+00 | min = 4.9197e+00 |
  IP pricing time: 0.1181 s (solve 0.1171 s, gurobi.runtime 0.1080 s)
Iter 11 | error = 9.631196 | best_score = 4.1095e+00 | FW gap = 1.6114e+00 | min = 1.6114e+00 |
  IP pricing time: 0.0975 s (solve 0.0965 s, gurobi.runtime 0.0916 s)
Iter 12 | error = 9.417004 | best_score = 3.8502e+00 | FW gap = 1.3422e+00 | min = 1.3422e+00 |
  IP pricing time: 0.2257 s (solve 0.2246 s, gurobi.runtime 0.2127 s)
Iter 13 | error = 9.225864 | best_score = 3.0171e+00 | FW gap = 7.0017e-01 | min = 7.0017e-01 |
  IP pricing time: 0.0881 s (solve 0.0871 s, gurobi.runtime 0.0769 s)
Iter 14 | error = 9.114673 | best_score = 3.0396e+00 | FW gap = 7.3285e-01 | min = 7.3285e-01 |
  IP pricing time: 0.0976 s (solve 0.0966 s, gurobi.runtime 0.0914 s)
Iter 15 | error = 8.957762 | best_score = 2.4538e+00 | FW gap = 4.8716e-01 | min = 4.8716e-01 |
  IP pricing time: 0.1553 s (solve 0.1543 s, gurobi.runtime 0.1468 s)
Iter 16 | error = 8.867201 | best_score = 2.6459e+00 | FW gap = 5.7482e-01 | min = 5.7482e-01 |
  IP pricing time: 0.0582 s (solve 0.0572 s, gurobi.runtime 0.0526 s)
Iter 17 | error = 8.744247 | best_score = 2.4870e+00 | FW gap = 5.2291e-01 | min = 5.2291e-01 |
  IP pricing time: 0.1453 s (solve 0.1443 s, gurobi.runtime 0.1331 s)
Iter 18 | error = 8.626837 | best_score = 2.0092e+00 | FW gap = 3.6819e-01 | min = 3.6819e-01 |
  IP pricing time: 0.2949 s (solve 0.2939 s, gurobi.runtime 0.2798 s)
Iter 19 | error = 8.543502 | best_score = 1.6428e+00 | FW gap = 2.7471e-01 | min = 2.7471e-01 |
  IP pricing time: 0.2055 s (solve 0.2045 s, gurobi.runtime 0.1985 s)
Iter 20 | error = 8.507944 | best_score = 1.8082e+00 | FW gap = 3.1884e-01 | min = 3.1884e-01 |
  IP pricing time: 0.1494 s (solve 0.1484 s, gurobi.runtime 0.1329 s)
Iter 21 | error = 8.445035 | best_score = 1.6946e+00 | FW gap = 2.9242e-01 | min = 2.9242e-01 |
  IP pricing time: 0.2764 s (solve 0.2754 s, gurobi.runtime 0.2647 s)
Iter 22 | error = 8.394653 | best_score = 1.3447e+00 | FW gap = 2.1301e-01 | min = 2.1301e-01 |
  IP pricing time: 0.1069 s (solve 0.1059 s, gurobi.runtime 0.0960 s)
Iter 23 | error = 8.362865 | best_score = 1.4580e+00 | FW gap = 2.3909e-01 | min = 2.3909e-01 |
  IP pricing time: 0.2863 s (solve 0.2853 s, gurobi.runtime 0.2793 s)
Iter 24 | error = 8.307301 | best_score = 1.2335e+00 | FW gap = 1.9264e-01 | min = 1.9264e-01 |
  IP pricing time: 0.2660 s (solve 0.2650 s, gurobi.runtime 0.2547 s)
Iter 25 | error = 8.273629 | best_score = 1.2366e+00 | FW gap = 1.9432e-01 | min = 1.9432e-01 |
  IP pricing time: 0.2863 s (solve 0.2852 s, gurobi.runtime 0.2718 s)
Iter 26 | error = 8.245019 | best_score = 1.2999e+00 | FW gap = 2.0853e-01 | min = 2.0853e-01 |
  IP pricing time: 0.2883 s (solve 0.2872 s, gurobi.runtime 0.2811 s)
Iter 27 | error = 8.197675 | best_score = 1.2136e+00 | FW gap = 1.9190e-01 | min = 1.9190e-01 |
  IP pricing time: 0.2358 s (solve 0.2348 s, gurobi.runtime 0.2290 s)
Iter 28 | error = 8.164786 | best_score = 1.1411e+00 | FW gap = 1.7812e-01 | min = 1.7812e-01 |
  IP pricing time: 0.4053 s (solve 0.4043 s, gurobi.runtime 0.3950 s)
Iter 29 | error = 8.142113 | best_score = 1.0150e+00 | FW gap = 1.5417e-01 | min = 1.5417e-01 |
  IP pricing time: 0.3923 s (solve 0.3913 s, gurobi.runtime 0.3757 s)
Iter 30 | error = 8.117842 | best_score = 1.0772e+00 | FW gap = 1.6674e-01 | min = 1.6674e-01 |
  IP pricing time: 0.4602 s (solve 0.4591 s, gurobi.runtime 0.4542 s)
Iter 31 | error = 8.087575 | best_score = 8.6423e-01 | FW gap = 1.2775e-01 | min = 1.2775e-01 |
  IP pricing time: 0.4591 s (solve 0.4579 s, gurobi.runtime 0.4407 s)
Iter 32 | error = 8.069381 | best_score = 8.1289e-01 | FW gap = 1.1907e-01 | min = 1.1907e-01 |
  IP pricing time: 0.4458 s (solve 0.4448 s, gurobi.runtime 0.4342 s)
Iter 33 | error = 8.053427 | best_score = 9.0486e-01 | FW gap = 1.3572e-01 | min = 1.3572e-01 |
  IP pricing time: 0.5538 s (solve 0.5528 s, gurobi.runtime 0.5409 s)
Iter 34 | error = 8.031423 | best_score = 7.4676e-01 | FW gap = 1.0835e-01 | min = 1.0835e-01 |
  IP pricing time: 0.4420 s (solve 0.4410 s, gurobi.runtime 0.4294 s)
Iter 35 | error = 8.017799 | best_score = 7.5641e-01 | FW gap = 1.1021e-01 | min = 1.1021e-01 |
  IP pricing time: 0.4666 s (solve 0.4656 s, gurobi.runtime 0.4524 s)
Iter 36 | error = 7.999615 | best_score = 7.1671e-01 | FW gap = 1.0377e-01 | min = 1.0377e-01 |
  IP pricing time: 0.5886 s (solve 0.5873 s, gurobi.runtime 0.5708 s)
Iter 37 | error = 7.982974 | best_score = 5.4967e-01 | FW gap = 7.6895e-02 | min = 7.6895e-02 |
  IP pricing time: 0.5182 s (solve 0.5172 s, gurobi.runtime 0.5044 s)
Iter 38 | error = 7.975698 | best_score = 6.2244e-01 | FW gap = 8.8555e-02 | min = 8.8555e-02 |
  IP pricing time: 0.5561 s (solve 0.5551 s, gurobi.runtime 0.5448 s)
Iter 39 | error = 7.962566 | best_score = 5.7980e-01 | FW gap = 8.1876e-02 | min = 8.1876e-02 |
  IP pricing time: 0.5102 s (solve 0.5092 s, gurobi.runtime 0.4947 s)
Iter 40 | error = 7.950129 | best_score = 5.7166e-01 | FW gap = 8.0725e-02 | min = 8.0725e-02 |
  IP pricing time: 0.4704 s (solve 0.4694 s, gurobi.runtime 0.4556 s)
Iter 41 | error = 7.935204 | best_score = 5.8363e-01 | FW gap = 8.2805e-02 | min = 8.2805e-02 |
  IP pricing time: 0.5216 s (solve 0.5206 s, gurobi.runtime 0.5076 s)
Iter 42 | error = 7.921380 | best_score = 5.4736e-01 | FW gap = 7.7200e-02 | min = 7.7200e-02 |
  IP pricing time: 0.5605 s (solve 0.5592 s, gurobi.runtime 0.5504 s)
Iter 43 | error = 7.909741 | best_score = 6.0487e-01 | FW gap = 8.6534e-02 | min = 8.6534e-02 |
  IP pricing time: 0.5996 s (solve 0.5986 s, gurobi.runtime 0.5878 s)
Iter 44 | error = 7.897457 | best_score = 5.0057e-01 | FW gap = 7.0127e-02 | min = 7.0127e-02 |
  IP pricing time: 0.5948 s (solve 0.5938 s, gurobi.runtime 0.5749 s)
Iter 45 | error = 7.889061 | best_score = 5.4333e-01 | FW gap = 7.6915e-02 | min = 7.6915e-02 |
  IP pricing time: 0.5136 s (solve 0.5125 s, gurobi.runtime 0.5019 s)
Iter 46 | error = 7.879867 | best_score = 4.7032e-01 | FW gap = 6.5623e-02 | min = 6.5623e-02 |
  IP pricing time: 0.6874 s (solve 0.6861 s, gurobi.runtime 0.6744 s)
Iter 47 | error = 7.872397 | best_score = 3.7608e-01 | FW gap = 5.1492e-02 | min = 5.1492e-02 |
  IP pricing time: 0.4896 s (solve 0.4886 s, gurobi.runtime 0.4834 s)
Iter 48 | error = 7.865490 | best_score = 4.8131e-01 | FW gap = 6.7452e-02 | min = 6.7452e-02 |
  IP pricing time: 0.6358 s (solve 0.6346 s, gurobi.runtime 0.6275 s)
Iter 49 | error = 7.855941 | best_score = 3.7617e-01 | FW gap = 5.1623e-02 | min = 5.1623e-02 |
  IP pricing time: 0.8309 s (solve 0.8298 s, gurobi.runtime 0.8062 s)
Iter 50 | error = 7.849817 | best_score = 3.2634e-01 | FW gap = 4.4359e-02 | min = 4.4359e-02 |
  IP pricing time: 0.9199 s (solve 0.9189 s, gurobi.runtime 0.9056 s)
Iter 51 | error = 7.845783 | best_score = 3.4641e-01 | FW gap = 4.7309e-02 | min = 4.7309e-02 |
  IP pricing time: 1.0441 s (solve 1.0431 s, gurobi.runtime 1.0288 s)
Iter 52 | error = 7.835604 | best_score = 2.7610e-01 | FW gap = 3.7216e-02 | min = 3.7216e-02 |
  IP pricing time: 1.0540 s (solve 1.0529 s, gurobi.runtime 1.0271 s)
Iter 53 | error = 7.830291 | best_score = 2.6175e-01 | FW gap = 3.5203e-02 | min = 3.5203e-02 |
  IP pricing time: 0.7720 s (solve 0.7710 s, gurobi.runtime 0.7651 s)
Iter 54 | error = 7.825587 | best_score = 2.6073e-01 | FW gap = 3.5081e-02 | min = 3.5081e-02 |
  IP pricing time: 0.9245 s (solve 0.9235 s, gurobi.runtime 0.9019 s)
Iter 55 | error = 7.819896 | best_score = 2.9205e-01 | FW gap = 3.9578e-02 | min = 3.9578e-02 |
  IP pricing time: 0.8049 s (solve 0.8037 s, gurobi.runtime 0.7927 s)
Iter 56 | error = 7.815150 | best_score = 2.9391e-01 | FW gap = 3.9871e-02 | min = 3.9871e-02 |
  IP pricing time: 0.8599 s (solve 0.8588 s, gurobi.runtime 0.8508 s)
Iter 57 | error = 7.808824 | best_score = 3.0183e-01 | FW gap = 4.1048e-02 | min = 4.1048e-02 |
  IP pricing time: 0.9592 s (solve 0.9582 s, gurobi.runtime 0.9364 s)
Iter 58 | error = 7.803972 | best_score = 2.7500e-01 | FW gap = 3.7217e-02 | min = 3.7217e-02 |
  IP pricing time: 0.8711 s (solve 0.8700 s, gurobi.runtime 0.8620 s)
Iter 59 | error = 7.797398 | best_score = 3.1972e-01 | FW gap = 4.3710e-02 | min = 4.3710e-02 |
  IP pricing time: 0.8775 s (solve 0.8765 s, gurobi.runtime 0.8569 s)
Iter 60 | error = 7.790033 | best_score = 2.8918e-01 | FW gap = 3.9325e-02 | min = 3.9325e-02 |
  IP pricing time: 0.9079 s (solve 0.9069 s, gurobi.runtime 0.8946 s)
Iter 61 | error = 7.784933 | best_score = 2.9444e-01 | FW gap = 4.0113e-02 | min = 4.0113e-02 |
  IP pricing time: 0.8731 s (solve 0.8720 s, gurobi.runtime 0.8632 s)
Iter 62 | error = 7.781693 | best_score = 2.5954e-01 | FW gap = 3.5120e-02 | min = 3.5120e-02 |
  IP pricing time: 0.9413 s (solve 0.9402 s, gurobi.runtime 0.9169 s)
Iter 63 | error = 7.775694 | best_score = 2.4958e-01 | FW gap = 3.3730e-02 | min = 3.3730e-02 |
  IP pricing time: 1.1333 s (solve 1.1323 s, gurobi.runtime 1.1244 s)
Iter 64 | error = 7.773293 | best_score = 2.3166e-01 | FW gap = 3.1204e-02 | min = 3.1204e-02 |
  IP pricing time: 1.0848 s (solve 1.0836 s, gurobi.runtime 1.0626 s)
Iter 65 | error = 7.769505 | best_score = 2.1661e-01 | FW gap = 2.9102e-02 | min = 2.9102e-02 |
  IP pricing time: 1.3053 s (solve 1.3042 s, gurobi.runtime 1.2849 s)
Iter 66 | error = 7.766386 | best_score = 2.4030e-01 | FW gap = 3.2455e-02 | min = 3.2455e-02 |
  IP pricing time: 1.0212 s (solve 1.0201 s, gurobi.runtime 1.0013 s)
Iter 67 | error = 7.763916 | best_score = 2.1339e-01 | FW gap = 2.8673e-02 | min = 2.8673e-02 |
  IP pricing time: 1.2397 s (solve 1.2387 s, gurobi.runtime 1.2168 s)
Iter 68 | error = 7.761697 | best_score = 2.1358e-01 | FW gap = 2.8708e-02 | min = 2.8708e-02 |
  IP pricing time: 1.0419 s (solve 1.0408 s, gurobi.runtime 1.0139 s)
Iter 69 | error = 7.758854 | best_score = 2.0194e-01 | FW gap = 2.7089e-02 | min = 2.7089e-02 |
  IP pricing time: 1.1584 s (solve 1.1574 s, gurobi.runtime 1.1341 s)
Iter 70 | error = 7.756482 | best_score = 1.8084e-01 | FW gap = 2.4163e-02 | min = 2.4163e-02 |
  IP pricing time: 1.1144 s (solve 1.1132 s, gurobi.runtime 1.0898 s)
Iter 71 | error = 7.753731 | best_score = 1.6220e-01 | FW gap = 2.1599e-02 | min = 2.1599e-02 |
  IP pricing time: 1.1207 s (solve 1.1196 s, gurobi.runtime 1.0976 s)
Iter 72 | error = 7.750788 | best_score = 1.8056e-01 | FW gap = 2.4143e-02 | min = 2.4143e-02 |
  IP pricing time: 1.2073 s (solve 1.2062 s, gurobi.runtime 1.1818 s)
Iter 73 | error = 7.748645 | best_score = 1.5562e-01 | FW gap = 2.0710e-02 | min = 2.0710e-02 |
  IP pricing time: 1.2977 s (solve 1.2965 s, gurobi.runtime 1.2726 s)
Iter 74 | error = 7.747445 | best_score = 1.3707e-01 | FW gap = 1.8176e-02 | min = 1.8176e-02 |
  IP pricing time: 1.5539 s (solve 1.5526 s, gurobi.runtime 1.5272 s)
Iter 75 | error = 7.746119 | best_score = 1.5431e-01 | FW gap = 2.0536e-02 | min = 2.0536e-02 |
  IP pricing time: 1.3275 s (solve 1.3263 s, gurobi.runtime 1.3066 s)
Iter 76 | error = 7.744532 | best_score = 1.3314e-01 | FW gap = 1.7648e-02 | min = 1.7648e-02 |
  IP pricing time: 1.3134 s (solve 1.3123 s, gurobi.runtime 1.2934 s)
Iter 77 | error = 7.743397 | best_score = 1.3496e-01 | FW gap = 1.7899e-02 | min = 1.7899e-02 |
  IP pricing time: 1.6812 s (solve 1.6802 s, gurobi.runtime 1.6584 s)
Iter 78 | error = 7.741873 | best_score = 1.2208e-01 | FW gap = 1.6152e-02 | min = 1.6152e-02 |
  IP pricing time: 2.3736 s (solve 2.3721 s, gurobi.runtime 2.3471 s)
Iter 79 | error = 7.741245 | best_score = 1.0971e-01 | FW gap = 1.4481e-02 | min = 1.4481e-02 |
  IP pricing time: 1.8070 s (solve 1.8059 s, gurobi.runtime 1.7963 s)
Iter 80 | error = 7.740440 | best_score = 1.1593e-01 | FW gap = 1.5322e-02 | min = 1.5322e-02 |
  IP pricing time: 1.3481 s (solve 1.3471 s, gurobi.runtime 1.3260 s)
Iter 81 | error = 7.738455 | best_score = 1.0898e-01 | FW gap = 1.4388e-02 | min = 1.4388e-02 |
  IP pricing time: 1.5240 s (solve 1.5230 s, gurobi.runtime 1.5028 s)
Iter 82 | error = 7.737712 | best_score = 1.1120e-01 | FW gap = 1.4688e-02 | min = 1.4688e-02 |
  IP pricing time: 1.4403 s (solve 1.4393 s, gurobi.runtime 1.4196 s)
Iter 83 | error = 7.736636 | best_score = 1.1243e-01 | FW gap = 1.4856e-02 | min = 1.4856e-02 |
  IP pricing time: 1.6338 s (solve 1.6327 s, gurobi.runtime 1.6091 s)
Iter 84 | error = 7.735729 | best_score = 9.1282e-02 | FW gap = 1.2013e-02 | min = 1.2013e-02 |
  IP pricing time: 1.5080 s (solve 1.5070 s, gurobi.runtime 1.4826 s)
Iter 85 | error = 7.734714 | best_score = 1.0120e-01 | FW gap = 1.3347e-02 | min = 1.3347e-02 |
  IP pricing time: 1.9215 s (solve 1.9202 s, gurobi.runtime 1.8978 s)
Iter 86 | error = 7.734053 | best_score = 1.0191e-01 | FW gap = 1.3443e-02 | min = 1.3443e-02 |
  IP pricing time: 1.2508 s (solve 1.2497 s, gurobi.runtime 1.2240 s)
Iter 87 | error = 7.733398 | best_score = 9.5557e-02 | FW gap = 1.2590e-02 | min = 1.2590e-02 |
  IP pricing time: 2.2385 s (solve 2.2374 s, gurobi.runtime 2.2164 s)
Iter 88 | error = 7.731185 | best_score = 9.2250e-02 | FW gap = 1.2150e-02 | min = 1.2150e-02 |
  IP pricing time: 2.5826 s (solve 2.5816 s, gurobi.runtime 2.5584 s)
Iter 89 | error = 7.730685 | best_score = 8.5479e-02 | FW gap = 1.1244e-02 | min = 1.1244e-02 |
  IP pricing time: 1.5216 s (solve 1.5205 s, gurobi.runtime 1.5018 s)
Iter 90 | error = 7.729644 | best_score = 9.3851e-02 | FW gap = 1.2367e-02 | min = 1.2367e-02 |
  IP pricing time: 1.5662 s (solve 1.5652 s, gurobi.runtime 1.5415 s)
Iter 91 | error = 7.729068 | best_score = 9.4328e-02 | FW gap = 1.2432e-02 | min = 1.2432e-02 |
  IP pricing time: 2.3213 s (solve 2.3199 s, gurobi.runtime 2.2975 s)
Iter 92 | error = 7.728370 | best_score = 7.2626e-02 | FW gap = 9.5319e-03 | min = 9.5319e-03 |
Convergence Criterion Achieved (min(best_score, FW gap) = 9.5319e-03 < tol 1.0000e-02)
  CG_IP  status=ok  error=7.728370e+00  total=71.46s  iters=92  IP_calls=92  build=0.01s  solve_tot=70.85s  gur_tot=69.51s

========================================================
Done. n = 20, 5 seed(s).
Summary: /vast/palmer/home.grace/hc654/Random-Utility-Models/feasibility_analysis_binary_menus/results_runs/run_summary_n020.csv
Details: /vast/palmer/home.grace/hc654/Random-Utility-Models/feasibility_analysis_binary_menus/results_runs/run_details_n020.mat
========================================================
