SLURM_JOBID:  58254290
SLURM_ARRAY_TASK_ID:  49
SLURM_ARRAY_JOB_ID:  58254188
Gurobi shell based on Python 3.12.3 can be launched with command `gurobi.sh`
Gurobi Python Interface can be loaded in Python 3.12.3 with 'import gurobipy'
RUM estimation on all-binary-menu synthetic data (n = 49)
Running 5 seeds. Outputs:
  /vast/palmer/home.grace/hc654/Random-Utility-Models/feasibility_analysis_binary_menus/results_runs/run_summary_n049.csv
  /vast/palmer/home.grace/hc654/Random-Utility-Models/feasibility_analysis_binary_menus/results_runs/run_log_n049.txt
  /vast/palmer/home.grace/hc654/Random-Utility-Models/feasibility_analysis_binary_menus/results_runs/run_details_n049.mat
  /vast/palmer/home.grace/hc654/Random-Utility-Models/feasibility_analysis_binary_menus/results_runs/run_iptimes_n049.csv

Host: r816u29n04.grace.ycrc.yale.edu
CPU:  Intel(R) Xeon(R) Gold 6342 CPU @ 2.80GHz
OS:   GLNXA64 | logical cores: 4 | MATLAB: 23.2.0.2428915 (R2023b) Update 4


========================================================
[1/5] n = 49, seed = 1  (all binary menus)
========================================================
[fractions mode] counts(s) = round(frac(s) * C(n,s))  (total 1176 menus).
Generating fake data for n=49 alternatives, 1176 menus (Dirichlet probs)...
Generated 2352 rows from 1176 menus (1176 unique).
Menu size distribution actually drawn:
  size 2: 1176 menus (100.0%)

n = 49 | 2352 observations | 1176 unique menus | menu sizes 2..2

  -- CG_IP --  (budget: 604800.0 s)
Starting column generation with 1 initial columns...
Pricing mode: IP
Generating choice sets only (rankings built on-demand)...
Using 2352 provided choice sets
✓ 2352 choice sets generated (no ranking enumeration needed)

B_IP_pricing_build: 0.04s (nvars=2401, ncons=38024)
  IP pricing time: 0.3612 s (solve 0.3329 s, gurobi.runtime 0.2985 s)
Iter 1 | error = 787.276062 | best_score = 1179.7067 |
 